=== BIAS2true_seed2 ===
{
  "gpu": "5",
  "cfg": "sweep/BIAS2true_seed2.json",
  "name": "BIAS2true_seed2",
  "out": "runs",
  "force": false,
  "seed": 2,
  "ckpt": false,
  "dim": 32,
  "dim_mults": [
    1,
    2,
    4
  ],
  "channel": 3,
  "compile": true,
  "lr": 0.001,
  "iters": 10000,
  "eval_every": 500,
  "eval_batches": 100,
  "batch_size": 16,
  "workers": 6,
  "eval_workers": 3,
  "size": 224,
  "weights": [
    0.8,
    0.1,
    0.1
  ],
  "simulated": true,
  "tone": true,
  "npz_dir": "/home/damien/data_fivek_dng/simulated_biaised2",
  "t_key": "true_t",
  "ev_jitter": [
    -1.9,
    0.9
  ],
  "pixel": 1.0,
  "perceptual": 0.1,
  "gradient": 0.1
}
1.3 M paramètres  |  device cuda  |  CUDA_VISIBLE_DEVICES=5
it      0  loss 0.4052  lr 4.00e-05    1.0 min  |  PSNR mixture->modèle, SSIM : postcard 20.81->20.85 ssim 0.864  solid 24.02->24.06 ssim 0.891  wild 24.79->24.83 ssim 0.893  nature20 20.62->20.64 ssim 0.828  real20 18.78->18.81 ssim 0.756
it    500  loss 0.4493  lr 1.04e-04    1.8 min  |  PSNR mixture->modèle, SSIM : postcard 20.81->22.09 ssim 0.864  solid 24.02->24.59 ssim 0.906  wild 24.79->25.46 ssim 0.902  nature20 20.62->21.24 ssim 0.834  real20 18.78->19.75 ssim 0.774
it   1000  loss 0.4472  lr 2.80e-04    2.6 min  |  PSNR mixture->modèle, SSIM : postcard 20.81->21.19 ssim 0.848  solid 24.02->23.80 ssim 0.901  wild 24.79->25.39 ssim 0.901  nature20 20.62->21.23 ssim 0.834  real20 18.78->19.80 ssim 0.775
it   1500  loss 0.4568  lr 5.20e-04    3.4 min  |  PSNR mixture->modèle, SSIM : postcard 20.81->21.51 ssim 0.856  solid 24.02->23.85 ssim 0.904  wild 24.79->24.97 ssim 0.892  nature20 20.62->21.17 ssim 0.830  real20 18.78->19.86 ssim 0.777
it   2000  loss 0.4540  lr 7.60e-04    4.3 min  |  PSNR mixture->modèle, SSIM : postcard 20.81->19.71 ssim 0.828  solid 24.02->22.94 ssim 0.898  wild 24.79->25.08 ssim 0.899  nature20 20.62->21.38 ssim 0.833  real20 18.78->19.91 ssim 0.775
it   2500  loss 0.4557  lr 9.36e-04    5.1 min  |  PSNR mixture->modèle, SSIM : postcard 20.81->19.36 ssim 0.816  solid 24.02->22.08 ssim 0.885  wild 24.79->25.07 ssim 0.900  nature20 20.62->21.45 ssim 0.832  real20 18.78->19.95 ssim 0.779
it   3000  loss 0.4382  lr 1.00e-03    5.9 min  |  PSNR mixture->modèle, SSIM : postcard 20.81->18.25 ssim 0.806  solid 24.02->21.89 ssim 0.886  wild 24.79->24.93 ssim 0.898  nature20 20.62->21.67 ssim 0.834  real20 18.78->19.91 ssim 0.779
it   3500  loss 0.3801  lr 9.88e-04    6.8 min  |  PSNR mixture->modèle, SSIM : postcard 20.81->19.54 ssim 0.818  solid 24.02->22.76 ssim 0.893  wild 24.79->25.25 ssim 0.900  nature20 20.62->21.61 ssim 0.837  real20 18.78->19.95 ssim 0.778
it   4000  loss 0.3864  lr 9.51e-04    7.6 min  |  PSNR mixture->modèle, SSIM : postcard 20.81->18.81 ssim 0.820  solid 24.02->23.21 ssim 0.896  wild 24.79->25.57 ssim 0.904  nature20 20.62->21.84 ssim 0.834  real20 18.78->20.26 ssim 0.780
it   4500  loss 0.4229  lr 8.91e-04    8.4 min  |  PSNR mixture->modèle, SSIM : postcard 20.81->19.13 ssim 0.816  solid 24.02->24.50 ssim 0.905  wild 24.79->25.40 ssim 0.904  nature20 20.62->21.93 ssim 0.836  real20 18.78->20.28 ssim 0.781
it   5000  loss 0.4207  lr 8.12e-04    9.2 min  |  PSNR mixture->modèle, SSIM : postcard 20.81->20.88 ssim 0.845  solid 24.02->25.23 ssim 0.911  wild 24.79->25.43 ssim 0.904  nature20 20.62->22.13 ssim 0.838  real20 18.78->20.27 ssim 0.782
it   5500  loss 0.4162  lr 7.18e-04   10.1 min  |  PSNR mixture->modèle, SSIM : postcard 20.81->20.87 ssim 0.848  solid 24.02->25.49 ssim 0.914  wild 24.79->25.51 ssim 0.908  nature20 20.62->22.25 ssim 0.839  real20 18.78->20.30 ssim 0.780
it   6000  loss 0.3583  lr 6.12e-04   10.9 min  |  PSNR mixture->modèle, SSIM : postcard 20.81->21.23 ssim 0.849  solid 24.02->25.52 ssim 0.915  wild 24.79->25.61 ssim 0.906  nature20 20.62->22.12 ssim 0.838  real20 18.78->20.43 ssim 0.777
it   6500  loss 0.3889  lr 5.01e-04   11.7 min  |  PSNR mixture->modèle, SSIM : postcard 20.81->18.40 ssim 0.811  solid 24.02->25.25 ssim 0.914  wild 24.79->25.64 ssim 0.907  nature20 20.62->22.39 ssim 0.842  real20 18.78->20.47 ssim 0.780
it   7000  loss 0.3866  lr 3.90e-04   12.6 min  |  PSNR mixture->modèle, SSIM : postcard 20.81->19.96 ssim 0.824  solid 24.02->25.14 ssim 0.912  wild 24.79->25.60 ssim 0.908  nature20 20.62->22.01 ssim 0.839  real20 18.78->20.34 ssim 0.778
it   7500  loss 0.3784  lr 2.84e-04   13.4 min  |  PSNR mixture->modèle, SSIM : postcard 20.81->18.78 ssim 0.814  solid 24.02->25.67 ssim 0.915  wild 24.79->25.64 ssim 0.909  nature20 20.62->22.19 ssim 0.840  real20 18.78->20.59 ssim 0.781
it   8000  loss 0.3516  lr 1.89e-04   14.2 min  |  PSNR mixture->modèle, SSIM : postcard 20.81->19.81 ssim 0.824  solid 24.02->25.79 ssim 0.917  wild 24.79->25.49 ssim 0.908  nature20 20.62->22.09 ssim 0.840  real20 18.78->20.48 ssim 0.780
it   8500  loss 0.4283  lr 1.10e-04   15.1 min  |  PSNR mixture->modèle, SSIM : postcard 20.81->18.96 ssim 0.818  solid 24.02->25.56 ssim 0.915  wild 24.79->25.48 ssim 0.909  nature20 20.62->22.22 ssim 0.843  real20 18.78->20.53 ssim 0.779
it   9000  loss 0.3892  lr 5.02e-05   15.9 min  |  PSNR mixture->modèle, SSIM : postcard 20.81->19.55 ssim 0.826  solid 24.02->25.62 ssim 0.917  wild 24.79->25.66 ssim 0.909  nature20 20.62->22.29 ssim 0.843  real20 18.78->20.58 ssim 0.782
it   9500  loss 0.3975  lr 1.29e-05   16.7 min  |  PSNR mixture->modèle, SSIM : postcard 20.81->19.02 ssim 0.816  solid 24.02->25.52 ssim 0.916  wild 24.79->25.54 ssim 0.908  nature20 20.62->22.18 ssim 0.843  real20 18.78->20.67 ssim 0.783
it  10000  FIN  17.6 min  |  postcard 20.81->19.49 ssim 0.824  solid 24.02->25.64 ssim 0.916  wild 24.79->25.60 ssim 0.909  nature20 20.62->22.21 ssim 0.843  real20 18.78->20.72 ssim 0.783
