=== BIAS1_seed1 ===
{
  "gpu": "5",
  "cfg": "sweep/BIAS1_seed1.json",
  "name": "BIAS1_seed1",
  "out": "runs",
  "force": false,
  "seed": 1,
  "ckpt": false,
  "dim": 32,
  "dim_mults": [
    1,
    2,
    4
  ],
  "channel": 3,
  "compile": true,
  "lr": 0.001,
  "iters": 10000,
  "eval_every": 500,
  "eval_batches": 100,
  "batch_size": 16,
  "workers": 6,
  "eval_workers": 3,
  "size": 224,
  "weights": [
    0.8,
    0.1,
    0.1
  ],
  "simulated": true,
  "tone": true,
  "npz_dir": "/home/damien/data_fivek_dng/simulated_biaised1",
  "t_key": "t",
  "ev_jitter": [
    -1.9,
    0.9
  ],
  "pixel": 1.0,
  "perceptual": 0.1,
  "gradient": 0.1
}
1.3 M paramètres  |  device cuda  |  CUDA_VISIBLE_DEVICES=5
it      0  loss 0.4108  lr 4.00e-05    1.0 min  |  PSNR mixture->modèle, SSIM : postcard 20.81->20.85 ssim 0.864  solid 24.02->24.06 ssim 0.891  wild 24.79->24.83 ssim 0.894  nature20 20.62->20.64 ssim 0.828  real20 18.78->18.81 ssim 0.756
it    500  loss 0.4388  lr 1.04e-04    1.8 min  |  PSNR mixture->modèle, SSIM : postcard 20.81->21.76 ssim 0.860  solid 24.02->23.21 ssim 0.899  wild 24.79->24.84 ssim 0.897  nature20 20.62->21.07 ssim 0.830  real20 18.78->19.81 ssim 0.774
it   1000  loss 0.3765  lr 2.80e-04    2.6 min  |  PSNR mixture->modèle, SSIM : postcard 20.81->20.46 ssim 0.851  solid 24.02->22.33 ssim 0.898  wild 24.79->24.60 ssim 0.901  nature20 20.62->21.04 ssim 0.833  real20 18.78->19.83 ssim 0.773
it   1500  loss 0.4910  lr 5.20e-04    3.4 min  |  PSNR mixture->modèle, SSIM : postcard 20.81->22.10 ssim 0.858  solid 24.02->24.06 ssim 0.907  wild 24.79->25.16 ssim 0.902  nature20 20.62->21.13 ssim 0.834  real20 18.78->19.76 ssim 0.775
it   2000  loss 0.4401  lr 7.60e-04    4.3 min  |  PSNR mixture->modèle, SSIM : postcard 20.81->21.37 ssim 0.856  solid 24.02->23.60 ssim 0.906  wild 24.79->25.12 ssim 0.902  nature20 20.62->21.38 ssim 0.835  real20 18.78->19.82 ssim 0.776
it   2500  loss 0.3960  lr 9.36e-04    5.1 min  |  PSNR mixture->modèle, SSIM : postcard 20.81->19.01 ssim 0.822  solid 24.02->22.27 ssim 0.894  wild 24.79->24.74 ssim 0.897  nature20 20.62->21.33 ssim 0.828  real20 18.78->20.04 ssim 0.778
it   3000  loss 0.4451  lr 1.00e-03    5.9 min  |  PSNR mixture->modèle, SSIM : postcard 20.81->21.82 ssim 0.862  solid 24.02->24.86 ssim 0.906  wild 24.79->25.61 ssim 0.903  nature20 20.62->21.47 ssim 0.835  real20 18.78->19.79 ssim 0.772
it   3500  loss 0.3679  lr 9.88e-04    6.8 min  |  PSNR mixture->modèle, SSIM : postcard 20.81->19.19 ssim 0.830  solid 24.02->24.90 ssim 0.911  wild 24.79->25.50 ssim 0.904  nature20 20.62->21.75 ssim 0.833  real20 18.78->20.17 ssim 0.775
it   4000  loss 0.4150  lr 9.51e-04    7.6 min  |  PSNR mixture->modèle, SSIM : postcard 20.81->18.42 ssim 0.803  solid 24.02->23.22 ssim 0.898  wild 24.79->25.11 ssim 0.903  nature20 20.62->21.62 ssim 0.828  real20 18.78->20.12 ssim 0.777
it   4500  loss 0.3747  lr 8.91e-04    8.4 min  |  PSNR mixture->modèle, SSIM : postcard 20.81->18.00 ssim 0.802  solid 24.02->23.06 ssim 0.897  wild 24.79->25.40 ssim 0.905  nature20 20.62->21.90 ssim 0.826  real20 18.78->20.21 ssim 0.774
it   5000  loss 0.3745  lr 8.12e-04    9.9 min  |  PSNR mixture->modèle, SSIM : postcard 20.81->18.81 ssim 0.823  solid 24.02->24.74 ssim 0.912  wild 24.79->25.63 ssim 0.906  nature20 20.62->21.89 ssim 0.837  real20 18.78->20.26 ssim 0.779
it   5500  loss 0.4732  lr 7.18e-04   10.7 min  |  PSNR mixture->modèle, SSIM : postcard 20.81->18.12 ssim 0.814  solid 24.02->24.83 ssim 0.911  wild 24.79->25.58 ssim 0.908  nature20 20.62->21.95 ssim 0.832  real20 18.78->20.29 ssim 0.778
it   6000  loss 0.3742  lr 6.12e-04   11.6 min  |  PSNR mixture->modèle, SSIM : postcard 20.81->18.35 ssim 0.812  solid 24.02->24.88 ssim 0.914  wild 24.79->25.69 ssim 0.909  nature20 20.62->22.02 ssim 0.839  real20 18.78->20.30 ssim 0.775
it   6500  loss 0.3882  lr 5.01e-04   12.4 min  |  PSNR mixture->modèle, SSIM : postcard 20.81->20.46 ssim 0.847  solid 24.02->25.40 ssim 0.915  wild 24.79->25.63 ssim 0.906  nature20 20.62->22.19 ssim 0.841  real20 18.78->20.57 ssim 0.783
it   7000  loss 0.3751  lr 3.90e-04   13.2 min  |  PSNR mixture->modèle, SSIM : postcard 20.81->17.67 ssim 0.803  solid 24.02->24.14 ssim 0.909  wild 24.79->25.77 ssim 0.911  nature20 20.62->22.13 ssim 0.839  real20 18.78->20.32 ssim 0.779
it   7500  loss 0.4546  lr 2.84e-04   14.1 min  |  PSNR mixture->modèle, SSIM : postcard 20.81->19.04 ssim 0.822  solid 24.02->25.27 ssim 0.913  wild 24.79->25.65 ssim 0.910  nature20 20.62->22.25 ssim 0.840  real20 18.78->20.54 ssim 0.779
it   8000  loss 0.3533  lr 1.89e-04   14.9 min  |  PSNR mixture->modèle, SSIM : postcard 20.81->20.11 ssim 0.841  solid 24.02->25.37 ssim 0.916  wild 24.79->25.71 ssim 0.911  nature20 20.62->22.04 ssim 0.840  real20 18.78->20.60 ssim 0.781
it   8500  loss 0.3584  lr 1.10e-04   15.8 min  |  PSNR mixture->modèle, SSIM : postcard 20.81->19.19 ssim 0.830  solid 24.02->25.14 ssim 0.913  wild 24.79->25.47 ssim 0.909  nature20 20.62->21.99 ssim 0.838  real20 18.78->20.33 ssim 0.776
it   9000  loss 0.3536  lr 5.02e-05   16.6 min  |  PSNR mixture->modèle, SSIM : postcard 20.81->18.96 ssim 0.824  solid 24.02->25.30 ssim 0.914  wild 24.79->25.62 ssim 0.910  nature20 20.62->22.11 ssim 0.840  real20 18.78->20.36 ssim 0.775
it   9500  loss 0.3692  lr 1.29e-05   17.4 min  |  PSNR mixture->modèle, SSIM : postcard 20.81->19.10 ssim 0.826  solid 24.02->25.30 ssim 0.915  wild 24.79->25.66 ssim 0.911  nature20 20.62->22.19 ssim 0.842  real20 18.78->20.40 ssim 0.778
it  10000  FIN  18.5 min  |  postcard 20.81->19.10 ssim 0.825  solid 24.02->25.25 ssim 0.914  wild 24.79->25.62 ssim 0.911  nature20 20.62->22.17 ssim 0.841  real20 18.78->20.38 ssim 0.777
