=== BIAS1_seed0 ===
{
  "gpu": "5",
  "cfg": "sweep/BIAS1_seed0.json",
  "name": "BIAS1_seed0",
  "out": "runs",
  "force": false,
  "seed": 0,
  "ckpt": false,
  "dim": 32,
  "dim_mults": [
    1,
    2,
    4
  ],
  "channel": 3,
  "compile": true,
  "lr": 0.001,
  "iters": 10000,
  "eval_every": 500,
  "eval_batches": 100,
  "batch_size": 16,
  "workers": 6,
  "eval_workers": 3,
  "size": 224,
  "weights": [
    0.8,
    0.1,
    0.1
  ],
  "simulated": true,
  "tone": true,
  "npz_dir": "/home/damien/data_fivek_dng/simulated_biaised1",
  "t_key": "t",
  "ev_jitter": [
    -1.9,
    0.9
  ],
  "pixel": 1.0,
  "perceptual": 0.1,
  "gradient": 0.1
}
1.3 M paramètres  |  device cuda  |  CUDA_VISIBLE_DEVICES=5
it      0  loss 0.4348  lr 4.00e-05    1.0 min  |  PSNR mixture->modèle, SSIM : postcard 20.81->20.84 ssim 0.864  solid 24.02->24.05 ssim 0.890  wild 24.79->24.82 ssim 0.893  nature20 20.62->20.64 ssim 0.828  real20 18.78->18.80 ssim 0.756
it    500  loss 0.3806  lr 1.04e-04    1.8 min  |  PSNR mixture->modèle, SSIM : postcard 20.81->20.79 ssim 0.859  solid 24.02->22.41 ssim 0.902  wild 24.79->24.48 ssim 0.900  nature20 20.62->20.97 ssim 0.831  real20 18.78->19.82 ssim 0.774
it   1000  loss 0.4560  lr 2.80e-04    3.0 min  |  PSNR mixture->modèle, SSIM : postcard 20.81->21.56 ssim 0.858  solid 24.02->23.73 ssim 0.905  wild 24.79->25.08 ssim 0.899  nature20 20.62->21.11 ssim 0.831  real20 18.78->19.81 ssim 0.774
it   1500  loss 0.4763  lr 5.20e-04    4.0 min  |  PSNR mixture->modèle, SSIM : postcard 20.81->19.91 ssim 0.846  solid 24.02->21.82 ssim 0.894  wild 24.79->24.08 ssim 0.887  nature20 20.62->20.97 ssim 0.821  real20 18.78->19.78 ssim 0.771
it   2000  loss 0.5171  lr 7.60e-04    5.6 min  |  PSNR mixture->modèle, SSIM : postcard 20.81->21.11 ssim 0.848  solid 24.02->22.99 ssim 0.899  wild 24.79->24.93 ssim 0.901  nature20 20.62->21.21 ssim 0.833  real20 18.78->19.88 ssim 0.777
it   2500  loss 0.4555  lr 9.36e-04    6.5 min  |  PSNR mixture->modèle, SSIM : postcard 20.81->18.89 ssim 0.831  solid 24.02->22.64 ssim 0.899  wild 24.79->24.24 ssim 0.893  nature20 20.62->21.07 ssim 0.829  real20 18.78->19.90 ssim 0.781
it   3000  loss 0.4527  lr 1.00e-03    7.3 min  |  PSNR mixture->modèle, SSIM : postcard 20.81->17.59 ssim 0.807  solid 24.02->22.20 ssim 0.895  wild 24.79->25.03 ssim 0.901  nature20 20.62->21.60 ssim 0.835  real20 18.78->20.01 ssim 0.779
it   3500  loss 0.3429  lr 9.88e-04    8.2 min  |  PSNR mixture->modèle, SSIM : postcard 20.81->16.89 ssim 0.793  solid 24.02->23.19 ssim 0.895  wild 24.79->25.37 ssim 0.904  nature20 20.62->21.89 ssim 0.833  real20 18.78->20.05 ssim 0.773
it   4000  loss 0.3866  lr 9.51e-04    9.1 min  |  PSNR mixture->modèle, SSIM : postcard 20.81->21.51 ssim 0.850  solid 24.02->25.25 ssim 0.913  wild 24.79->25.41 ssim 0.903  nature20 20.62->22.00 ssim 0.835  real20 18.78->20.17 ssim 0.777
it   4500  loss 0.3700  lr 8.91e-04    9.9 min  |  PSNR mixture->modèle, SSIM : postcard 20.81->19.15 ssim 0.811  solid 24.02->25.02 ssim 0.909  wild 24.79->25.40 ssim 0.904  nature20 20.62->21.68 ssim 0.833  real20 18.78->20.03 ssim 0.779
it   5000  loss 0.3562  lr 8.12e-04   10.8 min  |  PSNR mixture->modèle, SSIM : postcard 20.81->19.64 ssim 0.835  solid 24.02->25.22 ssim 0.912  wild 24.79->25.67 ssim 0.906  nature20 20.62->22.12 ssim 0.839  real20 18.78->20.26 ssim 0.781
it   5500  loss 0.3515  lr 7.18e-04   11.6 min  |  PSNR mixture->modèle, SSIM : postcard 20.81->18.15 ssim 0.817  solid 24.02->23.97 ssim 0.907  wild 24.79->25.52 ssim 0.906  nature20 20.62->22.20 ssim 0.838  real20 18.78->20.26 ssim 0.778
it   6000  loss 0.3922  lr 6.12e-04   12.5 min  |  PSNR mixture->modèle, SSIM : postcard 20.81->19.02 ssim 0.829  solid 24.02->24.99 ssim 0.913  wild 24.79->25.69 ssim 0.908  nature20 20.62->21.96 ssim 0.838  real20 18.78->20.18 ssim 0.777
it   6500  loss 0.4558  lr 5.01e-04   13.4 min  |  PSNR mixture->modèle, SSIM : postcard 20.81->18.83 ssim 0.822  solid 24.02->24.68 ssim 0.910  wild 24.79->25.29 ssim 0.906  nature20 20.62->22.13 ssim 0.836  real20 18.78->20.34 ssim 0.782
it   7000  loss 0.4069  lr 3.90e-04   15.1 min  |  PSNR mixture->modèle, SSIM : postcard 20.81->17.76 ssim 0.815  solid 24.02->24.04 ssim 0.907  wild 24.79->25.31 ssim 0.906  nature20 20.62->22.19 ssim 0.838  real20 18.78->20.17 ssim 0.776
it   7500  loss 0.4083  lr 2.84e-04   16.8 min  |  PSNR mixture->modèle, SSIM : postcard 20.81->19.63 ssim 0.840  solid 24.02->25.51 ssim 0.916  wild 24.79->25.81 ssim 0.909  nature20 20.62->22.37 ssim 0.844  real20 18.78->20.43 ssim 0.780
it   8000  loss 0.4397  lr 1.89e-04   18.5 min  |  PSNR mixture->modèle, SSIM : postcard 20.81->20.04 ssim 0.843  solid 24.02->25.57 ssim 0.917  wild 24.79->25.72 ssim 0.911  nature20 20.62->22.44 ssim 0.841  real20 18.78->20.46 ssim 0.778
it   8500  loss 0.3840  lr 1.10e-04   19.3 min  |  PSNR mixture->modèle, SSIM : postcard 20.81->18.94 ssim 0.825  solid 24.02->24.98 ssim 0.913  wild 24.79->25.65 ssim 0.910  nature20 20.62->22.45 ssim 0.842  real20 18.78->20.30 ssim 0.777
it   9000  loss 0.3491  lr 5.02e-05   20.2 min  |  PSNR mixture->modèle, SSIM : postcard 20.81->19.44 ssim 0.833  solid 24.02->25.48 ssim 0.916  wild 24.79->25.70 ssim 0.910  nature20 20.62->22.45 ssim 0.843  real20 18.78->20.28 ssim 0.773
it   9500  loss 0.4208  lr 1.29e-05   21.0 min  |  PSNR mixture->modèle, SSIM : postcard 20.81->19.55 ssim 0.835  solid 24.02->25.27 ssim 0.915  wild 24.79->25.53 ssim 0.909  nature20 20.62->22.32 ssim 0.843  real20 18.78->20.32 ssim 0.777
it  10000  FIN  21.8 min  |  postcard 20.81->19.57 ssim 0.835  solid 24.02->25.36 ssim 0.915  wild 24.79->25.54 ssim 0.909  nature20 20.62->22.38 ssim 0.844  real20 18.78->20.30 ssim 0.778
