=== BIAS2_seed1 ===
{
  "gpu": "5",
  "cfg": "sweep/BIAS2_seed1.json",
  "name": "BIAS2_seed1",
  "out": "runs",
  "force": false,
  "seed": 1,
  "ckpt": false,
  "dim": 32,
  "dim_mults": [
    1,
    2,
    4
  ],
  "channel": 3,
  "compile": true,
  "lr": 0.001,
  "iters": 10000,
  "eval_every": 500,
  "eval_batches": 100,
  "batch_size": 16,
  "workers": 6,
  "eval_workers": 3,
  "size": 224,
  "weights": [
    0.8,
    0.1,
    0.1
  ],
  "simulated": true,
  "tone": true,
  "npz_dir": "/home/damien/data_fivek_dng/simulated_biaised2",
  "t_key": "t",
  "ev_jitter": [
    -1.9,
    0.9
  ],
  "pixel": 1.0,
  "perceptual": 0.1,
  "gradient": 0.1
}
1.3 M paramètres  |  device cuda  |  CUDA_VISIBLE_DEVICES=5
it      0  loss 0.5009  lr 4.00e-05    1.0 min  |  PSNR mixture->modèle, SSIM : postcard 20.81->20.85 ssim 0.864  solid 24.02->24.06 ssim 0.891  wild 24.79->24.83 ssim 0.894  nature20 20.62->20.64 ssim 0.828  real20 18.78->18.81 ssim 0.756
it    500  loss 0.4774  lr 1.04e-04    2.4 min  |  PSNR mixture->modèle, SSIM : postcard 20.81->21.67 ssim 0.862  solid 24.02->23.24 ssim 0.900  wild 24.79->24.72 ssim 0.894  nature20 20.62->20.96 ssim 0.827  real20 18.78->19.83 ssim 0.775
it   1000  loss 0.4271  lr 2.80e-04    3.5 min  |  PSNR mixture->modèle, SSIM : postcard 20.81->20.96 ssim 0.853  solid 24.02->22.97 ssim 0.903  wild 24.79->24.89 ssim 0.900  nature20 20.62->21.15 ssim 0.834  real20 18.78->19.85 ssim 0.775
it   1500  loss 0.4741  lr 5.20e-04    4.4 min  |  PSNR mixture->modèle, SSIM : postcard 20.81->20.96 ssim 0.847  solid 24.02->22.96 ssim 0.898  wild 24.79->24.97 ssim 0.901  nature20 20.62->21.16 ssim 0.833  real20 18.78->19.84 ssim 0.776
it   2000  loss 0.3775  lr 7.60e-04    5.9 min  |  PSNR mixture->modèle, SSIM : postcard 20.81->21.36 ssim 0.851  solid 24.02->22.88 ssim 0.898  wild 24.79->24.53 ssim 0.897  nature20 20.62->21.09 ssim 0.833  real20 18.78->19.79 ssim 0.780
it   2500  loss 0.3895  lr 9.36e-04    6.8 min  |  PSNR mixture->modèle, SSIM : postcard 20.81->21.54 ssim 0.852  solid 24.02->23.21 ssim 0.898  wild 24.79->25.21 ssim 0.903  nature20 20.62->21.36 ssim 0.832  real20 18.78->19.91 ssim 0.780
it   3000  loss 0.4621  lr 1.00e-03    8.0 min  |  PSNR mixture->modèle, SSIM : postcard 20.81->17.44 ssim 0.806  solid 24.02->22.92 ssim 0.901  wild 24.79->25.16 ssim 0.903  nature20 20.62->21.68 ssim 0.834  real20 18.78->19.95 ssim 0.771
it   3500  loss 0.3669  lr 9.88e-04    8.9 min  |  PSNR mixture->modèle, SSIM : postcard 20.81->19.97 ssim 0.848  solid 24.02->24.66 ssim 0.913  wild 24.79->25.26 ssim 0.904  nature20 20.62->21.47 ssim 0.829  real20 18.78->20.07 ssim 0.777
it   4000  loss 0.4134  lr 9.51e-04   10.7 min  |  PSNR mixture->modèle, SSIM : postcard 20.81->18.96 ssim 0.821  solid 24.02->24.38 ssim 0.909  wild 24.79->25.28 ssim 0.904  nature20 20.62->21.55 ssim 0.829  real20 18.78->20.02 ssim 0.771
it   4500  loss 0.3515  lr 8.91e-04   11.5 min  |  PSNR mixture->modèle, SSIM : postcard 20.81->18.26 ssim 0.803  solid 24.02->24.54 ssim 0.908  wild 24.79->25.69 ssim 0.905  nature20 20.62->22.06 ssim 0.832  real20 18.78->20.15 ssim 0.766
it   5000  loss 0.3982  lr 8.12e-04   12.4 min  |  PSNR mixture->modèle, SSIM : postcard 20.81->18.70 ssim 0.819  solid 24.02->25.05 ssim 0.914  wild 24.79->25.78 ssim 0.909  nature20 20.62->21.99 ssim 0.839  real20 18.78->20.37 ssim 0.780
it   5500  loss 0.3692  lr 7.18e-04   13.2 min  |  PSNR mixture->modèle, SSIM : postcard 20.81->17.08 ssim 0.796  solid 24.02->24.22 ssim 0.909  wild 24.79->25.41 ssim 0.905  nature20 20.62->21.86 ssim 0.839  real20 18.78->20.44 ssim 0.781
it   6000  loss 0.4306  lr 6.12e-04   14.0 min  |  PSNR mixture->modèle, SSIM : postcard 20.81->17.07 ssim 0.793  solid 24.02->24.23 ssim 0.910  wild 24.79->25.71 ssim 0.909  nature20 20.62->22.10 ssim 0.840  real20 18.78->20.34 ssim 0.775
it   6500  loss 0.4018  lr 5.01e-04   14.9 min  |  PSNR mixture->modèle, SSIM : postcard 20.81->18.10 ssim 0.813  solid 24.02->24.78 ssim 0.909  wild 24.79->25.71 ssim 0.908  nature20 20.62->22.25 ssim 0.841  real20 18.78->20.61 ssim 0.783
it   7000  loss 0.4284  lr 3.90e-04   15.7 min  |  PSNR mixture->modèle, SSIM : postcard 20.81->18.19 ssim 0.813  solid 24.02->24.94 ssim 0.911  wild 24.79->25.57 ssim 0.910  nature20 20.62->22.19 ssim 0.840  real20 18.78->20.57 ssim 0.778
it   7500  loss 0.4741  lr 2.84e-04   16.5 min  |  PSNR mixture->modèle, SSIM : postcard 20.81->17.69 ssim 0.807  solid 24.02->23.97 ssim 0.907  wild 24.79->25.49 ssim 0.908  nature20 20.62->22.02 ssim 0.840  real20 18.78->20.43 ssim 0.781
it   8000  loss 0.3235  lr 1.89e-04   17.4 min  |  PSNR mixture->modèle, SSIM : postcard 20.81->17.91 ssim 0.804  solid 24.02->24.71 ssim 0.912  wild 24.79->25.70 ssim 0.910  nature20 20.62->22.11 ssim 0.842  real20 18.78->20.44 ssim 0.779
it   8500  loss 0.3951  lr 1.10e-04   18.2 min  |  PSNR mixture->modèle, SSIM : postcard 20.81->18.13 ssim 0.812  solid 24.02->25.05 ssim 0.913  wild 24.79->25.60 ssim 0.911  nature20 20.62->22.19 ssim 0.842  real20 18.78->20.52 ssim 0.779
it   9000  loss 0.3972  lr 5.02e-05   19.0 min  |  PSNR mixture->modèle, SSIM : postcard 20.81->17.58 ssim 0.800  solid 24.02->25.17 ssim 0.912  wild 24.79->25.71 ssim 0.911  nature20 20.62->22.37 ssim 0.843  real20 18.78->20.40 ssim 0.776
it   9500  loss 0.3840  lr 1.29e-05   19.9 min  |  PSNR mixture->modèle, SSIM : postcard 20.81->18.35 ssim 0.815  solid 24.02->25.46 ssim 0.913  wild 24.79->25.74 ssim 0.912  nature20 20.62->22.29 ssim 0.844  real20 18.78->20.59 ssim 0.781
it  10000  FIN  20.9 min  |  postcard 20.81->18.42 ssim 0.817  solid 24.02->25.48 ssim 0.914  wild 24.79->25.72 ssim 0.912  nature20 20.62->22.27 ssim 0.844  real20 18.78->20.57 ssim 0.781
