=== BIAS1_seed2 ===
{
  "gpu": "5",
  "cfg": "sweep/BIAS1_seed2.json",
  "name": "BIAS1_seed2",
  "out": "runs",
  "force": false,
  "seed": 2,
  "ckpt": false,
  "dim": 32,
  "dim_mults": [
    1,
    2,
    4
  ],
  "channel": 3,
  "compile": true,
  "lr": 0.001,
  "iters": 10000,
  "eval_every": 500,
  "eval_batches": 100,
  "batch_size": 16,
  "workers": 6,
  "eval_workers": 3,
  "size": 224,
  "weights": [
    0.8,
    0.1,
    0.1
  ],
  "simulated": true,
  "tone": true,
  "npz_dir": "/home/damien/data_fivek_dng/simulated_biaised1",
  "t_key": "t",
  "ev_jitter": [
    -1.9,
    0.9
  ],
  "pixel": 1.0,
  "perceptual": 0.1,
  "gradient": 0.1
}
1.3 M paramètres  |  device cuda  |  CUDA_VISIBLE_DEVICES=5
it      0  loss 0.4775  lr 4.00e-05    1.0 min  |  PSNR mixture->modèle, SSIM : postcard 20.81->20.85 ssim 0.864  solid 24.02->24.05 ssim 0.891  wild 24.79->24.83 ssim 0.893  nature20 20.62->20.64 ssim 0.828  real20 18.78->18.81 ssim 0.756
it    500  loss 0.3963  lr 1.04e-04    1.8 min  |  PSNR mixture->modèle, SSIM : postcard 20.81->20.71 ssim 0.858  solid 24.02->22.14 ssim 0.897  wild 24.79->24.20 ssim 0.895  nature20 20.62->20.86 ssim 0.827  real20 18.78->19.79 ssim 0.775
it   1000  loss 0.4370  lr 2.80e-04    2.6 min  |  PSNR mixture->modèle, SSIM : postcard 20.81->20.93 ssim 0.850  solid 24.02->23.17 ssim 0.899  wild 24.79->25.05 ssim 0.900  nature20 20.62->21.28 ssim 0.834  real20 18.78->19.84 ssim 0.773
it   1500  loss 0.4336  lr 5.20e-04    3.4 min  |  PSNR mixture->modèle, SSIM : postcard 20.81->20.77 ssim 0.846  solid 24.02->22.57 ssim 0.898  wild 24.79->24.62 ssim 0.897  nature20 20.62->21.05 ssim 0.832  real20 18.78->19.88 ssim 0.777
it   2000  loss 0.3947  lr 7.60e-04    4.3 min  |  PSNR mixture->modèle, SSIM : postcard 20.81->19.73 ssim 0.839  solid 24.02->22.20 ssim 0.897  wild 24.79->24.65 ssim 0.900  nature20 20.62->21.22 ssim 0.831  real20 18.78->19.84 ssim 0.778
it   2500  loss 0.4630  lr 9.36e-04    5.1 min  |  PSNR mixture->modèle, SSIM : postcard 20.81->19.87 ssim 0.836  solid 24.02->22.86 ssim 0.899  wild 24.79->25.11 ssim 0.902  nature20 20.62->21.44 ssim 0.833  real20 18.78->19.97 ssim 0.776
it   3000  loss 0.4246  lr 1.00e-03    5.9 min  |  PSNR mixture->modèle, SSIM : postcard 20.81->18.06 ssim 0.806  solid 24.02->22.20 ssim 0.891  wild 24.79->25.28 ssim 0.903  nature20 20.62->21.69 ssim 0.830  real20 18.78->20.15 ssim 0.782
it   3500  loss 0.3512  lr 9.88e-04    6.8 min  |  PSNR mixture->modèle, SSIM : postcard 20.81->19.77 ssim 0.831  solid 24.02->25.21 ssim 0.911  wild 24.79->25.60 ssim 0.903  nature20 20.62->21.85 ssim 0.838  real20 18.78->20.08 ssim 0.776
it   4000  loss 0.3986  lr 9.51e-04    7.6 min  |  PSNR mixture->modèle, SSIM : postcard 20.81->17.25 ssim 0.791  solid 24.02->22.13 ssim 0.878  wild 24.79->25.12 ssim 0.899  nature20 20.62->21.64 ssim 0.830  real20 18.78->20.07 ssim 0.771
it   4500  loss 0.4097  lr 8.91e-04    8.4 min  |  PSNR mixture->modèle, SSIM : postcard 20.81->19.85 ssim 0.843  solid 24.02->24.91 ssim 0.914  wild 24.79->25.70 ssim 0.909  nature20 20.62->21.87 ssim 0.838  real20 18.78->20.19 ssim 0.780
it   5000  loss 0.3935  lr 8.12e-04    9.3 min  |  PSNR mixture->modèle, SSIM : postcard 20.81->19.23 ssim 0.821  solid 24.02->24.41 ssim 0.907  wild 24.79->25.55 ssim 0.906  nature20 20.62->22.10 ssim 0.831  real20 18.78->20.11 ssim 0.770
it   5500  loss 0.3660  lr 7.18e-04   10.1 min  |  PSNR mixture->modèle, SSIM : postcard 20.81->20.76 ssim 0.849  solid 24.02->25.55 ssim 0.917  wild 24.79->25.84 ssim 0.910  nature20 20.62->22.00 ssim 0.840  real20 18.78->20.33 ssim 0.780
it   6000  loss 0.3882  lr 6.12e-04   10.9 min  |  PSNR mixture->modèle, SSIM : postcard 20.81->17.77 ssim 0.803  solid 24.02->24.34 ssim 0.909  wild 24.79->25.36 ssim 0.906  nature20 20.62->21.86 ssim 0.838  real20 18.78->20.47 ssim 0.784
it   6500  loss 0.4218  lr 5.01e-04   11.7 min  |  PSNR mixture->modèle, SSIM : postcard 20.81->18.18 ssim 0.806  solid 24.02->24.96 ssim 0.914  wild 24.79->25.21 ssim 0.905  nature20 20.62->21.82 ssim 0.840  real20 18.78->20.37 ssim 0.780
it   7000  loss 0.3698  lr 3.90e-04   12.6 min  |  PSNR mixture->modèle, SSIM : postcard 20.81->20.58 ssim 0.839  solid 24.02->25.62 ssim 0.910  wild 24.79->25.66 ssim 0.908  nature20 20.62->22.03 ssim 0.842  real20 18.78->20.69 ssim 0.787
it   7500  loss 0.3723  lr 2.84e-04   13.7 min  |  PSNR mixture->modèle, SSIM : postcard 20.81->18.82 ssim 0.820  solid 24.02->25.67 ssim 0.917  wild 24.79->25.73 ssim 0.909  nature20 20.62->22.06 ssim 0.844  real20 18.78->20.66 ssim 0.786
it   8000  loss 0.4124  lr 1.89e-04   14.6 min  |  PSNR mixture->modèle, SSIM : postcard 20.81->17.96 ssim 0.804  solid 24.02->25.62 ssim 0.918  wild 24.79->25.73 ssim 0.911  nature20 20.62->22.35 ssim 0.844  real20 18.78->20.41 ssim 0.778
it   8500  loss 0.4218  lr 1.10e-04   15.6 min  |  PSNR mixture->modèle, SSIM : postcard 20.81->18.80 ssim 0.819  solid 24.02->25.47 ssim 0.915  wild 24.79->25.89 ssim 0.914  nature20 20.62->22.31 ssim 0.843  real20 18.78->20.50 ssim 0.780
it   9000  loss 0.3837  lr 5.02e-05   16.5 min  |  PSNR mixture->modèle, SSIM : postcard 20.81->19.35 ssim 0.826  solid 24.02->25.60 ssim 0.916  wild 24.79->25.83 ssim 0.913  nature20 20.62->22.18 ssim 0.842  real20 18.78->20.64 ssim 0.781
it   9500  loss 0.3302  lr 1.29e-05   17.3 min  |  PSNR mixture->modèle, SSIM : postcard 20.81->19.08 ssim 0.824  solid 24.02->25.67 ssim 0.916  wild 24.79->25.79 ssim 0.912  nature20 20.62->22.22 ssim 0.843  real20 18.78->20.54 ssim 0.784
it  10000  FIN  18.1 min  |  postcard 20.81->19.04 ssim 0.825  solid 24.02->25.71 ssim 0.917  wild 24.79->25.82 ssim 0.912  nature20 20.62->22.22 ssim 0.843  real20 18.78->20.59 ssim 0.784
