=== BIAS2true_seed0 ===
{
  "gpu": "5",
  "cfg": "sweep/BIAS2true_seed0.json",
  "name": "BIAS2true_seed0",
  "out": "runs",
  "force": false,
  "seed": 0,
  "ckpt": false,
  "dim": 32,
  "dim_mults": [
    1,
    2,
    4
  ],
  "channel": 3,
  "compile": true,
  "lr": 0.001,
  "iters": 10000,
  "eval_every": 500,
  "eval_batches": 100,
  "batch_size": 16,
  "workers": 6,
  "eval_workers": 3,
  "size": 224,
  "weights": [
    0.8,
    0.1,
    0.1
  ],
  "simulated": true,
  "tone": true,
  "npz_dir": "/home/damien/data_fivek_dng/simulated_biaised2",
  "t_key": "true_t",
  "ev_jitter": [
    -1.9,
    0.9
  ],
  "pixel": 1.0,
  "perceptual": 0.1,
  "gradient": 0.1
}
1.3 M paramètres  |  device cuda  |  CUDA_VISIBLE_DEVICES=5
it      0  loss 0.4196  lr 4.00e-05    1.0 min  |  PSNR mixture->modèle, SSIM : postcard 20.81->20.83 ssim 0.864  solid 24.02->24.05 ssim 0.890  wild 24.79->24.81 ssim 0.893  nature20 20.62->20.63 ssim 0.828  real20 18.78->18.80 ssim 0.756
it    500  loss 0.3869  lr 1.04e-04    1.8 min  |  PSNR mixture->modèle, SSIM : postcard 20.81->21.50 ssim 0.860  solid 24.02->23.96 ssim 0.906  wild 24.79->25.17 ssim 0.897  nature20 20.62->21.23 ssim 0.832  real20 18.78->19.91 ssim 0.777
it   1000  loss 0.4642  lr 2.80e-04    2.6 min  |  PSNR mixture->modèle, SSIM : postcard 20.81->21.53 ssim 0.855  solid 24.02->23.82 ssim 0.903  wild 24.79->25.11 ssim 0.897  nature20 20.62->21.21 ssim 0.832  real20 18.78->19.88 ssim 0.776
it   1500  loss 0.4991  lr 5.20e-04    3.4 min  |  PSNR mixture->modèle, SSIM : postcard 20.81->19.99 ssim 0.836  solid 24.02->23.33 ssim 0.896  wild 24.79->25.16 ssim 0.897  nature20 20.62->21.28 ssim 0.834  real20 18.78->19.72 ssim 0.772
it   2000  loss 0.4446  lr 7.60e-04    4.3 min  |  PSNR mixture->modèle, SSIM : postcard 20.81->21.76 ssim 0.857  solid 24.02->24.10 ssim 0.904  wild 24.79->25.32 ssim 0.899  nature20 20.62->21.29 ssim 0.834  real20 18.78->19.84 ssim 0.777
it   2500  loss 0.5828  lr 9.36e-04    5.1 min  |  PSNR mixture->modèle, SSIM : postcard 20.81->19.27 ssim 0.826  solid 24.02->22.86 ssim 0.899  wild 24.79->24.89 ssim 0.900  nature20 20.62->21.51 ssim 0.835  real20 18.78->19.92 ssim 0.782
it   3000  loss 0.4647  lr 1.00e-03    5.9 min  |  PSNR mixture->modèle, SSIM : postcard 20.81->17.33 ssim 0.802  solid 24.02->23.22 ssim 0.896  wild 24.79->25.05 ssim 0.899  nature20 20.62->21.74 ssim 0.832  real20 18.78->20.13 ssim 0.781
it   3500  loss 0.3970  lr 9.88e-04    6.8 min  |  PSNR mixture->modèle, SSIM : postcard 20.81->20.00 ssim 0.824  solid 24.02->23.51 ssim 0.898  wild 24.79->25.32 ssim 0.903  nature20 20.62->21.87 ssim 0.837  real20 18.78->19.94 ssim 0.775
it   4000  loss 0.4320  lr 9.51e-04    7.6 min  |  PSNR mixture->modèle, SSIM : postcard 20.81->20.89 ssim 0.841  solid 24.02->25.73 ssim 0.913  wild 24.79->25.47 ssim 0.903  nature20 20.62->21.85 ssim 0.834  real20 18.78->20.09 ssim 0.777
it   4500  loss 0.3659  lr 8.91e-04    8.4 min  |  PSNR mixture->modèle, SSIM : postcard 20.81->19.74 ssim 0.820  solid 24.02->25.68 ssim 0.912  wild 24.79->25.45 ssim 0.904  nature20 20.62->21.97 ssim 0.834  real20 18.78->20.30 ssim 0.779
it   5000  loss 0.3846  lr 8.12e-04    9.3 min  |  PSNR mixture->modèle, SSIM : postcard 20.81->21.16 ssim 0.850  solid 24.02->25.95 ssim 0.916  wild 24.79->25.63 ssim 0.906  nature20 20.62->21.76 ssim 0.838  real20 18.78->20.29 ssim 0.781
it   5500  loss 0.4221  lr 7.18e-04   10.1 min  |  PSNR mixture->modèle, SSIM : postcard 20.81->19.73 ssim 0.820  solid 24.02->25.23 ssim 0.911  wild 24.79->25.48 ssim 0.905  nature20 20.62->22.16 ssim 0.837  real20 18.78->20.16 ssim 0.772
it   6000  loss 0.3852  lr 6.12e-04   11.0 min  |  PSNR mixture->modèle, SSIM : postcard 20.81->19.49 ssim 0.822  solid 24.02->24.88 ssim 0.910  wild 24.79->25.52 ssim 0.906  nature20 20.62->22.15 ssim 0.836  real20 18.78->20.48 ssim 0.785
it   6500  loss 0.3867  lr 5.01e-04   11.8 min  |  PSNR mixture->modèle, SSIM : postcard 20.81->20.13 ssim 0.834  solid 24.02->25.54 ssim 0.912  wild 24.79->25.46 ssim 0.906  nature20 20.62->22.03 ssim 0.842  real20 18.78->20.27 ssim 0.777
it   7000  loss 0.4062  lr 3.90e-04   12.6 min  |  PSNR mixture->modèle, SSIM : postcard 20.81->20.64 ssim 0.838  solid 24.02->25.48 ssim 0.913  wild 24.79->25.50 ssim 0.907  nature20 20.62->22.26 ssim 0.843  real20 18.78->20.46 ssim 0.779
it   7500  loss 0.4227  lr 2.84e-04   13.5 min  |  PSNR mixture->modèle, SSIM : postcard 20.81->21.56 ssim 0.849  solid 24.02->25.43 ssim 0.911  wild 24.79->25.57 ssim 0.909  nature20 20.62->22.12 ssim 0.843  real20 18.78->20.57 ssim 0.777
it   8000  loss 0.3471  lr 1.89e-04   14.3 min  |  PSNR mixture->modèle, SSIM : postcard 20.81->20.00 ssim 0.831  solid 24.02->25.59 ssim 0.910  wild 24.79->25.18 ssim 0.908  nature20 20.62->22.20 ssim 0.841  real20 18.78->20.43 ssim 0.774
it   8500  loss 0.3555  lr 1.10e-04   15.1 min  |  PSNR mixture->modèle, SSIM : postcard 20.81->19.76 ssim 0.826  solid 24.02->25.59 ssim 0.912  wild 24.79->25.49 ssim 0.910  nature20 20.62->22.26 ssim 0.843  real20 18.78->20.64 ssim 0.780
it   9000  loss 0.3671  lr 5.02e-05   16.0 min  |  PSNR mixture->modèle, SSIM : postcard 20.81->19.35 ssim 0.824  solid 24.02->25.64 ssim 0.911  wild 24.79->25.41 ssim 0.910  nature20 20.62->22.15 ssim 0.842  real20 18.78->20.72 ssim 0.780
it   9500  loss 0.4403  lr 1.29e-05   16.8 min  |  PSNR mixture->modèle, SSIM : postcard 20.81->20.54 ssim 0.837  solid 24.02->25.71 ssim 0.912  wild 24.79->25.40 ssim 0.910  nature20 20.62->22.10 ssim 0.843  real20 18.78->20.73 ssim 0.782
it  10000  FIN  17.6 min  |  postcard 20.81->20.13 ssim 0.832  solid 24.02->25.65 ssim 0.912  wild 24.79->25.45 ssim 0.910  nature20 20.62->22.18 ssim 0.844  real20 18.78->20.72 ssim 0.782
