=== NM_seed2 ===
{
  "gpu": "5",
  "cfg": "sweep/NM_seed2.json",
  "name": "NM_seed2",
  "out": "runs",
  "force": false,
  "seed": 2,
  "ckpt": false,
  "dim": 32,
  "dim_mults": [
    1,
    2,
    4
  ],
  "channel": 3,
  "compile": true,
  "lr": 0.001,
  "iters": 10000,
  "eval_every": 500,
  "eval_batches": 100,
  "batch_size": 16,
  "workers": 6,
  "eval_workers": 3,
  "size": 224,
  "weights": [
    0.8,
    0.1,
    0.1
  ],
  "simulated": true,
  "tone": true,
  "npz_dir": "/home/damien/data_fivek_dng/simulated_not_modified",
  "t_key": "true_t",
  "ev_jitter": [
    -1.9,
    0.9
  ],
  "pixel": 1.0,
  "perceptual": 0.1,
  "gradient": 0.1
}
1.3 M paramètres  |  device cuda  |  CUDA_VISIBLE_DEVICES=5
it      0  loss 0.4667  lr 4.00e-05    1.0 min  |  PSNR mixture->modèle, SSIM : postcard 20.81->20.84 ssim 0.864  solid 24.02->24.05 ssim 0.891  wild 24.79->24.82 ssim 0.893  nature20 20.62->20.64 ssim 0.828  real20 18.78->18.80 ssim 0.756
it    500  loss 0.4680  lr 1.04e-04    1.8 min  |  PSNR mixture->modèle, SSIM : postcard 20.81->21.28 ssim 0.863  solid 24.02->22.57 ssim 0.902  wild 24.79->24.19 ssim 0.896  nature20 20.62->20.73 ssim 0.826  real20 18.78->19.79 ssim 0.772
it   1000  loss 0.4579  lr 2.80e-04    2.6 min  |  PSNR mixture->modèle, SSIM : postcard 20.81->20.32 ssim 0.853  solid 24.02->21.30 ssim 0.893  wild 24.79->23.36 ssim 0.895  nature20 20.62->20.23 ssim 0.821  real20 18.78->19.57 ssim 0.766
it   1500  loss 0.4891  lr 5.20e-04    3.5 min  |  PSNR mixture->modèle, SSIM : postcard 20.81->21.07 ssim 0.851  solid 24.02->22.64 ssim 0.897  wild 24.79->24.23 ssim 0.896  nature20 20.62->20.83 ssim 0.827  real20 18.78->19.76 ssim 0.771
it   2000  loss 0.4458  lr 7.60e-04    4.3 min  |  PSNR mixture->modèle, SSIM : postcard 20.81->21.21 ssim 0.857  solid 24.02->22.88 ssim 0.902  wild 24.79->24.50 ssim 0.902  nature20 20.62->20.88 ssim 0.831  real20 18.78->19.79 ssim 0.772
it   2500  loss 0.4259  lr 9.36e-04    5.1 min  |  PSNR mixture->modèle, SSIM : postcard 20.81->21.29 ssim 0.853  solid 24.02->22.97 ssim 0.901  wild 24.79->24.66 ssim 0.901  nature20 20.62->21.08 ssim 0.832  real20 18.78->19.82 ssim 0.774
it   3000  loss 0.5141  lr 1.00e-03    6.0 min  |  PSNR mixture->modèle, SSIM : postcard 20.81->20.79 ssim 0.841  solid 24.02->23.02 ssim 0.895  wild 24.79->25.26 ssim 0.901  nature20 20.62->21.48 ssim 0.827  real20 18.78->19.96 ssim 0.766
it   3500  loss 0.4454  lr 9.88e-04    6.8 min  |  PSNR mixture->modèle, SSIM : postcard 20.81->21.87 ssim 0.858  solid 24.02->23.48 ssim 0.903  wild 24.79->25.06 ssim 0.903  nature20 20.62->21.15 ssim 0.829  real20 18.78->19.93 ssim 0.779
it   4000  loss 0.4091  lr 9.51e-04    7.6 min  |  PSNR mixture->modèle, SSIM : postcard 20.81->19.79 ssim 0.831  solid 24.02->22.85 ssim 0.901  wild 24.79->25.33 ssim 0.905  nature20 20.62->21.38 ssim 0.830  real20 18.78->20.06 ssim 0.774
it   4500  loss 0.4736  lr 8.91e-04    8.5 min  |  PSNR mixture->modèle, SSIM : postcard 20.81->20.69 ssim 0.853  solid 24.02->23.56 ssim 0.907  wild 24.79->24.76 ssim 0.903  nature20 20.62->21.17 ssim 0.827  real20 18.78->20.09 ssim 0.776
it   5000  loss 0.4703  lr 8.12e-04    9.3 min  |  PSNR mixture->modèle, SSIM : postcard 20.81->20.04 ssim 0.844  solid 24.02->23.04 ssim 0.902  wild 24.79->25.38 ssim 0.907  nature20 20.62->21.69 ssim 0.835  real20 18.78->20.27 ssim 0.779
it   5500  loss 0.4212  lr 7.18e-04   10.1 min  |  PSNR mixture->modèle, SSIM : postcard 20.81->19.94 ssim 0.841  solid 24.02->23.57 ssim 0.907  wild 24.79->25.32 ssim 0.906  nature20 20.62->21.68 ssim 0.836  real20 18.78->20.32 ssim 0.781
it   6000  loss 0.4511  lr 6.12e-04   11.0 min  |  PSNR mixture->modèle, SSIM : postcard 20.81->20.85 ssim 0.854  solid 24.02->24.37 ssim 0.909  wild 24.79->24.79 ssim 0.902  nature20 20.62->21.29 ssim 0.833  real20 18.78->20.09 ssim 0.773
it   6500  loss 0.5020  lr 5.01e-04   11.8 min  |  PSNR mixture->modèle, SSIM : postcard 20.81->19.22 ssim 0.826  solid 24.02->22.83 ssim 0.897  wild 24.79->24.97 ssim 0.905  nature20 20.62->21.38 ssim 0.829  real20 18.78->20.28 ssim 0.775
it   7000  loss 0.4718  lr 3.90e-04   12.6 min  |  PSNR mixture->modèle, SSIM : postcard 20.81->18.94 ssim 0.832  solid 24.02->23.43 ssim 0.905  wild 24.79->24.95 ssim 0.904  nature20 20.62->21.64 ssim 0.837  real20 18.78->20.41 ssim 0.772
it   7500  loss 0.4059  lr 2.84e-04   13.5 min  |  PSNR mixture->modèle, SSIM : postcard 20.81->20.00 ssim 0.842  solid 24.02->24.36 ssim 0.910  wild 24.79->25.15 ssim 0.908  nature20 20.62->21.91 ssim 0.838  real20 18.78->20.35 ssim 0.775
it   8000  loss 0.3582  lr 1.89e-04   14.3 min  |  PSNR mixture->modèle, SSIM : postcard 20.81->20.23 ssim 0.844  solid 24.02->24.37 ssim 0.910  wild 24.79->25.08 ssim 0.907  nature20 20.62->21.75 ssim 0.838  real20 18.78->20.32 ssim 0.779
it   8500  loss 0.4502  lr 1.10e-04   15.1 min  |  PSNR mixture->modèle, SSIM : postcard 20.81->19.80 ssim 0.840  solid 24.02->24.37 ssim 0.907  wild 24.79->24.77 ssim 0.905  nature20 20.62->21.77 ssim 0.837  real20 18.78->20.47 ssim 0.782
it   9000  loss 0.4125  lr 5.02e-05   16.0 min  |  PSNR mixture->modèle, SSIM : postcard 20.81->20.35 ssim 0.845  solid 24.02->24.50 ssim 0.911  wild 24.79->25.06 ssim 0.908  nature20 20.62->21.86 ssim 0.840  real20 18.78->20.43 ssim 0.781
it   9500  loss 0.4046  lr 1.29e-05   16.8 min  |  PSNR mixture->modèle, SSIM : postcard 20.81->19.97 ssim 0.840  solid 24.02->24.37 ssim 0.909  wild 24.79->24.90 ssim 0.906  nature20 20.62->21.84 ssim 0.839  real20 18.78->20.45 ssim 0.781
it  10000  FIN  17.6 min  |  postcard 20.81->19.77 ssim 0.837  solid 24.02->24.16 ssim 0.908  wild 24.79->24.79 ssim 0.905  nature20 20.62->21.78 ssim 0.838  real20 18.78->20.47 ssim 0.780
