=== NM_seed0 ===
{
  "gpu": "5",
  "cfg": "sweep/NM_seed0.json",
  "name": "NM_seed0",
  "out": "runs",
  "force": false,
  "seed": 0,
  "ckpt": false,
  "dim": 32,
  "dim_mults": [
    1,
    2,
    4
  ],
  "channel": 3,
  "compile": true,
  "lr": 0.001,
  "iters": 10000,
  "eval_every": 500,
  "eval_batches": 100,
  "batch_size": 16,
  "workers": 6,
  "eval_workers": 3,
  "size": 224,
  "weights": [
    0.8,
    0.1,
    0.1
  ],
  "simulated": true,
  "tone": true,
  "npz_dir": "/home/damien/data_fivek_dng/simulated_not_modified",
  "t_key": "true_t",
  "ev_jitter": [
    -1.9,
    0.9
  ],
  "pixel": 1.0,
  "perceptual": 0.1,
  "gradient": 0.1
}
1.3 M paramètres  |  device cuda  |  CUDA_VISIBLE_DEVICES=5
it      0  loss 0.4263  lr 4.00e-05    0.9 min  |  PSNR mixture->modèle, SSIM : postcard 20.81->20.83 ssim 0.864  solid 24.02->24.04 ssim 0.890  wild 24.79->24.81 ssim 0.893  nature20 20.62->20.63 ssim 0.828  real20 18.78->18.80 ssim 0.755
it    500  loss 0.3904  lr 1.04e-04    1.8 min  |  PSNR mixture->modèle, SSIM : postcard 20.81->21.60 ssim 0.864  solid 24.02->22.53 ssim 0.900  wild 24.79->24.02 ssim 0.894  nature20 20.62->20.60 ssim 0.824  real20 18.78->19.77 ssim 0.773
it   1000  loss 0.5095  lr 2.80e-04    2.6 min  |  PSNR mixture->modèle, SSIM : postcard 20.81->20.57 ssim 0.856  solid 24.02->21.78 ssim 0.896  wild 24.79->23.27 ssim 0.883  nature20 20.62->20.27 ssim 0.816  real20 18.78->19.55 ssim 0.765
it   1500  loss 0.4795  lr 5.20e-04    3.4 min  |  PSNR mixture->modèle, SSIM : postcard 20.81->21.88 ssim 0.861  solid 24.02->23.47 ssim 0.903  wild 24.79->24.85 ssim 0.899  nature20 20.62->21.02 ssim 0.828  real20 18.78->19.81 ssim 0.774
it   2000  loss 0.4394  lr 7.60e-04    4.3 min  |  PSNR mixture->modèle, SSIM : postcard 20.81->21.70 ssim 0.858  solid 24.02->23.50 ssim 0.903  wild 24.79->24.83 ssim 0.896  nature20 20.62->21.02 ssim 0.828  real20 18.78->19.80 ssim 0.772
it   2500  loss 0.4616  lr 9.36e-04    5.1 min  |  PSNR mixture->modèle, SSIM : postcard 20.81->20.98 ssim 0.852  solid 24.02->22.37 ssim 0.899  wild 24.79->24.29 ssim 0.899  nature20 20.62->20.91 ssim 0.830  real20 18.78->19.79 ssim 0.774
it   3000  loss 0.4723  lr 1.00e-03    5.9 min  |  PSNR mixture->modèle, SSIM : postcard 20.81->20.10 ssim 0.841  solid 24.02->22.38 ssim 0.899  wild 24.79->24.60 ssim 0.901  nature20 20.62->21.00 ssim 0.828  real20 18.78->19.93 ssim 0.775
it   3500  loss 0.4176  lr 9.88e-04    6.7 min  |  PSNR mixture->modèle, SSIM : postcard 20.81->21.46 ssim 0.851  solid 24.02->24.14 ssim 0.906  wild 24.79->24.68 ssim 0.898  nature20 20.62->20.78 ssim 0.824  real20 18.78->19.55 ssim 0.773
it   4000  loss 0.3912  lr 9.51e-04    7.6 min  |  PSNR mixture->modèle, SSIM : postcard 20.81->20.87 ssim 0.853  solid 24.02->23.74 ssim 0.907  wild 24.79->25.30 ssim 0.906  nature20 20.62->21.31 ssim 0.830  real20 18.78->19.94 ssim 0.776
it   4500  loss 0.4979  lr 8.91e-04    8.4 min  |  PSNR mixture->modèle, SSIM : postcard 20.81->18.58 ssim 0.828  solid 24.02->21.35 ssim 0.889  wild 24.79->24.08 ssim 0.897  nature20 20.62->20.94 ssim 0.819  real20 18.78->20.04 ssim 0.777
it   5000  loss 0.4781  lr 8.12e-04    9.2 min  |  PSNR mixture->modèle, SSIM : postcard 20.81->20.56 ssim 0.843  solid 24.02->24.03 ssim 0.907  wild 24.79->25.60 ssim 0.906  nature20 20.62->21.70 ssim 0.831  real20 18.78->20.05 ssim 0.773
it   5500  loss 0.4242  lr 7.18e-04   10.0 min  |  PSNR mixture->modèle, SSIM : postcard 20.81->20.18 ssim 0.843  solid 24.02->23.96 ssim 0.908  wild 24.79->25.03 ssim 0.906  nature20 20.62->21.70 ssim 0.834  real20 18.78->20.08 ssim 0.775
it   6000  loss 0.4470  lr 6.12e-04   10.9 min  |  PSNR mixture->modèle, SSIM : postcard 20.81->19.15 ssim 0.835  solid 24.02->23.55 ssim 0.904  wild 24.79->24.72 ssim 0.900  nature20 20.62->21.16 ssim 0.820  real20 18.78->20.09 ssim 0.773
it   6500  loss 0.4869  lr 5.01e-04   11.7 min  |  PSNR mixture->modèle, SSIM : postcard 20.81->18.11 ssim 0.815  solid 24.02->22.90 ssim 0.900  wild 24.79->24.90 ssim 0.904  nature20 20.62->21.58 ssim 0.823  real20 18.78->20.18 ssim 0.774
it   7000  loss 0.4566  lr 3.90e-04   12.5 min  |  PSNR mixture->modèle, SSIM : postcard 20.81->20.41 ssim 0.846  solid 24.02->24.53 ssim 0.912  wild 24.79->24.80 ssim 0.904  nature20 20.62->21.80 ssim 0.836  real20 18.78->20.11 ssim 0.773
it   7500  loss 0.4450  lr 2.84e-04   13.4 min  |  PSNR mixture->modèle, SSIM : postcard 20.81->19.71 ssim 0.838  solid 24.02->23.61 ssim 0.906  wild 24.79->25.19 ssim 0.906  nature20 20.62->22.01 ssim 0.838  real20 18.78->20.21 ssim 0.778
it   8000  loss 0.4295  lr 1.89e-04   14.2 min  |  PSNR mixture->modèle, SSIM : postcard 20.81->20.04 ssim 0.840  solid 24.02->24.94 ssim 0.913  wild 24.79->25.46 ssim 0.911  nature20 20.62->22.01 ssim 0.835  real20 18.78->20.23 ssim 0.773
it   8500  loss 0.4485  lr 1.10e-04   15.0 min  |  PSNR mixture->modèle, SSIM : postcard 20.81->18.51 ssim 0.823  solid 24.02->23.73 ssim 0.907  wild 24.79->25.26 ssim 0.908  nature20 20.62->22.08 ssim 0.837  real20 18.78->20.38 ssim 0.777
it   9000  loss 0.3587  lr 5.02e-05   15.8 min  |  PSNR mixture->modèle, SSIM : postcard 20.81->19.17 ssim 0.831  solid 24.02->24.32 ssim 0.912  wild 24.79->25.20 ssim 0.909  nature20 20.62->22.05 ssim 0.839  real20 18.78->20.30 ssim 0.778
it   9500  loss 0.4567  lr 1.29e-05   16.7 min  |  PSNR mixture->modèle, SSIM : postcard 20.81->19.36 ssim 0.833  solid 24.02->24.19 ssim 0.910  wild 24.79->25.13 ssim 0.909  nature20 20.62->22.07 ssim 0.840  real20 18.78->20.40 ssim 0.778
it  10000  FIN  17.5 min  |  postcard 20.81->19.46 ssim 0.835  solid 24.02->24.32 ssim 0.911  wild 24.79->25.12 ssim 0.908  nature20 20.62->22.09 ssim 0.839  real20 18.78->20.38 ssim 0.778
