=== SM_big_seed_2_64 ===
{
  "gpu": "5",
  "cfg": "sweep/SM_big_seed_2_64.json",
  "name": "SM_big_seed_2_64",
  "out": "runs",
  "force": false,
  "seed": 2,
  "ckpt": false,
  "dim": 64,
  "dim_mults": [
    1,
    2,
    4
  ],
  "channel": 3,
  "compile": true,
  "lr": 0.001,
  "iters": 15000,
  "eval_every": 1000,
  "eval_batches": 100,
  "batch_size": 16,
  "workers": 6,
  "eval_workers": 3,
  "size": 224,
  "weights": [
    0.96,
    0.02,
    0.02
  ],
  "simulated": true,
  "tone": true,
  "npz_dir": "/home/damien/data_fivek_dng/simulated_big_biaised2",
  "t_key": "t",
  "ev_jitter": [
    -1.9,
    0.9
  ],
  "pixel": 1.0,
  "perceptual": 0.1,
  "gradient": 0.1
}
5.3 M paramètres  |  device cuda  |  CUDA_VISIBLE_DEVICES=5
it      0  loss 0.4129  lr 4.00e-05    1.3 min  |  PSNR mixture->modèle, SSIM : postcard 20.81->20.89 ssim 0.864  solid 24.02->24.09 ssim 0.891  wild 24.79->24.86 ssim 0.894  nature20 20.62->20.66 ssim 0.828  real20 18.78->18.83 ssim 0.756
it   1000  loss 0.3883  lr 1.52e-04    3.8 min  |  PSNR mixture->modèle, SSIM : postcard 20.81->21.71 ssim 0.856  solid 24.02->23.03 ssim 0.902  wild 24.79->24.73 ssim 0.899  nature20 20.62->21.20 ssim 0.833  real20 18.78->19.78 ssim 0.778
it   2000  loss 0.4473  lr 4.37e-04    6.3 min  |  PSNR mixture->modèle, SSIM : postcard 20.81->21.63 ssim 0.859  solid 24.02->25.02 ssim 0.909  wild 24.79->25.31 ssim 0.900  nature20 20.62->21.50 ssim 0.829  real20 18.78->19.81 ssim 0.776
it   3000  loss 0.4135  lr 7.60e-04    8.9 min  |  PSNR mixture->modèle, SSIM : postcard 20.81->23.15 ssim 0.867  solid 24.02->25.49 ssim 0.914  wild 24.79->25.46 ssim 0.903  nature20 20.62->21.63 ssim 0.831  real20 18.78->19.92 ssim 0.774
it   4000  loss 0.4121  lr 9.71e-04   11.4 min  |  PSNR mixture->modèle, SSIM : postcard 20.81->19.35 ssim 0.827  solid 24.02->24.06 ssim 0.908  wild 24.79->24.89 ssim 0.904  nature20 20.62->21.35 ssim 0.823  real20 18.78->20.18 ssim 0.779
it   5000  loss 0.4112  lr 9.94e-04   13.8 min  |  PSNR mixture->modèle, SSIM : postcard 20.81->22.20 ssim 0.859  solid 24.02->25.54 ssim 0.915  wild 24.79->25.64 ssim 0.907  nature20 20.62->21.73 ssim 0.836  real20 18.78->20.35 ssim 0.782
it   6000  loss 0.3306  lr 9.51e-04   16.3 min  |  PSNR mixture->modèle, SSIM : postcard 20.81->19.72 ssim 0.833  solid 24.02->25.44 ssim 0.915  wild 24.79->25.29 ssim 0.907  nature20 20.62->21.97 ssim 0.835  real20 18.78->20.65 ssim 0.784
it   7000  loss 0.3694  lr 8.67e-04   18.7 min  |  PSNR mixture->modèle, SSIM : postcard 20.81->21.34 ssim 0.852  solid 24.02->24.94 ssim 0.912  wild 24.79->25.24 ssim 0.907  nature20 20.62->21.71 ssim 0.829  real20 18.78->20.48 ssim 0.780
it   8000  loss 0.2979  lr 7.50e-04   21.2 min  |  PSNR mixture->modèle, SSIM : postcard 20.81->21.81 ssim 0.864  solid 24.02->25.92 ssim 0.918  wild 24.79->25.69 ssim 0.909  nature20 20.62->21.81 ssim 0.838  real20 18.78->20.91 ssim 0.787
it   9000  loss 0.3673  lr 6.12e-04   23.6 min  |  PSNR mixture->modèle, SSIM : postcard 20.81->21.93 ssim 0.864  solid 24.02->25.65 ssim 0.915  wild 24.79->25.58 ssim 0.909  nature20 20.62->21.83 ssim 0.842  real20 18.78->21.11 ssim 0.797
it  10000  loss 0.3102  lr 4.63e-04   26.1 min  |  PSNR mixture->modèle, SSIM : postcard 20.81->19.83 ssim 0.836  solid 24.02->24.93 ssim 0.914  wild 24.79->25.37 ssim 0.911  nature20 20.62->22.23 ssim 0.840  real20 18.78->21.20 ssim 0.797
it  11000  loss 0.2911  lr 3.18e-04   28.6 min  |  PSNR mixture->modèle, SSIM : postcard 20.81->21.34 ssim 0.862  solid 24.02->25.40 ssim 0.916  wild 24.79->25.84 ssim 0.914  nature20 20.62->22.12 ssim 0.843  real20 18.78->21.22 ssim 0.803
it  12000  loss 0.3205  lr 1.89e-04   31.0 min  |  PSNR mixture->modèle, SSIM : postcard 20.81->20.52 ssim 0.849  solid 24.02->24.64 ssim 0.905  wild 24.79->25.28 ssim 0.906  nature20 20.62->22.04 ssim 0.843  real20 18.78->21.13 ssim 0.804
it  13000  loss 0.3237  lr 8.74e-05   33.4 min  |  PSNR mixture->modèle, SSIM : postcard 20.81->21.36 ssim 0.863  solid 24.02->25.67 ssim 0.917  wild 24.79->25.46 ssim 0.911  nature20 20.62->22.35 ssim 0.847  real20 18.78->21.27 ssim 0.803
it  14000  loss 0.2728  lr 2.25e-05   35.9 min  |  PSNR mixture->modèle, SSIM : postcard 20.81->21.10 ssim 0.856  solid 24.02->25.28 ssim 0.913  wild 24.79->25.37 ssim 0.909  nature20 20.62->22.33 ssim 0.847  real20 18.78->21.32 ssim 0.806
it  15000  FIN  38.3 min  |  postcard 20.81->21.17 ssim 0.857  solid 24.02->25.28 ssim 0.914  wild 24.79->25.54 ssim 0.911  nature20 20.62->22.42 ssim 0.848  real20 18.78->21.33 ssim 0.806
