=== SM_big_biased__true_seed_1_32 ===
{
  "gpu": "5",
  "cfg": "sweep/SM_big_biased__true_seed_1_32.json",
  "name": "SM_big_biased__true_seed_1_32",
  "out": "runs",
  "force": false,
  "seed": 1,
  "ckpt": false,
  "dim": 32,
  "dim_mults": [
    1,
    2,
    4,
    8
  ],
  "channel": 3,
  "compile": true,
  "lr": 0.001,
  "iters": 10000,
  "eval_every": 500,
  "eval_batches": 100,
  "batch_size": 16,
  "workers": 6,
  "eval_workers": 3,
  "size": 384,
  "weights": [
    0.8,
    0.1,
    0.1
  ],
  "simulated": true,
  "tone": true,
  "npz_dir": "/home/damien/data_fivek_dng/dataset_soomin_final_biased",
  "t_key": "t",
  "ev_jitter": [
    -1.9,
    0.9
  ],
  "pixel": 1.0,
  "perceptual": 0.1,
  "gradient": 0.1
}
5.1 M paramètres  |  device cuda  |  CUDA_VISIBLE_DEVICES=5
it      0  loss 0.2672  lr 4.00e-05    1.4 min  |  PSNR mixture->modèle, SSIM : postcard 20.77->20.81 ssim 0.878  solid 23.97->24.00 ssim 0.893  wild 24.69->24.73 ssim 0.905  nature20 20.41->20.43 ssim 0.806  real20 18.69->18.71 ssim 0.758
it    500  loss 0.2844  lr 1.04e-04    3.7 min  |  PSNR mixture->modèle, SSIM : postcard 20.77->22.45 ssim 0.885  solid 23.97->25.16 ssim 0.910  wild 24.69->25.55 ssim 0.914  nature20 20.41->20.95 ssim 0.813  real20 18.69->19.54 ssim 0.775
it   1000  loss 0.2805  lr 2.80e-04    6.1 min  |  PSNR mixture->modèle, SSIM : postcard 20.77->22.61 ssim 0.884  solid 23.97->24.89 ssim 0.913  wild 24.69->25.35 ssim 0.913  nature20 20.41->21.04 ssim 0.815  real20 18.69->19.69 ssim 0.780
it   1500  loss 0.2289  lr 5.20e-04    8.5 min  |  PSNR mixture->modèle, SSIM : postcard 20.77->22.61 ssim 0.884  solid 23.97->25.31 ssim 0.913  wild 24.69->25.48 ssim 0.915  nature20 20.41->21.11 ssim 0.815  real20 18.69->19.68 ssim 0.778
it   2000  loss 0.2776  lr 7.60e-04   10.9 min  |  PSNR mixture->modèle, SSIM : postcard 20.77->22.47 ssim 0.883  solid 23.97->25.08 ssim 0.912  wild 24.69->25.47 ssim 0.914  nature20 20.41->20.98 ssim 0.815  real20 18.69->19.57 ssim 0.775
it   2500  loss 0.3010  lr 9.36e-04   13.2 min  |  PSNR mixture->modèle, SSIM : postcard 20.77->22.61 ssim 0.883  solid 23.97->25.09 ssim 0.914  wild 24.69->25.42 ssim 0.915  nature20 20.41->21.07 ssim 0.815  real20 18.69->19.66 ssim 0.779
it   3000  loss 0.2444  lr 1.00e-03   15.6 min  |  PSNR mixture->modèle, SSIM : postcard 20.77->22.04 ssim 0.874  solid 23.97->25.42 ssim 0.913  wild 24.69->25.60 ssim 0.915  nature20 20.41->21.39 ssim 0.818  real20 18.69->19.64 ssim 0.779
it   3500  loss 0.2762  lr 9.88e-04   18.0 min  |  PSNR mixture->modèle, SSIM : postcard 20.77->22.04 ssim 0.876  solid 23.97->25.52 ssim 0.915  wild 24.69->25.36 ssim 0.910  nature20 20.41->21.12 ssim 0.813  real20 18.69->19.97 ssim 0.784
it   4000  loss 0.2630  lr 9.51e-04   20.4 min  |  PSNR mixture->modèle, SSIM : postcard 20.77->23.02 ssim 0.882  solid 23.97->25.74 ssim 0.916  wild 24.69->25.65 ssim 0.914  nature20 20.41->21.26 ssim 0.816  real20 18.69->19.70 ssim 0.781
it   4500  loss 0.2539  lr 8.91e-04   22.8 min  |  PSNR mixture->modèle, SSIM : postcard 20.77->22.62 ssim 0.880  solid 23.97->25.83 ssim 0.918  wild 24.69->25.61 ssim 0.915  nature20 20.41->21.37 ssim 0.818  real20 18.69->19.78 ssim 0.780
it   5000  loss 0.2997  lr 8.12e-04   25.1 min  |  PSNR mixture->modèle, SSIM : postcard 20.77->22.59 ssim 0.881  solid 23.97->25.84 ssim 0.918  wild 24.69->25.61 ssim 0.915  nature20 20.41->21.32 ssim 0.817  real20 18.69->19.90 ssim 0.783
it   5500  loss 0.2795  lr 7.18e-04   27.5 min  |  PSNR mixture->modèle, SSIM : postcard 20.77->21.10 ssim 0.868  solid 23.97->25.79 ssim 0.921  wild 24.69->25.60 ssim 0.915  nature20 20.41->21.97 ssim 0.823  real20 18.69->20.25 ssim 0.787
it   6000  loss 0.2397  lr 6.12e-04   29.9 min  |  PSNR mixture->modèle, SSIM : postcard 20.77->21.89 ssim 0.877  solid 23.97->25.84 ssim 0.917  wild 24.69->25.66 ssim 0.915  nature20 20.41->21.58 ssim 0.820  real20 18.69->20.12 ssim 0.783
it   6500  loss 0.2396  lr 5.01e-04   32.3 min  |  PSNR mixture->modèle, SSIM : postcard 20.77->21.67 ssim 0.875  solid 23.97->26.06 ssim 0.921  wild 24.69->25.41 ssim 0.914  nature20 20.41->21.59 ssim 0.820  real20 18.69->20.20 ssim 0.788
it   7000  loss 0.2459  lr 3.90e-04   34.6 min  |  PSNR mixture->modèle, SSIM : postcard 20.77->22.18 ssim 0.876  solid 23.97->26.02 ssim 0.920  wild 24.69->25.41 ssim 0.915  nature20 20.41->21.66 ssim 0.823  real20 18.69->20.25 ssim 0.789
it   7500  loss 0.2777  lr 2.84e-04   37.0 min  |  PSNR mixture->modèle, SSIM : postcard 20.77->20.39 ssim 0.864  solid 23.97->25.92 ssim 0.917  wild 24.69->25.39 ssim 0.914  nature20 20.41->21.88 ssim 0.824  real20 18.69->20.51 ssim 0.787
it   8000  loss 0.2462  lr 1.89e-04   39.4 min  |  PSNR mixture->modèle, SSIM : postcard 20.77->19.99 ssim 0.856  solid 23.97->26.03 ssim 0.920  wild 24.69->25.35 ssim 0.914  nature20 20.41->21.98 ssim 0.823  real20 18.69->20.60 ssim 0.789
it   8500  loss 0.2851  lr 1.10e-04   41.8 min  |  PSNR mixture->modèle, SSIM : postcard 20.77->21.07 ssim 0.870  solid 23.97->26.00 ssim 0.920  wild 24.69->25.27 ssim 0.912  nature20 20.41->21.82 ssim 0.824  real20 18.69->20.57 ssim 0.793
it   9000  loss 0.2381  lr 5.02e-05   44.1 min  |  PSNR mixture->modèle, SSIM : postcard 20.77->20.92 ssim 0.869  solid 23.97->25.93 ssim 0.919  wild 24.69->25.35 ssim 0.914  nature20 20.41->21.90 ssim 0.825  real20 18.69->20.52 ssim 0.792
it   9500  loss 0.2507  lr 1.29e-05   46.5 min  |  PSNR mixture->modèle, SSIM : postcard 20.77->20.92 ssim 0.868  solid 23.97->25.94 ssim 0.920  wild 24.69->25.45 ssim 0.915  nature20 20.41->21.95 ssim 0.825  real20 18.69->20.62 ssim 0.792
it  10000  FIN  48.8 min  |  postcard 20.77->21.06 ssim 0.870  solid 23.97->25.93 ssim 0.920  wild 24.69->25.44 ssim 0.915  nature20 20.41->21.92 ssim 0.825  real20 18.69->20.60 ssim 0.792
