=== SM_big_seed_2 ===
{
  "gpu": "5",
  "cfg": "sweep/SM_big_seed_2.json",
  "name": "SM_big_seed_2",
  "out": "runs",
  "force": false,
  "seed": 2,
  "ckpt": false,
  "dim": 32,
  "dim_mults": [
    1,
    2,
    4
  ],
  "channel": 3,
  "compile": true,
  "lr": 0.001,
  "iters": 10000,
  "eval_every": 500,
  "eval_batches": 100,
  "batch_size": 16,
  "workers": 6,
  "eval_workers": 3,
  "size": 224,
  "weights": [
    0.8,
    0.1,
    0.1
  ],
  "simulated": true,
  "tone": true,
  "npz_dir": "/home/damien/data_fivek_dng/simulated_big_biaised2",
  "t_key": "t",
  "ev_jitter": [
    -1.9,
    0.9
  ],
  "pixel": 1.0,
  "perceptual": 0.1,
  "gradient": 0.1
}
1.3 M paramètres  |  device cuda  |  CUDA_VISIBLE_DEVICES=5
it      0  loss 0.4091  lr 4.00e-05    1.0 min  |  PSNR mixture->modèle, SSIM : postcard 20.81->20.85 ssim 0.864  solid 24.02->24.05 ssim 0.891  wild 24.79->24.83 ssim 0.893  nature20 20.62->20.64 ssim 0.828  real20 18.78->18.81 ssim 0.756
it    500  loss 0.3563  lr 1.04e-04    1.8 min  |  PSNR mixture->modèle, SSIM : postcard 20.81->22.19 ssim 0.864  solid 24.02->24.25 ssim 0.907  wild 24.79->25.16 ssim 0.900  nature20 20.62->21.23 ssim 0.832  real20 18.78->19.83 ssim 0.777
it   1000  loss 0.3886  lr 2.80e-04    2.6 min  |  PSNR mixture->modèle, SSIM : postcard 20.81->22.28 ssim 0.863  solid 24.02->24.15 ssim 0.907  wild 24.79->25.04 ssim 0.899  nature20 20.62->21.16 ssim 0.833  real20 18.78->19.82 ssim 0.777
it   1500  loss 0.3676  lr 5.20e-04    3.4 min  |  PSNR mixture->modèle, SSIM : postcard 20.81->22.20 ssim 0.863  solid 24.02->24.73 ssim 0.908  wild 24.79->25.43 ssim 0.903  nature20 20.62->21.32 ssim 0.834  real20 18.78->19.82 ssim 0.775
it   2000  loss 0.4141  lr 7.60e-04    4.3 min  |  PSNR mixture->modèle, SSIM : postcard 20.81->20.52 ssim 0.849  solid 24.02->23.66 ssim 0.906  wild 24.79->25.05 ssim 0.903  nature20 20.62->21.42 ssim 0.835  real20 18.78->19.90 ssim 0.777
it   2500  loss 0.3440  lr 9.36e-04    5.1 min  |  PSNR mixture->modèle, SSIM : postcard 20.81->21.02 ssim 0.848  solid 24.02->24.51 ssim 0.907  wild 24.79->25.35 ssim 0.901  nature20 20.62->21.73 ssim 0.831  real20 18.78->19.98 ssim 0.780
it   3000  loss 0.3984  lr 1.00e-03    5.9 min  |  PSNR mixture->modèle, SSIM : postcard 20.81->21.15 ssim 0.847  solid 24.02->24.36 ssim 0.907  wild 24.79->25.48 ssim 0.901  nature20 20.62->21.70 ssim 0.834  real20 18.78->20.10 ssim 0.782
it   3500  loss 0.3700  lr 9.88e-04    6.7 min  |  PSNR mixture->modèle, SSIM : postcard 20.81->22.21 ssim 0.861  solid 24.02->25.53 ssim 0.913  wild 24.79->25.72 ssim 0.907  nature20 20.62->21.78 ssim 0.836  real20 18.78->20.08 ssim 0.780
it   4000  loss 0.3590  lr 9.51e-04    7.6 min  |  PSNR mixture->modèle, SSIM : postcard 20.81->18.59 ssim 0.814  solid 24.02->23.71 ssim 0.899  wild 24.79->25.34 ssim 0.901  nature20 20.62->22.04 ssim 0.834  real20 18.78->20.24 ssim 0.780
it   4500  loss 0.3640  lr 8.91e-04    8.4 min  |  PSNR mixture->modèle, SSIM : postcard 20.81->21.78 ssim 0.846  solid 24.02->25.07 ssim 0.913  wild 24.79->25.42 ssim 0.905  nature20 20.62->21.86 ssim 0.835  real20 18.78->20.22 ssim 0.782
it   5000  loss 0.3711  lr 8.12e-04    9.2 min  |  PSNR mixture->modèle, SSIM : postcard 20.81->22.66 ssim 0.865  solid 24.02->25.71 ssim 0.915  wild 24.79->25.72 ssim 0.906  nature20 20.62->21.74 ssim 0.839  real20 18.78->20.27 ssim 0.786
it   5500  loss 0.4093  lr 7.18e-04   10.0 min  |  PSNR mixture->modèle, SSIM : postcard 20.81->19.53 ssim 0.824  solid 24.02->24.92 ssim 0.913  wild 24.79->25.64 ssim 0.910  nature20 20.62->22.16 ssim 0.836  real20 18.78->20.42 ssim 0.786
it   6000  loss 0.3660  lr 6.12e-04   10.9 min  |  PSNR mixture->modèle, SSIM : postcard 20.81->19.53 ssim 0.824  solid 24.02->25.61 ssim 0.916  wild 24.79->25.93 ssim 0.909  nature20 20.62->22.27 ssim 0.842  real20 18.78->20.41 ssim 0.782
it   6500  loss 0.3802  lr 5.01e-04   11.7 min  |  PSNR mixture->modèle, SSIM : postcard 20.81->20.47 ssim 0.836  solid 24.02->25.17 ssim 0.912  wild 24.79->25.70 ssim 0.909  nature20 20.62->22.05 ssim 0.841  real20 18.78->20.59 ssim 0.788
it   7000  loss 0.3457  lr 3.90e-04   12.5 min  |  PSNR mixture->modèle, SSIM : postcard 20.81->22.89 ssim 0.870  solid 24.02->25.69 ssim 0.916  wild 24.79->25.79 ssim 0.910  nature20 20.62->22.10 ssim 0.843  real20 18.78->20.73 ssim 0.792
it   7500  loss 0.3704  lr 2.84e-04   13.3 min  |  PSNR mixture->modèle, SSIM : postcard 20.81->21.12 ssim 0.848  solid 24.02->25.50 ssim 0.913  wild 24.79->25.83 ssim 0.911  nature20 20.62->22.20 ssim 0.843  real20 18.78->20.86 ssim 0.792
it   8000  loss 0.3472  lr 1.89e-04   14.2 min  |  PSNR mixture->modèle, SSIM : postcard 20.81->22.35 ssim 0.864  solid 24.02->25.80 ssim 0.919  wild 24.79->25.66 ssim 0.911  nature20 20.62->22.23 ssim 0.845  real20 18.78->20.88 ssim 0.791
it   8500  loss 0.3390  lr 1.10e-04   15.0 min  |  PSNR mixture->modèle, SSIM : postcard 20.81->20.40 ssim 0.841  solid 24.02->25.66 ssim 0.915  wild 24.79->25.84 ssim 0.913  nature20 20.62->22.50 ssim 0.845  real20 18.78->20.87 ssim 0.791
it   9000  loss 0.3661  lr 5.02e-05   15.8 min  |  PSNR mixture->modèle, SSIM : postcard 20.81->21.30 ssim 0.851  solid 24.02->25.67 ssim 0.917  wild 24.79->25.97 ssim 0.914  nature20 20.62->22.58 ssim 0.846  real20 18.78->20.97 ssim 0.792
it   9500  loss 0.2997  lr 1.29e-05   16.6 min  |  PSNR mixture->modèle, SSIM : postcard 20.81->21.69 ssim 0.854  solid 24.02->25.82 ssim 0.917  wild 24.79->25.94 ssim 0.913  nature20 20.62->22.39 ssim 0.846  real20 18.78->21.07 ssim 0.795
it  10000  FIN  17.5 min  |  postcard 20.81->21.39 ssim 0.851  solid 24.02->25.74 ssim 0.917  wild 24.79->25.89 ssim 0.913  nature20 20.62->22.45 ssim 0.846  real20 18.78->21.04 ssim 0.794
