=== SM_big_biased__true_seed_2_32 ===
{
  "gpu": "5",
  "cfg": "sweep/SM_big_biased__true_seed_2_32.json",
  "name": "SM_big_biased__true_seed_2_32",
  "out": "runs",
  "force": false,
  "seed": 2,
  "ckpt": true,
  "dim": 32,
  "dim_mults": [
    1,
    2,
    4,
    8
  ],
  "channel": 3,
  "compile": true,
  "lr": 0.001,
  "iters": 10000,
  "eval_every": 500,
  "eval_batches": 100,
  "batch_size": 16,
  "workers": 6,
  "eval_workers": 3,
  "size": 384,
  "weights": [
    0.8,
    0.1,
    0.1
  ],
  "simulated": true,
  "tone": true,
  "npz_dir": "/home/damien/data_fivek_dng/dataset_soomin_final_biased",
  "t_key": "t",
  "ev_jitter": [
    -1.9,
    0.9
  ],
  "pixel": 1.0,
  "perceptual": 0.1,
  "gradient": 0.1
}
5.1 M paramètres  |  device cuda  |  CUDA_VISIBLE_DEVICES=5
it      0  loss 0.2608  lr 4.00e-05    1.6 min  |  PSNR mixture->modèle, SSIM : postcard 20.77->20.81 ssim 0.878  solid 23.97->24.00 ssim 0.893  wild 24.69->24.73 ssim 0.905  nature20 20.41->20.43 ssim 0.806  real20 18.69->18.71 ssim 0.757
it    500  loss 0.2685  lr 1.04e-04    4.3 min  |  PSNR mixture->modèle, SSIM : postcard 20.77->22.72 ssim 0.885  solid 23.97->25.26 ssim 0.913  wild 24.69->25.42 ssim 0.912  nature20 20.41->21.11 ssim 0.815  real20 18.69->19.73 ssim 0.780
it   1000  loss 0.2823  lr 2.80e-04    6.7 min  |  PSNR mixture->modèle, SSIM : postcard 20.77->22.63 ssim 0.885  solid 23.97->24.72 ssim 0.912  wild 24.69->25.28 ssim 0.912  nature20 20.41->20.98 ssim 0.812  real20 18.69->19.71 ssim 0.779
it   1500  loss 0.2654  lr 5.20e-04    9.1 min  |  PSNR mixture->modèle, SSIM : postcard 20.77->22.45 ssim 0.883  solid 23.97->24.88 ssim 0.913  wild 24.69->25.37 ssim 0.913  nature20 20.41->21.07 ssim 0.815  real20 18.69->19.66 ssim 0.778
it   2000  loss 0.3066  lr 7.60e-04   12.1 min  |  PSNR mixture->modèle, SSIM : postcard 20.77->22.61 ssim 0.885  solid 23.97->25.18 ssim 0.913  wild 24.69->25.20 ssim 0.909  nature20 20.41->20.94 ssim 0.812  real20 18.69->19.68 ssim 0.781
it   2500  loss 0.2621  lr 9.36e-04   14.5 min  |  PSNR mixture->modèle, SSIM : postcard 20.77->22.52 ssim 0.885  solid 23.97->25.34 ssim 0.914  wild 24.69->25.27 ssim 0.909  nature20 20.41->20.85 ssim 0.811  real20 18.69->19.59 ssim 0.779
it   3000  loss nan  lr 1.00e-03   17.0 min  |  PSNR mixture->modèle, SSIM : postcard 20.77->  nan ssim nan  solid 23.97->  nan ssim nan  wild 24.69->  nan ssim nan  nature20 20.41->  nan ssim nan  real20 18.69->  nan ssim nan
it   3500  loss nan  lr 9.88e-04   19.7 min  |  PSNR mixture->modèle, SSIM : postcard 20.77->  nan ssim nan  solid 23.97->  nan ssim nan  wild 24.69->  nan ssim nan  nature20 20.41->  nan ssim nan  real20 18.69->  nan ssim nan
it   4000  loss nan  lr 9.51e-04   22.4 min  |  PSNR mixture->modèle, SSIM : postcard 20.77->  nan ssim nan  solid 23.97->  nan ssim nan  wild 24.69->  nan ssim nan  nature20 20.41->  nan ssim nan  real20 18.69->  nan ssim nan
it   4500  loss nan  lr 8.91e-04   25.8 min  |  PSNR mixture->modèle, SSIM : postcard 20.77->  nan ssim nan  solid 23.97->  nan ssim nan  wild 24.69->  nan ssim nan  nature20 20.41->  nan ssim nan  real20 18.69->  nan ssim nan
it   5000  loss nan  lr 8.12e-04   29.8 min  |  PSNR mixture->modèle, SSIM : postcard 20.77->  nan ssim nan  solid 23.97->  nan ssim nan  wild 24.69->  nan ssim nan  nature20 20.41->  nan ssim nan  real20 18.69->  nan ssim nan
it   5500  loss nan  lr 7.18e-04   32.1 min  |  PSNR mixture->modèle, SSIM : postcard 20.77->  nan ssim nan  solid 23.97->  nan ssim nan  wild 24.69->  nan ssim nan  nature20 20.41->  nan ssim nan  real20 18.69->  nan ssim nan
it   6000  loss nan  lr 6.12e-04   34.5 min  |  PSNR mixture->modèle, SSIM : postcard 20.77->  nan ssim nan  solid 23.97->  nan ssim nan  wild 24.69->  nan ssim nan  nature20 20.41->  nan ssim nan  real20 18.69->  nan ssim nan
it   6500  loss nan  lr 5.01e-04   36.8 min  |  PSNR mixture->modèle, SSIM : postcard 20.77->  nan ssim nan  solid 23.97->  nan ssim nan  wild 24.69->  nan ssim nan  nature20 20.41->  nan ssim nan  real20 18.69->  nan ssim nan
it   7000  loss nan  lr 3.90e-04   39.1 min  |  PSNR mixture->modèle, SSIM : postcard 20.77->  nan ssim nan  solid 23.97->  nan ssim nan  wild 24.69->  nan ssim nan  nature20 20.41->  nan ssim nan  real20 18.69->  nan ssim nan
it   7500  loss nan  lr 2.84e-04   41.4 min  |  PSNR mixture->modèle, SSIM : postcard 20.77->  nan ssim nan  solid 23.97->  nan ssim nan  wild 24.69->  nan ssim nan  nature20 20.41->  nan ssim nan  real20 18.69->  nan ssim nan
it   8000  loss nan  lr 1.89e-04   43.7 min  |  PSNR mixture->modèle, SSIM : postcard 20.77->  nan ssim nan  solid 23.97->  nan ssim nan  wild 24.69->  nan ssim nan  nature20 20.41->  nan ssim nan  real20 18.69->  nan ssim nan
it   8500  loss nan  lr 1.10e-04   46.0 min  |  PSNR mixture->modèle, SSIM : postcard 20.77->  nan ssim nan  solid 23.97->  nan ssim nan  wild 24.69->  nan ssim nan  nature20 20.41->  nan ssim nan  real20 18.69->  nan ssim nan
it   9000  loss nan  lr 5.02e-05   48.3 min  |  PSNR mixture->modèle, SSIM : postcard 20.77->  nan ssim nan  solid 23.97->  nan ssim nan  wild 24.69->  nan ssim nan  nature20 20.41->  nan ssim nan  real20 18.69->  nan ssim nan
it   9500  loss nan  lr 1.29e-05   50.7 min  |  PSNR mixture->modèle, SSIM : postcard 20.77->  nan ssim nan  solid 23.97->  nan ssim nan  wild 24.69->  nan ssim nan  nature20 20.41->  nan ssim nan  real20 18.69->  nan ssim nan
it  10000  FIN  53.0 min  |  postcard 20.77->  nan ssim nan  solid 23.97->  nan ssim nan  wild 24.69->  nan ssim nan  nature20 20.41->  nan ssim nan  real20 18.69->  nan ssim nan
