=== SM_big_seed_0 ===
{
  "gpu": "5",
  "cfg": "sweep/SM_big_seed_0.json",
  "name": "SM_big_seed_0",
  "out": "runs",
  "force": false,
  "seed": 0,
  "ckpt": false,
  "dim": 32,
  "dim_mults": [
    1,
    2,
    4
  ],
  "channel": 3,
  "compile": true,
  "lr": 0.001,
  "iters": 10000,
  "eval_every": 500,
  "eval_batches": 100,
  "batch_size": 16,
  "workers": 6,
  "eval_workers": 3,
  "size": 224,
  "weights": [
    0.8,
    0.1,
    0.1
  ],
  "simulated": true,
  "tone": true,
  "npz_dir": "/home/damien/data_fivek_dng/simulated_big_biaised2",
  "t_key": "t",
  "ev_jitter": [
    -1.9,
    0.9
  ],
  "pixel": 1.0,
  "perceptual": 0.1,
  "gradient": 0.1
}
1.3 M paramètres  |  device cuda  |  CUDA_VISIBLE_DEVICES=5
it      0  loss 0.4031  lr 4.00e-05    1.3 min  |  PSNR mixture->modèle, SSIM : postcard 20.81->20.84 ssim 0.864  solid 24.02->24.05 ssim 0.890  wild 24.79->24.82 ssim 0.893  nature20 20.62->20.64 ssim 0.828  real20 18.78->18.80 ssim 0.756
it    500  loss 0.3510  lr 1.04e-04    2.1 min  |  PSNR mixture->modèle, SSIM : postcard 20.81->22.22 ssim 0.866  solid 24.02->23.83 ssim 0.907  wild 24.79->24.95 ssim 0.901  nature20 20.62->21.18 ssim 0.833  real20 18.78->19.84 ssim 0.777
it   1000  loss 0.3478  lr 2.80e-04    3.0 min  |  PSNR mixture->modèle, SSIM : postcard 20.81->21.32 ssim 0.857  solid 24.02->24.03 ssim 0.906  wild 24.79->25.30 ssim 0.900  nature20 20.62->21.43 ssim 0.834  real20 18.78->19.82 ssim 0.775
it   1500  loss 0.3955  lr 5.20e-04    3.8 min  |  PSNR mixture->modèle, SSIM : postcard 20.81->21.45 ssim 0.853  solid 24.02->24.02 ssim 0.906  wild 24.79->25.23 ssim 0.901  nature20 20.62->21.60 ssim 0.839  real20 18.78->19.80 ssim 0.778
it   2000  loss 0.4332  lr 7.60e-04    4.6 min  |  PSNR mixture->modèle, SSIM : postcard 20.81->20.79 ssim 0.847  solid 24.02->24.08 ssim 0.904  wild 24.79->25.23 ssim 0.901  nature20 20.62->21.59 ssim 0.837  real20 18.78->19.90 ssim 0.779
it   2500  loss 0.4435  lr 9.36e-04    5.5 min  |  PSNR mixture->modèle, SSIM : postcard 20.81->21.05 ssim 0.851  solid 24.02->24.25 ssim 0.905  wild 24.79->25.12 ssim 0.900  nature20 20.62->21.46 ssim 0.832  real20 18.78->20.00 ssim 0.782
it   3000  loss 0.3604  lr 1.00e-03    6.3 min  |  PSNR mixture->modèle, SSIM : postcard 20.81->19.03 ssim 0.833  solid 24.02->24.23 ssim 0.908  wild 24.79->25.31 ssim 0.903  nature20 20.62->21.80 ssim 0.835  real20 18.78->20.19 ssim 0.781
it   3500  loss 0.4187  lr 9.88e-04    7.1 min  |  PSNR mixture->modèle, SSIM : postcard 20.81->21.84 ssim 0.851  solid 24.02->25.06 ssim 0.912  wild 24.79->25.57 ssim 0.905  nature20 20.62->21.79 ssim 0.834  real20 18.78->20.17 ssim 0.777
it   4000  loss 0.3936  lr 9.51e-04    7.9 min  |  PSNR mixture->modèle, SSIM : postcard 20.81->19.28 ssim 0.829  solid 24.02->23.27 ssim 0.902  wild 24.79->24.69 ssim 0.898  nature20 20.62->21.30 ssim 0.830  real20 18.78->20.06 ssim 0.781
it   4500  loss 0.3669  lr 8.91e-04    8.8 min  |  PSNR mixture->modèle, SSIM : postcard 20.81->20.77 ssim 0.847  solid 24.02->25.34 ssim 0.915  wild 24.79->25.46 ssim 0.904  nature20 20.62->22.12 ssim 0.839  real20 18.78->20.46 ssim 0.786
it   5000  loss 0.3511  lr 8.12e-04    9.6 min  |  PSNR mixture->modèle, SSIM : postcard 20.81->18.03 ssim 0.807  solid 24.02->23.87 ssim 0.907  wild 24.79->25.43 ssim 0.905  nature20 20.62->22.00 ssim 0.838  real20 18.78->20.58 ssim 0.787
it   5500  loss 0.3714  lr 7.18e-04   10.4 min  |  PSNR mixture->modèle, SSIM : postcard 20.81->19.19 ssim 0.821  solid 24.02->24.42 ssim 0.909  wild 24.79->25.54 ssim 0.906  nature20 20.62->21.88 ssim 0.837  real20 18.78->20.37 ssim 0.785
it   6000  loss 0.3537  lr 6.12e-04   11.3 min  |  PSNR mixture->modèle, SSIM : postcard 20.81->19.83 ssim 0.835  solid 24.02->25.23 ssim 0.913  wild 24.79->25.60 ssim 0.909  nature20 20.62->22.05 ssim 0.839  real20 18.78->20.48 ssim 0.784
it   6500  loss 0.3519  lr 5.01e-04   12.1 min  |  PSNR mixture->modèle, SSIM : postcard 20.81->21.75 ssim 0.865  solid 24.02->25.44 ssim 0.916  wild 24.79->25.76 ssim 0.910  nature20 20.62->22.11 ssim 0.842  real20 18.78->20.56 ssim 0.786
it   7000  loss 0.3421  lr 3.90e-04   12.9 min  |  PSNR mixture->modèle, SSIM : postcard 20.81->20.33 ssim 0.846  solid 24.02->25.44 ssim 0.916  wild 24.79->25.74 ssim 0.910  nature20 20.62->22.42 ssim 0.842  real20 18.78->20.69 ssim 0.790
it   7500  loss 0.3603  lr 2.84e-04   13.7 min  |  PSNR mixture->modèle, SSIM : postcard 20.81->22.65 ssim 0.868  solid 24.02->25.65 ssim 0.917  wild 24.79->25.67 ssim 0.911  nature20 20.62->22.11 ssim 0.843  real20 18.78->20.63 ssim 0.786
it   8000  loss 0.3505  lr 1.89e-04   14.6 min  |  PSNR mixture->modèle, SSIM : postcard 20.81->22.80 ssim 0.873  solid 24.02->25.43 ssim 0.917  wild 24.79->25.74 ssim 0.912  nature20 20.62->22.09 ssim 0.843  real20 18.78->20.89 ssim 0.789
it   8500  loss 0.2958  lr 1.10e-04   15.4 min  |  PSNR mixture->modèle, SSIM : postcard 20.81->21.46 ssim 0.861  solid 24.02->25.46 ssim 0.916  wild 24.79->25.74 ssim 0.911  nature20 20.62->22.14 ssim 0.843  real20 18.78->20.81 ssim 0.791
it   9000  loss 0.3443  lr 5.02e-05   16.2 min  |  PSNR mixture->modèle, SSIM : postcard 20.81->22.40 ssim 0.869  solid 24.02->25.67 ssim 0.917  wild 24.79->25.81 ssim 0.912  nature20 20.62->22.19 ssim 0.845  real20 18.78->20.96 ssim 0.792
it   9500  loss 0.3042  lr 1.29e-05   17.1 min  |  PSNR mixture->modèle, SSIM : postcard 20.81->21.96 ssim 0.865  solid 24.02->25.62 ssim 0.916  wild 24.79->25.81 ssim 0.912  nature20 20.62->22.26 ssim 0.845  real20 18.78->20.94 ssim 0.791
it  10000  FIN  17.9 min  |  postcard 20.81->21.72 ssim 0.863  solid 24.02->25.59 ssim 0.917  wild 24.79->25.79 ssim 0.912  nature20 20.62->22.32 ssim 0.845  real20 18.78->20.90 ssim 0.790
