=== SM_consistent_seed_1 ===
{
  "gpu": "3",
  "cfg": "sweep/SM_consistent_seed_1.json",
  "name": "SM_consistent_seed_1",
  "out": "runs",
  "force": false,
  "seed": 1,
  "ckpt": false,
  "dim": 32,
  "dim_mults": [
    1,
    2,
    4
  ],
  "channel": 3,
  "compile": true,
  "lr": 0.001,
  "iters": 10000,
  "eval_every": 500,
  "eval_batches": 100,
  "batch_size": 16,
  "workers": 6,
  "eval_workers": 3,
  "size": 384,
  "weights": [
    0.8,
    0.1,
    0.1
  ],
  "simulated": true,
  "tone": true,
  "npz_dir": "/home/damien/data_fivek_dng/dataset_soomin_final",
  "t_key": "t",
  "ev_jitter": [
    -1.9,
    0.9
  ],
  "pixel": 1.0,
  "perceptual": 0.1,
  "gradient": 0.1
}
1.3 M paramètres  |  device cuda  |  CUDA_VISIBLE_DEVICES=3
it      0  loss 0.2706  lr 4.00e-05    1.3 min  |  PSNR mixture->modèle, SSIM : postcard 20.77->20.81 ssim 0.878  solid 23.97->24.01 ssim 0.893  wild 24.69->24.74 ssim 0.905  nature20 20.41->20.43 ssim 0.806  real20 18.69->18.72 ssim 0.758
it    500  loss 0.3243  lr 1.04e-04    3.9 min  |  PSNR mixture->modèle, SSIM : postcard 20.77->22.55 ssim 0.884  solid 23.97->24.92 ssim 0.912  wild 24.69->25.33 ssim 0.914  nature20 20.41->20.99 ssim 0.813  real20 18.69->19.69 ssim 0.779
it   1000  loss 0.3088  lr 2.80e-04    6.3 min  |  PSNR mixture->modèle, SSIM : postcard 20.77->22.33 ssim 0.881  solid 23.97->24.91 ssim 0.912  wild 24.69->25.41 ssim 0.914  nature20 20.41->21.03 ssim 0.814  real20 18.69->19.66 ssim 0.776
it   1500  loss 0.2987  lr 5.20e-04    9.2 min  |  PSNR mixture->modèle, SSIM : postcard 20.77->22.45 ssim 0.883  solid 23.97->25.01 ssim 0.912  wild 24.69->25.37 ssim 0.908  nature20 20.41->20.96 ssim 0.809  real20 18.69->19.67 ssim 0.778
it   2000  loss 0.2376  lr 7.60e-04   12.0 min  |  PSNR mixture->modèle, SSIM : postcard 20.77->22.29 ssim 0.879  solid 23.97->25.28 ssim 0.914  wild 24.69->25.51 ssim 0.914  nature20 20.41->21.17 ssim 0.816  real20 18.69->19.70 ssim 0.778
it   2500  loss 0.2847  lr 9.36e-04   14.8 min  |  PSNR mixture->modèle, SSIM : postcard 20.77->23.05 ssim 0.884  solid 23.97->25.58 ssim 0.916  wild 24.69->25.72 ssim 0.916  nature20 20.41->21.21 ssim 0.815  real20 18.69->19.83 ssim 0.780
it   3000  loss 0.2696  lr 1.00e-03   17.4 min  |  PSNR mixture->modèle, SSIM : postcard 20.77->22.92 ssim 0.882  solid 23.97->25.55 ssim 0.916  wild 24.69->25.65 ssim 0.916  nature20 20.41->21.33 ssim 0.815  real20 18.69->19.92 ssim 0.782
it   3500  loss 0.2630  lr 9.88e-04   19.7 min  |  PSNR mixture->modèle, SSIM : postcard 20.77->23.23 ssim 0.883  solid 23.97->25.83 ssim 0.919  wild 24.69->25.82 ssim 0.919  nature20 20.41->21.55 ssim 0.820  real20 18.69->19.95 ssim 0.780
it   4000  loss 0.3105  lr 9.51e-04   22.0 min  |  PSNR mixture->modèle, SSIM : postcard 20.77->22.19 ssim 0.872  solid 23.97->25.52 ssim 0.916  wild 24.69->25.75 ssim 0.917  nature20 20.41->21.51 ssim 0.818  real20 18.69->20.03 ssim 0.782
it   4500  loss 0.2639  lr 8.91e-04   24.4 min  |  PSNR mixture->modèle, SSIM : postcard 20.77->21.21 ssim 0.858  solid 23.97->25.62 ssim 0.918  wild 24.69->25.69 ssim 0.918  nature20 20.41->21.70 ssim 0.818  real20 18.69->20.26 ssim 0.775
it   5000  loss 0.2563  lr 8.12e-04   26.9 min  |  PSNR mixture->modèle, SSIM : postcard 20.77->22.57 ssim 0.878  solid 23.97->25.51 ssim 0.915  wild 24.69->25.68 ssim 0.916  nature20 20.41->21.56 ssim 0.822  real20 18.69->20.06 ssim 0.784
it   5500  loss 0.2746  lr 7.18e-04   29.2 min  |  PSNR mixture->modèle, SSIM : postcard 20.77->21.18 ssim 0.868  solid 23.97->25.12 ssim 0.914  wild 24.69->25.37 ssim 0.915  nature20 20.41->21.54 ssim 0.819  real20 18.69->20.33 ssim 0.787
it   6000  loss 0.2529  lr 6.12e-04   31.5 min  |  PSNR mixture->modèle, SSIM : postcard 20.77->21.98 ssim 0.878  solid 23.97->25.66 ssim 0.919  wild 24.69->25.49 ssim 0.914  nature20 20.41->21.61 ssim 0.820  real20 18.69->20.49 ssim 0.790
it   6500  loss 0.2510  lr 5.01e-04   33.8 min  |  PSNR mixture->modèle, SSIM : postcard 20.77->19.60 ssim 0.848  solid 23.97->25.35 ssim 0.917  wild 24.69->25.52 ssim 0.918  nature20 20.41->21.92 ssim 0.824  real20 18.69->20.54 ssim 0.789
it   7000  loss 0.2522  lr 3.90e-04   36.1 min  |  PSNR mixture->modèle, SSIM : postcard 20.77->22.41 ssim 0.879  solid 23.97->25.69 ssim 0.919  wild 24.69->25.75 ssim 0.919  nature20 20.41->21.69 ssim 0.822  real20 18.69->20.36 ssim 0.783
it   7500  loss 0.2687  lr 2.84e-04   38.4 min  |  PSNR mixture->modèle, SSIM : postcard 20.77->20.43 ssim 0.861  solid 23.97->25.11 ssim 0.916  wild 24.69->25.56 ssim 0.916  nature20 20.41->21.76 ssim 0.822  real20 18.69->20.49 ssim 0.788
it   8000  loss 0.2812  lr 1.89e-04   40.7 min  |  PSNR mixture->modèle, SSIM : postcard 20.77->21.91 ssim 0.876  solid 23.97->25.54 ssim 0.919  wild 24.69->25.66 ssim 0.918  nature20 20.41->21.73 ssim 0.822  real20 18.69->20.64 ssim 0.792
it   8500  loss 0.2482  lr 1.10e-04   43.1 min  |  PSNR mixture->modèle, SSIM : postcard 20.77->21.53 ssim 0.875  solid 23.97->25.10 ssim 0.916  wild 24.69->25.64 ssim 0.918  nature20 20.41->21.89 ssim 0.823  real20 18.69->20.63 ssim 0.790
it   9000  loss 0.2641  lr 5.02e-05   45.4 min  |  PSNR mixture->modèle, SSIM : postcard 20.77->21.80 ssim 0.876  solid 23.97->25.49 ssim 0.918  wild 24.69->25.64 ssim 0.918  nature20 20.41->21.90 ssim 0.824  real20 18.69->20.62 ssim 0.791
it   9500  loss 0.2538  lr 1.29e-05   47.7 min  |  PSNR mixture->modèle, SSIM : postcard 20.77->21.77 ssim 0.875  solid 23.97->25.34 ssim 0.918  wild 24.69->25.60 ssim 0.918  nature20 20.41->21.91 ssim 0.824  real20 18.69->20.59 ssim 0.791
it  10000  FIN  50.0 min  |  postcard 20.77->21.69 ssim 0.874  solid 23.97->25.38 ssim 0.918  wild 24.69->25.64 ssim 0.918  nature20 20.41->21.91 ssim 0.824  real20 18.69->20.61 ssim 0.791
