=== SMnoperc_seed2 ===
{
  "gpu": "5",
  "cfg": "sweep/SMnoperc_seed2.json",
  "name": "SMnoperc_seed2",
  "out": "runs",
  "force": false,
  "seed": 2,
  "ckpt": false,
  "dim": 32,
  "dim_mults": [
    1,
    2,
    4
  ],
  "channel": 3,
  "compile": true,
  "lr": 0.001,
  "iters": 10000,
  "eval_every": 500,
  "eval_batches": 100,
  "batch_size": 16,
  "workers": 6,
  "eval_workers": 3,
  "size": 224,
  "weights": [
    0.8,
    0.1,
    0.1
  ],
  "simulated": true,
  "tone": true,
  "npz_dir": "/home/damien/data_fivek_dng/simulated",
  "t_key": "t",
  "ev_jitter": [
    -1.9,
    0.9
  ],
  "pixel": 1.0,
  "perceptual": 0.0,
  "gradient": 0.1
}
1.3 M paramètres  |  device cuda  |  CUDA_VISIBLE_DEVICES=5
it      0  loss 0.0693  lr 4.00e-05    0.9 min  |  PSNR mixture->modèle, SSIM : postcard 20.81->20.85 ssim 0.864  solid 24.02->24.05 ssim 0.891  wild 24.79->24.83 ssim 0.893  nature20 20.62->20.64 ssim 0.828  real20 18.78->18.81 ssim 0.756
it    500  loss 0.0698  lr 1.04e-04    1.5 min  |  PSNR mixture->modèle, SSIM : postcard 20.81->22.72 ssim 0.870  solid 24.02->24.83 ssim 0.905  wild 24.79->25.21 ssim 0.898  nature20 20.62->21.27 ssim 0.833  real20 18.78->19.90 ssim 0.778
it   1000  loss 0.0661  lr 2.80e-04    2.1 min  |  PSNR mixture->modèle, SSIM : postcard 20.81->22.03 ssim 0.866  solid 24.02->24.08 ssim 0.905  wild 24.79->24.89 ssim 0.890  nature20 20.62->21.19 ssim 0.829  real20 18.78->19.88 ssim 0.778
it   1500  loss 0.0583  lr 5.20e-04    2.7 min  |  PSNR mixture->modèle, SSIM : postcard 20.81->22.17 ssim 0.859  solid 24.02->24.09 ssim 0.898  wild 24.79->24.89 ssim 0.888  nature20 20.62->21.12 ssim 0.825  real20 18.78->19.80 ssim 0.780
it   2000  loss 0.0704  lr 7.60e-04    3.3 min  |  PSNR mixture->modèle, SSIM : postcard 20.81->22.66 ssim 0.866  solid 24.02->24.46 ssim 0.905  wild 24.79->25.00 ssim 0.896  nature20 20.62->21.25 ssim 0.832  real20 18.78->19.79 ssim 0.780
it   2500  loss 0.0775  lr 9.36e-04    3.8 min  |  PSNR mixture->modèle, SSIM : postcard 20.81->21.95 ssim 0.852  solid 24.02->24.29 ssim 0.901  wild 24.79->25.04 ssim 0.890  nature20 20.62->21.25 ssim 0.828  real20 18.78->19.87 ssim 0.781
it   3000  loss 0.0625  lr 1.00e-03    4.4 min  |  PSNR mixture->modèle, SSIM : postcard 20.81->22.17 ssim 0.861  solid 24.02->23.80 ssim 0.901  wild 24.79->25.06 ssim 0.892  nature20 20.62->21.32 ssim 0.828  real20 18.78->19.82 ssim 0.776
it   3500  loss 0.0710  lr 9.88e-04    5.0 min  |  PSNR mixture->modèle, SSIM : postcard 20.81->21.73 ssim 0.850  solid 24.02->24.04 ssim 0.902  wild 24.79->25.12 ssim 0.898  nature20 20.62->21.50 ssim 0.837  real20 18.78->19.81 ssim 0.778
it   4000  loss 0.0558  lr 9.51e-04    5.6 min  |  PSNR mixture->modèle, SSIM : postcard 20.81->21.61 ssim 0.849  solid 24.02->23.74 ssim 0.900  wild 24.79->25.12 ssim 0.899  nature20 20.62->21.19 ssim 0.835  real20 18.78->19.80 ssim 0.779
it   4500  loss 0.0673  lr 8.91e-04    6.2 min  |  PSNR mixture->modèle, SSIM : postcard 20.81->20.92 ssim 0.847  solid 24.02->24.73 ssim 0.906  wild 24.79->25.03 ssim 0.899  nature20 20.62->21.65 ssim 0.837  real20 18.78->19.97 ssim 0.783
it   5000  loss 0.0938  lr 8.12e-04    6.8 min  |  PSNR mixture->modèle, SSIM : postcard 20.81->18.45 ssim 0.816  solid 24.02->22.21 ssim 0.889  wild 24.79->24.66 ssim 0.896  nature20 20.62->21.46 ssim 0.830  real20 18.78->19.87 ssim 0.780
it   5500  loss 0.0934  lr 7.18e-04    7.3 min  |  PSNR mixture->modèle, SSIM : postcard 20.81->20.94 ssim 0.843  solid 24.02->25.01 ssim 0.906  wild 24.79->25.23 ssim 0.898  nature20 20.62->21.73 ssim 0.834  real20 18.78->20.03 ssim 0.783
it   6000  loss 0.0673  lr 6.12e-04    7.9 min  |  PSNR mixture->modèle, SSIM : postcard 20.81->18.96 ssim 0.832  solid 24.02->23.63 ssim 0.897  wild 24.79->24.82 ssim 0.895  nature20 20.62->22.07 ssim 0.838  real20 18.78->19.93 ssim 0.775
it   6500  loss 0.0752  lr 5.01e-04    8.5 min  |  PSNR mixture->modèle, SSIM : postcard 20.81->20.62 ssim 0.832  solid 24.02->25.15 ssim 0.904  wild 24.79->25.07 ssim 0.898  nature20 20.62->21.84 ssim 0.833  real20 18.78->20.18 ssim 0.784
it   7000  loss 0.0623  lr 3.90e-04    9.1 min  |  PSNR mixture->modèle, SSIM : postcard 20.81->20.00 ssim 0.823  solid 24.02->24.98 ssim 0.902  wild 24.79->25.23 ssim 0.897  nature20 20.62->21.86 ssim 0.831  real20 18.78->20.10 ssim 0.783
it   7500  loss 0.0680  lr 2.84e-04    9.7 min  |  PSNR mixture->modèle, SSIM : postcard 20.81->20.27 ssim 0.822  solid 24.02->24.79 ssim 0.903  wild 24.79->25.43 ssim 0.900  nature20 20.62->22.04 ssim 0.835  real20 18.78->20.25 ssim 0.783
it   8000  loss 0.0579  lr 1.89e-04   10.3 min  |  PSNR mixture->modèle, SSIM : postcard 20.81->19.40 ssim 0.815  solid 24.02->24.79 ssim 0.904  wild 24.79->25.40 ssim 0.901  nature20 20.62->21.93 ssim 0.833  real20 18.78->20.26 ssim 0.784
it   8500  loss 0.0533  lr 1.10e-04   10.9 min  |  PSNR mixture->modèle, SSIM : postcard 20.81->18.82 ssim 0.807  solid 24.02->24.75 ssim 0.903  wild 24.79->25.40 ssim 0.901  nature20 20.62->22.12 ssim 0.837  real20 18.78->20.28 ssim 0.783
it   9000  loss 0.0687  lr 5.02e-05   11.5 min  |  PSNR mixture->modèle, SSIM : postcard 20.81->19.11 ssim 0.809  solid 24.02->25.13 ssim 0.907  wild 24.79->25.41 ssim 0.901  nature20 20.62->22.09 ssim 0.836  real20 18.78->20.37 ssim 0.784
it   9500  loss 0.0601  lr 1.29e-05   12.0 min  |  PSNR mixture->modèle, SSIM : postcard 20.81->19.30 ssim 0.814  solid 24.02->25.21 ssim 0.907  wild 24.79->25.36 ssim 0.900  nature20 20.62->22.16 ssim 0.837  real20 18.78->20.35 ssim 0.782
it  10000  FIN  12.6 min  |  postcard 20.81->19.49 ssim 0.817  solid 24.02->25.26 ssim 0.908  wild 24.79->25.38 ssim 0.901  nature20 20.62->22.12 ssim 0.837  real20 18.78->20.37 ssim 0.783
