=== SMnotone_seed1 ===
{
  "gpu": "5",
  "cfg": "sweep/SMnotone_seed1.json",
  "name": "SMnotone_seed1",
  "out": "runs",
  "force": false,
  "seed": 1,
  "ckpt": false,
  "dim": 32,
  "dim_mults": [
    1,
    2,
    4
  ],
  "channel": 3,
  "compile": true,
  "lr": 0.001,
  "iters": 10000,
  "eval_every": 500,
  "eval_batches": 100,
  "batch_size": 16,
  "workers": 6,
  "eval_workers": 3,
  "size": 224,
  "weights": [
    0.8,
    0.1,
    0.1
  ],
  "simulated": true,
  "tone": false,
  "npz_dir": "/home/damien/data_fivek_dng/simulated",
  "t_key": "t",
  "ev_jitter": [
    -1.9,
    0.9
  ],
  "pixel": 1.0,
  "perceptual": 0.1,
  "gradient": 0.1
}
1.3 M paramètres  |  device cuda  |  CUDA_VISIBLE_DEVICES=5
it      0  loss 0.3274  lr 4.00e-05    0.9 min  |  PSNR mixture->modèle, SSIM : postcard 20.81->20.84 ssim 0.864  solid 24.02->24.06 ssim 0.891  wild 24.79->24.83 ssim 0.894  nature20 20.62->20.64 ssim 0.828  real20 18.78->18.81 ssim 0.756
it    500  loss 0.3000  lr 1.04e-04    1.8 min  |  PSNR mixture->modèle, SSIM : postcard 20.81->22.30 ssim 0.867  solid 24.02->24.90 ssim 0.908  wild 24.79->25.49 ssim 0.901  nature20 20.62->21.15 ssim 0.833  real20 18.78->19.75 ssim 0.774
it   1000  loss 0.2877  lr 2.80e-04    2.6 min  |  PSNR mixture->modèle, SSIM : postcard 20.81->21.88 ssim 0.862  solid 24.02->24.73 ssim 0.906  wild 24.79->25.41 ssim 0.901  nature20 20.62->21.26 ssim 0.835  real20 18.78->19.75 ssim 0.775
it   1500  loss 0.4117  lr 5.20e-04    3.4 min  |  PSNR mixture->modèle, SSIM : postcard 20.81->21.96 ssim 0.862  solid 24.02->24.56 ssim 0.907  wild 24.79->25.43 ssim 0.903  nature20 20.62->21.38 ssim 0.835  real20 18.78->19.83 ssim 0.776
it   2000  loss 0.3049  lr 7.60e-04    4.3 min  |  PSNR mixture->modèle, SSIM : postcard 20.81->21.78 ssim 0.858  solid 24.02->24.65 ssim 0.906  wild 24.79->25.45 ssim 0.902  nature20 20.62->21.34 ssim 0.835  real20 18.78->19.73 ssim 0.778
it   2500  loss 0.3325  lr 9.36e-04    5.1 min  |  PSNR mixture->modèle, SSIM : postcard 20.81->21.51 ssim 0.849  solid 24.02->24.75 ssim 0.907  wild 24.79->25.52 ssim 0.901  nature20 20.62->21.65 ssim 0.833  real20 18.78->19.86 ssim 0.777
it   3000  loss 0.3316  lr 1.00e-03    6.0 min  |  PSNR mixture->modèle, SSIM : postcard 20.81->21.66 ssim 0.858  solid 24.02->24.84 ssim 0.909  wild 24.79->25.61 ssim 0.904  nature20 20.62->21.57 ssim 0.837  real20 18.78->19.79 ssim 0.777
it   3500  loss 0.3583  lr 9.88e-04    6.8 min  |  PSNR mixture->modèle, SSIM : postcard 20.81->20.31 ssim 0.846  solid 24.02->24.73 ssim 0.909  wild 24.79->25.73 ssim 0.907  nature20 20.62->21.92 ssim 0.835  real20 18.78->20.24 ssim 0.780
it   4000  loss 0.3424  lr 9.51e-04    7.6 min  |  PSNR mixture->modèle, SSIM : postcard 20.81->22.48 ssim 0.862  solid 24.02->25.32 ssim 0.909  wild 24.79->25.91 ssim 0.907  nature20 20.62->21.76 ssim 0.838  real20 18.78->19.97 ssim 0.776
it   4500  loss 0.3688  lr 8.91e-04    8.5 min  |  PSNR mixture->modèle, SSIM : postcard 20.81->23.02 ssim 0.864  solid 24.02->25.66 ssim 0.912  wild 24.79->25.90 ssim 0.908  nature20 20.62->21.82 ssim 0.840  real20 18.78->20.19 ssim 0.780
it   5000  loss 0.3604  lr 8.12e-04    9.3 min  |  PSNR mixture->modèle, SSIM : postcard 20.81->22.16 ssim 0.857  solid 24.02->25.33 ssim 0.909  wild 24.79->25.79 ssim 0.905  nature20 20.62->21.72 ssim 0.839  real20 18.78->20.29 ssim 0.783
it   5500  loss 0.3365  lr 7.18e-04   10.1 min  |  PSNR mixture->modèle, SSIM : postcard 20.81->22.97 ssim 0.864  solid 24.02->25.79 ssim 0.913  wild 24.79->25.75 ssim 0.907  nature20 20.62->22.02 ssim 0.840  real20 18.78->20.37 ssim 0.784
it   6000  loss 0.3546  lr 6.12e-04   11.0 min  |  PSNR mixture->modèle, SSIM : postcard 20.81->20.91 ssim 0.844  solid 24.02->25.61 ssim 0.912  wild 24.79->25.98 ssim 0.910  nature20 20.62->22.06 ssim 0.839  real20 18.78->20.27 ssim 0.783
it   6500  loss 0.3089  lr 5.01e-04   11.8 min  |  PSNR mixture->modèle, SSIM : postcard 20.81->20.41 ssim 0.839  solid 24.02->25.46 ssim 0.912  wild 24.79->26.07 ssim 0.912  nature20 20.62->22.12 ssim 0.840  real20 18.78->20.58 ssim 0.785
it   7000  loss 0.3357  lr 3.90e-04   12.7 min  |  PSNR mixture->modèle, SSIM : postcard 20.81->21.40 ssim 0.849  solid 24.02->25.34 ssim 0.911  wild 24.79->25.98 ssim 0.912  nature20 20.62->22.33 ssim 0.842  real20 18.78->20.68 ssim 0.786
it   7500  loss 0.3624  lr 2.84e-04   13.5 min  |  PSNR mixture->modèle, SSIM : postcard 20.81->23.61 ssim 0.874  solid 24.02->25.61 ssim 0.913  wild 24.79->25.94 ssim 0.911  nature20 20.62->21.98 ssim 0.841  real20 18.78->20.51 ssim 0.782
it   8000  loss 0.2877  lr 1.89e-04   14.3 min  |  PSNR mixture->modèle, SSIM : postcard 20.81->20.08 ssim 0.831  solid 24.02->25.72 ssim 0.914  wild 24.79->25.98 ssim 0.912  nature20 20.62->22.31 ssim 0.842  real20 18.78->20.60 ssim 0.785
it   8500  loss 0.3156  lr 1.10e-04   15.2 min  |  PSNR mixture->modèle, SSIM : postcard 20.81->20.72 ssim 0.840  solid 24.02->25.71 ssim 0.913  wild 24.79->25.94 ssim 0.912  nature20 20.62->22.43 ssim 0.844  real20 18.78->20.75 ssim 0.788
it   9000  loss 0.2905  lr 5.02e-05   16.0 min  |  PSNR mixture->modèle, SSIM : postcard 20.81->21.25 ssim 0.846  solid 24.02->25.64 ssim 0.912  wild 24.79->25.95 ssim 0.911  nature20 20.62->22.41 ssim 0.844  real20 18.78->20.65 ssim 0.784
it   9500  loss 0.2826  lr 1.29e-05   16.8 min  |  PSNR mixture->modèle, SSIM : postcard 20.81->21.46 ssim 0.849  solid 24.02->25.69 ssim 0.913  wild 24.79->25.96 ssim 0.911  nature20 20.62->22.31 ssim 0.844  real20 18.78->20.68 ssim 0.785
it  10000  FIN  17.7 min  |  postcard 20.81->21.76 ssim 0.853  solid 24.02->25.70 ssim 0.913  wild 24.79->25.98 ssim 0.912  nature20 20.62->22.31 ssim 0.844  real20 18.78->20.70 ssim 0.785
