=== SMonly_seed2 ===
{
  "gpu": "5",
  "cfg": "sweep/SMonly_seed2.json",
  "name": "SMonly_seed2",
  "out": "runs",
  "force": false,
  "seed": 2,
  "ckpt": false,
  "dim": 32,
  "dim_mults": [
    1,
    2,
    4
  ],
  "channel": 3,
  "compile": true,
  "lr": 0.001,
  "iters": 10000,
  "eval_every": 500,
  "eval_batches": 100,
  "batch_size": 16,
  "workers": 6,
  "eval_workers": 3,
  "size": 224,
  "weights": [
    1.0,
    0.0,
    0.0
  ],
  "simulated": true,
  "tone": true,
  "npz_dir": "/home/damien/data_fivek_dng/simulated",
  "t_key": "t",
  "ev_jitter": [
    -1.9,
    0.9
  ],
  "pixel": 1.0,
  "perceptual": 0.1,
  "gradient": 0.1
}
1.3 M paramètres  |  device cuda  |  CUDA_VISIBLE_DEVICES=5
it      0  loss 0.4240  lr 4.00e-05    1.0 min  |  PSNR mixture->modèle, SSIM : postcard 20.81->20.85 ssim 0.864  solid 24.02->24.05 ssim 0.891  wild 24.79->24.83 ssim 0.893  nature20 20.62->20.64 ssim 0.828  real20 18.78->18.81 ssim 0.756
it    500  loss 0.3629  lr 1.04e-04    1.8 min  |  PSNR mixture->modèle, SSIM : postcard 20.81->21.38 ssim 0.861  solid 24.02->23.58 ssim 0.905  wild 24.79->24.95 ssim 0.898  nature20 20.62->21.15 ssim 0.833  real20 18.78->19.83 ssim 0.775
it   1000  loss 0.4985  lr 2.80e-04    2.6 min  |  PSNR mixture->modèle, SSIM : postcard 20.81->22.29 ssim 0.860  solid 24.02->23.77 ssim 0.903  wild 24.79->24.90 ssim 0.898  nature20 20.62->21.11 ssim 0.832  real20 18.78->19.79 ssim 0.777
it   1500  loss 0.4123  lr 5.20e-04    3.4 min  |  PSNR mixture->modèle, SSIM : postcard 20.81->20.77 ssim 0.843  solid 24.02->23.62 ssim 0.899  wild 24.79->24.98 ssim 0.895  nature20 20.62->21.59 ssim 0.834  real20 18.78->19.78 ssim 0.777
it   2000  loss 0.3627  lr 7.60e-04    4.3 min  |  PSNR mixture->modèle, SSIM : postcard 20.81->22.48 ssim 0.861  solid 24.02->24.72 ssim 0.906  wild 24.79->25.30 ssim 0.899  nature20 20.62->21.19 ssim 0.832  real20 18.78->19.69 ssim 0.773
it   2500  loss 0.4100  lr 9.36e-04    5.1 min  |  PSNR mixture->modèle, SSIM : postcard 20.81->21.64 ssim 0.851  solid 24.02->23.90 ssim 0.907  wild 24.79->24.86 ssim 0.901  nature20 20.62->21.19 ssim 0.832  real20 18.78->19.84 ssim 0.778
it   3000  loss 0.3574  lr 1.00e-03    5.9 min  |  PSNR mixture->modèle, SSIM : postcard 20.81->21.22 ssim 0.840  solid 24.02->24.16 ssim 0.907  wild 24.79->25.36 ssim 0.903  nature20 20.62->21.65 ssim 0.835  real20 18.78->20.16 ssim 0.782
it   3500  loss 0.3739  lr 9.88e-04    6.7 min  |  PSNR mixture->modèle, SSIM : postcard 20.81->21.65 ssim 0.843  solid 24.02->24.31 ssim 0.903  wild 24.79->25.30 ssim 0.902  nature20 20.62->21.44 ssim 0.828  real20 18.78->20.07 ssim 0.778
it   4000  loss 0.4240  lr 9.51e-04    7.6 min  |  PSNR mixture->modèle, SSIM : postcard 20.81->20.60 ssim 0.850  solid 24.02->24.66 ssim 0.911  wild 24.79->25.45 ssim 0.906  nature20 20.62->21.73 ssim 0.832  real20 18.78->20.36 ssim 0.787
it   4500  loss 0.3395  lr 8.91e-04    8.4 min  |  PSNR mixture->modèle, SSIM : postcard 20.81->21.37 ssim 0.855  solid 24.02->25.01 ssim 0.913  wild 24.79->25.34 ssim 0.908  nature20 20.62->21.49 ssim 0.826  real20 18.78->20.11 ssim 0.777
it   5000  loss 0.3807  lr 8.12e-04    9.2 min  |  PSNR mixture->modèle, SSIM : postcard 20.81->18.67 ssim 0.820  solid 24.02->23.52 ssim 0.902  wild 24.79->25.29 ssim 0.908  nature20 20.62->21.55 ssim 0.827  real20 18.78->20.47 ssim 0.783
it   5500  loss 0.3718  lr 7.18e-04   10.1 min  |  PSNR mixture->modèle, SSIM : postcard 20.81->21.20 ssim 0.847  solid 24.02->25.31 ssim 0.913  wild 24.79->25.50 ssim 0.909  nature20 20.62->21.72 ssim 0.830  real20 18.78->20.03 ssim 0.774
it   6000  loss 0.4298  lr 6.12e-04   10.9 min  |  PSNR mixture->modèle, SSIM : postcard 20.81->20.22 ssim 0.845  solid 24.02->24.74 ssim 0.910  wild 24.79->25.61 ssim 0.911  nature20 20.62->21.94 ssim 0.835  real20 18.78->20.42 ssim 0.787
it   6500  loss 0.3533  lr 5.01e-04   11.7 min  |  PSNR mixture->modèle, SSIM : postcard 20.81->21.40 ssim 0.858  solid 24.02->25.63 ssim 0.915  wild 24.79->25.56 ssim 0.908  nature20 20.62->21.77 ssim 0.836  real20 18.78->20.41 ssim 0.786
it   7000  loss 0.3862  lr 3.90e-04   12.6 min  |  PSNR mixture->modèle, SSIM : postcard 20.81->22.60 ssim 0.872  solid 24.02->25.40 ssim 0.915  wild 24.79->25.73 ssim 0.913  nature20 20.62->21.96 ssim 0.832  real20 18.78->20.53 ssim 0.781
it   7500  loss 0.3033  lr 2.84e-04   13.4 min  |  PSNR mixture->modèle, SSIM : postcard 20.81->21.71 ssim 0.859  solid 24.02->25.50 ssim 0.913  wild 24.79->25.49 ssim 0.911  nature20 20.62->22.02 ssim 0.836  real20 18.78->20.57 ssim 0.790
it   8000  loss 0.3448  lr 1.89e-04   14.3 min  |  PSNR mixture->modèle, SSIM : postcard 20.81->21.95 ssim 0.866  solid 24.02->25.03 ssim 0.910  wild 24.79->25.46 ssim 0.910  nature20 20.62->21.80 ssim 0.835  real20 18.78->20.75 ssim 0.791
it   8500  loss 0.3019  lr 1.10e-04   15.1 min  |  PSNR mixture->modèle, SSIM : postcard 20.81->21.22 ssim 0.856  solid 24.02->25.20 ssim 0.912  wild 24.79->25.34 ssim 0.909  nature20 20.62->21.65 ssim 0.837  real20 18.78->20.76 ssim 0.793
it   9000  loss 0.2942  lr 5.02e-05   15.9 min  |  PSNR mixture->modèle, SSIM : postcard 20.81->20.94 ssim 0.852  solid 24.02->25.09 ssim 0.911  wild 24.79->25.43 ssim 0.910  nature20 20.62->21.72 ssim 0.837  real20 18.78->20.63 ssim 0.789
it   9500  loss 0.3304  lr 1.29e-05   16.7 min  |  PSNR mixture->modèle, SSIM : postcard 20.81->21.25 ssim 0.856  solid 24.02->25.08 ssim 0.910  wild 24.79->25.31 ssim 0.908  nature20 20.62->21.73 ssim 0.837  real20 18.78->20.67 ssim 0.792
it  10000  FIN  17.6 min  |  postcard 20.81->21.29 ssim 0.858  solid 24.02->25.05 ssim 0.909  wild 24.79->25.34 ssim 0.909  nature20 20.62->21.74 ssim 0.837  real20 18.78->20.69 ssim 0.792
