=== SMonly_seed0 ===
{
  "gpu": "5",
  "cfg": "sweep/SMonly_seed0.json",
  "name": "SMonly_seed0",
  "out": "runs",
  "force": false,
  "seed": 0,
  "ckpt": false,
  "dim": 32,
  "dim_mults": [
    1,
    2,
    4
  ],
  "channel": 3,
  "compile": true,
  "lr": 0.001,
  "iters": 10000,
  "eval_every": 500,
  "eval_batches": 100,
  "batch_size": 16,
  "workers": 6,
  "eval_workers": 3,
  "size": 224,
  "weights": [
    1.0,
    0.0,
    0.0
  ],
  "simulated": true,
  "tone": true,
  "npz_dir": "/home/damien/data_fivek_dng/simulated",
  "t_key": "t",
  "ev_jitter": [
    -1.9,
    0.9
  ],
  "pixel": 1.0,
  "perceptual": 0.1,
  "gradient": 0.1
}
1.3 M paramètres  |  device cuda  |  CUDA_VISIBLE_DEVICES=5
it      0  loss 0.4943  lr 4.00e-05    1.4 min  |  PSNR mixture->modèle, SSIM : postcard 20.81->20.84 ssim 0.864  solid 24.02->24.04 ssim 0.890  wild 24.79->24.82 ssim 0.893  nature20 20.62->20.64 ssim 0.828  real20 18.78->18.80 ssim 0.755
it    500  loss 0.4116  lr 1.04e-04    2.3 min  |  PSNR mixture->modèle, SSIM : postcard 20.81->21.72 ssim 0.862  solid 24.02->23.26 ssim 0.904  wild 24.79->24.92 ssim 0.901  nature20 20.62->21.12 ssim 0.833  real20 18.78->19.82 ssim 0.776
it   1000  loss 0.4129  lr 2.80e-04    3.1 min  |  PSNR mixture->modèle, SSIM : postcard 20.81->21.40 ssim 0.858  solid 24.02->23.43 ssim 0.905  wild 24.79->24.65 ssim 0.898  nature20 20.62->21.16 ssim 0.831  real20 18.78->19.86 ssim 0.775
it   1500  loss 0.4451  lr 5.20e-04    3.9 min  |  PSNR mixture->modèle, SSIM : postcard 20.81->21.22 ssim 0.853  solid 24.02->22.53 ssim 0.895  wild 24.79->24.78 ssim 0.898  nature20 20.62->21.05 ssim 0.832  real20 18.78->19.77 ssim 0.776
it   2000  loss 0.4338  lr 7.60e-04    4.7 min  |  PSNR mixture->modèle, SSIM : postcard 20.81->19.28 ssim 0.825  solid 24.02->22.28 ssim 0.891  wild 24.79->24.58 ssim 0.898  nature20 20.62->21.20 ssim 0.830  real20 18.78->20.01 ssim 0.779
it   2500  loss 0.3560  lr 9.36e-04    5.6 min  |  PSNR mixture->modèle, SSIM : postcard 20.81->21.77 ssim 0.856  solid 24.02->23.88 ssim 0.901  wild 24.79->24.93 ssim 0.900  nature20 20.62->21.30 ssim 0.830  real20 18.78->19.99 ssim 0.783
it   3000  loss 0.3249  lr 1.00e-03    6.4 min  |  PSNR mixture->modèle, SSIM : postcard 20.81->18.59 ssim 0.814  solid 24.02->24.63 ssim 0.905  wild 24.79->25.12 ssim 0.902  nature20 20.62->21.25 ssim 0.828  real20 18.78->20.19 ssim 0.780
it   3500  loss 0.4151  lr 9.88e-04    7.3 min  |  PSNR mixture->modèle, SSIM : postcard 20.81->20.19 ssim 0.831  solid 24.02->24.17 ssim 0.905  wild 24.79->25.03 ssim 0.903  nature20 20.62->21.54 ssim 0.828  real20 18.78->20.12 ssim 0.778
it   4000  loss 0.4350  lr 9.51e-04    8.3 min  |  PSNR mixture->modèle, SSIM : postcard 20.81->18.34 ssim 0.810  solid 24.02->22.81 ssim 0.893  wild 24.79->24.99 ssim 0.901  nature20 20.62->21.72 ssim 0.828  real20 18.78->20.08 ssim 0.776
it   4500  loss 0.3463  lr 8.91e-04    9.5 min  |  PSNR mixture->modèle, SSIM : postcard 20.81->20.48 ssim 0.840  solid 24.02->24.96 ssim 0.911  wild 24.79->25.47 ssim 0.907  nature20 20.62->21.94 ssim 0.834  real20 18.78->20.33 ssim 0.784
it   5000  loss 0.4219  lr 8.12e-04   10.5 min  |  PSNR mixture->modèle, SSIM : postcard 20.81->21.04 ssim 0.852  solid 24.02->25.48 ssim 0.910  wild 24.79->25.58 ssim 0.906  nature20 20.62->21.95 ssim 0.833  real20 18.78->20.30 ssim 0.783
it   5500  loss 0.3809  lr 7.18e-04   11.4 min  |  PSNR mixture->modèle, SSIM : postcard 20.81->21.16 ssim 0.851  solid 24.02->24.93 ssim 0.911  wild 24.79->25.35 ssim 0.907  nature20 20.62->21.53 ssim 0.828  real20 18.78->20.31 ssim 0.784
it   6000  loss 0.3927  lr 6.12e-04   12.3 min  |  PSNR mixture->modèle, SSIM : postcard 20.81->22.34 ssim 0.866  solid 24.02->25.27 ssim 0.912  wild 24.79->25.79 ssim 0.911  nature20 20.62->21.63 ssim 0.835  real20 18.78->20.19 ssim 0.782
it   6500  loss 0.3873  lr 5.01e-04   13.1 min  |  PSNR mixture->modèle, SSIM : postcard 20.81->21.73 ssim 0.862  solid 24.02->25.08 ssim 0.912  wild 24.79->25.62 ssim 0.911  nature20 20.62->21.54 ssim 0.831  real20 18.78->20.49 ssim 0.783
it   7000  loss 0.3681  lr 3.90e-04   13.9 min  |  PSNR mixture->modèle, SSIM : postcard 20.81->21.47 ssim 0.863  solid 24.02->24.85 ssim 0.911  wild 24.79->25.55 ssim 0.911  nature20 20.62->21.71 ssim 0.836  real20 18.78->20.67 ssim 0.788
it   7500  loss 0.3253  lr 2.84e-04   14.7 min  |  PSNR mixture->modèle, SSIM : postcard 20.81->19.66 ssim 0.836  solid 24.02->24.52 ssim 0.908  wild 24.79->25.02 ssim 0.907  nature20 20.62->21.41 ssim 0.820  real20 18.78->20.43 ssim 0.781
it   8000  loss 0.3762  lr 1.89e-04   15.6 min  |  PSNR mixture->modèle, SSIM : postcard 20.81->20.81 ssim 0.854  solid 24.02->24.79 ssim 0.911  wild 24.79->25.58 ssim 0.912  nature20 20.62->21.68 ssim 0.834  real20 18.78->20.61 ssim 0.790
it   8500  loss 0.3456  lr 1.10e-04   16.4 min  |  PSNR mixture->modèle, SSIM : postcard 20.81->21.09 ssim 0.856  solid 24.02->25.08 ssim 0.912  wild 24.79->25.67 ssim 0.912  nature20 20.62->21.59 ssim 0.833  real20 18.78->20.67 ssim 0.791
it   9000  loss 0.3346  lr 5.02e-05   17.3 min  |  PSNR mixture->modèle, SSIM : postcard 20.81->21.32 ssim 0.860  solid 24.02->25.06 ssim 0.912  wild 24.79->25.65 ssim 0.912  nature20 20.62->21.73 ssim 0.837  real20 18.78->20.74 ssim 0.793
it   9500  loss 0.3647  lr 1.29e-05   18.1 min  |  PSNR mixture->modèle, SSIM : postcard 20.81->20.66 ssim 0.852  solid 24.02->24.89 ssim 0.911  wild 24.79->25.62 ssim 0.912  nature20 20.62->21.67 ssim 0.833  real20 18.78->20.63 ssim 0.791
it  10000  FIN  18.9 min  |  postcard 20.81->20.87 ssim 0.854  solid 24.02->24.94 ssim 0.911  wild 24.79->25.63 ssim 0.912  nature20 20.62->21.66 ssim 0.834  real20 18.78->20.64 ssim 0.791
