=== SMseed_2 ===
{
  "gpu": "5",
  "cfg": "sweep/SMseed_2.json",
  "name": "SMseed_2",
  "out": "runs",
  "force": false,
  "seed": 2,
  "ckpt": false,
  "dim": 32,
  "dim_mults": [
    1,
    2,
    4
  ],
  "channel": 3,
  "compile": true,
  "lr": 0.001,
  "iters": 10000,
  "eval_every": 500,
  "eval_batches": 100,
  "batch_size": 16,
  "workers": 6,
  "eval_workers": 3,
  "size": 224,
  "weights": [
    0.8,
    0.1,
    0.1
  ],
  "simulated": true,
  "tone": true,
  "npz_dir": "/home/damien/data_fivek_dng/simulated",
  "t_key": "t",
  "ev_jitter": [
    -1.9,
    0.9
  ],
  "pixel": 1.0,
  "perceptual": 0.1,
  "gradient": 0.1
}
1.3 M paramètres  |  device cuda  |  CUDA_VISIBLE_DEVICES=5
it      0  loss 0.3897  lr 4.00e-05    1.0 min  |  PSNR mixture->modèle, SSIM : postcard 20.81->20.85 ssim 0.864  solid 24.02->24.05 ssim 0.891  wild 24.79->24.83 ssim 0.893  nature20 20.62->20.64 ssim 0.828  real20 18.78->18.81 ssim 0.756
it    500  loss 0.4250  lr 1.04e-04    1.8 min  |  PSNR mixture->modèle, SSIM : postcard 20.81->22.52 ssim 0.865  solid 24.02->24.09 ssim 0.906  wild 24.79->25.15 ssim 0.900  nature20 20.62->21.18 ssim 0.833  real20 18.78->19.75 ssim 0.776
it   1000  loss 0.4241  lr 2.80e-04    2.6 min  |  PSNR mixture->modèle, SSIM : postcard 20.81->22.15 ssim 0.865  solid 24.02->24.74 ssim 0.907  wild 24.79->25.39 ssim 0.900  nature20 20.62->21.34 ssim 0.837  real20 18.78->19.71 ssim 0.773
it   1500  loss 0.4052  lr 5.20e-04    3.5 min  |  PSNR mixture->modèle, SSIM : postcard 20.81->22.68 ssim 0.868  solid 24.02->24.30 ssim 0.906  wild 24.79->24.58 ssim 0.893  nature20 20.62->20.99 ssim 0.826  real20 18.78->19.87 ssim 0.776
it   2000  loss 0.4315  lr 7.60e-04    4.3 min  |  PSNR mixture->modèle, SSIM : postcard 20.81->21.32 ssim 0.858  solid 24.02->23.32 ssim 0.906  wild 24.79->24.73 ssim 0.901  nature20 20.62->21.16 ssim 0.833  real20 18.78->19.85 ssim 0.777
it   2500  loss 0.4216  lr 9.36e-04    5.1 min  |  PSNR mixture->modèle, SSIM : postcard 20.81->22.76 ssim 0.871  solid 24.02->25.22 ssim 0.910  wild 24.79->25.39 ssim 0.899  nature20 20.62->21.65 ssim 0.836  real20 18.78->19.79 ssim 0.771
it   3000  loss 0.4139  lr 1.00e-03    6.0 min  |  PSNR mixture->modèle, SSIM : postcard 20.81->20.82 ssim 0.843  solid 24.02->24.18 ssim 0.901  wild 24.79->25.13 ssim 0.898  nature20 20.62->21.59 ssim 0.826  real20 18.78->19.93 ssim 0.777
it   3500  loss 0.3770  lr 9.88e-04    6.8 min  |  PSNR mixture->modèle, SSIM : postcard 20.81->22.45 ssim 0.867  solid 24.02->25.33 ssim 0.913  wild 24.79->25.63 ssim 0.907  nature20 20.62->21.89 ssim 0.836  real20 18.78->20.08 ssim 0.780
it   4000  loss 0.3884  lr 9.51e-04    7.6 min  |  PSNR mixture->modèle, SSIM : postcard 20.81->21.35 ssim 0.853  solid 24.02->25.33 ssim 0.909  wild 24.79->25.65 ssim 0.905  nature20 20.62->21.83 ssim 0.839  real20 18.78->20.02 ssim 0.776
it   4500  loss 0.3977  lr 8.91e-04    8.5 min  |  PSNR mixture->modèle, SSIM : postcard 20.81->21.89 ssim 0.852  solid 24.02->25.56 ssim 0.913  wild 24.79->25.68 ssim 0.904  nature20 20.62->21.83 ssim 0.838  real20 18.78->20.37 ssim 0.785
it   5000  loss 0.4016  lr 8.12e-04    9.3 min  |  PSNR mixture->modèle, SSIM : postcard 20.81->18.98 ssim 0.809  solid 24.02->24.03 ssim 0.902  wild 24.79->25.33 ssim 0.903  nature20 20.62->21.92 ssim 0.831  real20 18.78->20.25 ssim 0.777
it   5500  loss 0.3477  lr 7.18e-04   10.1 min  |  PSNR mixture->modèle, SSIM : postcard 20.81->20.51 ssim 0.838  solid 24.02->25.38 ssim 0.913  wild 24.79->25.57 ssim 0.906  nature20 20.62->21.99 ssim 0.840  real20 18.78->20.45 ssim 0.784
it   6000  loss 0.3650  lr 6.12e-04   11.0 min  |  PSNR mixture->modèle, SSIM : postcard 20.81->19.43 ssim 0.809  solid 24.02->24.68 ssim 0.907  wild 24.79->25.57 ssim 0.907  nature20 20.62->22.13 ssim 0.839  real20 18.78->20.50 ssim 0.782
it   6500  loss 0.3691  lr 5.01e-04   11.8 min  |  PSNR mixture->modèle, SSIM : postcard 20.81->20.87 ssim 0.844  solid 24.02->25.74 ssim 0.917  wild 24.79->25.82 ssim 0.909  nature20 20.62->22.08 ssim 0.841  real20 18.78->20.25 ssim 0.780
it   7000  loss 0.3394  lr 3.90e-04   12.6 min  |  PSNR mixture->modèle, SSIM : postcard 20.81->20.93 ssim 0.846  solid 24.02->25.21 ssim 0.917  wild 24.79->25.60 ssim 0.909  nature20 20.62->22.16 ssim 0.844  real20 18.78->20.71 ssim 0.790
it   7500  loss 0.3503  lr 2.84e-04   13.5 min  |  PSNR mixture->modèle, SSIM : postcard 20.81->19.63 ssim 0.831  solid 24.02->25.09 ssim 0.914  wild 24.79->25.27 ssim 0.903  nature20 20.62->22.06 ssim 0.845  real20 18.78->20.55 ssim 0.790
it   8000  loss 0.3562  lr 1.89e-04   14.3 min  |  PSNR mixture->modèle, SSIM : postcard 20.81->20.61 ssim 0.841  solid 24.02->25.34 ssim 0.915  wild 24.79->25.66 ssim 0.910  nature20 20.62->22.39 ssim 0.847  real20 18.78->20.82 ssim 0.792
it   8500  loss 0.4160  lr 1.10e-04   15.1 min  |  PSNR mixture->modèle, SSIM : postcard 20.81->21.56 ssim 0.858  solid 24.02->25.71 ssim 0.917  wild 24.79->25.87 ssim 0.913  nature20 20.62->22.28 ssim 0.846  real20 18.78->20.82 ssim 0.788
it   9000  loss 0.3086  lr 5.02e-05   16.0 min  |  PSNR mixture->modèle, SSIM : postcard 20.81->21.06 ssim 0.851  solid 24.02->25.58 ssim 0.916  wild 24.79->25.87 ssim 0.913  nature20 20.62->22.43 ssim 0.847  real20 18.78->20.82 ssim 0.791
it   9500  loss 0.3526  lr 1.29e-05   16.8 min  |  PSNR mixture->modèle, SSIM : postcard 20.81->21.35 ssim 0.855  solid 24.02->25.52 ssim 0.917  wild 24.79->25.84 ssim 0.913  nature20 20.62->22.36 ssim 0.846  real20 18.78->20.84 ssim 0.789
it  10000  FIN  17.7 min  |  postcard 20.81->21.18 ssim 0.853  solid 24.02->25.37 ssim 0.915  wild 24.79->25.82 ssim 0.913  nature20 20.62->22.40 ssim 0.846  real20 18.78->20.83 ssim 0.790
