=== vishigh_s1 ===
{
  "gpu": "5",
  "cfg": "sweep/vishigh_s1.json",
  "name": "vishigh_s1",
  "out": "runs",
  "force": true,
  "seed": 42020051,
  "ckpt": true,
  "dim": 32,
  "dim_mults": [
    1,
    2,
    4
  ],
  "channel": 3,
  "compile": false,
  "lr": 0.001,
  "iters": 10000,
  "eval_every": 500,
  "eval_batches": 100,
  "batch_size": 16,
  "workers": 6,
  "eval_workers": 3,
  "size": 224,
  "weights": [
    0.8,
    0.1,
    0.1
  ],
  "simulated": true,
  "tone": true,
  "npz_dir": "/home/damien/data_fivek_dng/simvis_high",
  "t_key": "t",
  "ev_jitter": [
    -1.9,
    0.9
  ],
  "pixel": 1.0,
  "perceptual": 0.1,
  "gradient": 0.1
}
1.3 M paramètres  |  device cuda  |  CUDA_VISIBLE_DEVICES=5
it      0  loss 0.4541  lr 4.00e-05    0.3 min  |  PSNR mixture->modèle, SSIM : postcard 20.81->20.84 ssim 0.864  solid 24.02->24.05 ssim 0.891  wild 24.79->24.82 ssim 0.893  nature20 20.62->20.64 ssim 0.828  real20 18.78->18.80 ssim 0.756
it    500  loss 0.4745  lr 1.04e-04    1.7 min  |  PSNR mixture->modèle, SSIM : postcard 20.81->18.92 ssim 0.823  solid 24.02->21.08 ssim 0.884  wild 24.79->24.51 ssim 0.899  nature20 20.62->20.99 ssim 0.832  real20 18.78->19.81 ssim 0.771
it   1000  loss 0.4601  lr 2.80e-04    3.1 min  |  PSNR mixture->modèle, SSIM : postcard 20.81->17.95 ssim 0.807  solid 24.02->20.98 ssim 0.880  wild 24.79->24.59 ssim 0.896  nature20 20.62->21.14 ssim 0.833  real20 18.78->19.86 ssim 0.776
it   1500  loss 0.4064  lr 5.20e-04    4.6 min  |  PSNR mixture->modèle, SSIM : postcard 20.81->18.45 ssim 0.810  solid 24.02->20.28 ssim 0.874  wild 24.79->24.22 ssim 0.896  nature20 20.62->20.89 ssim 0.827  real20 18.78->19.72 ssim 0.776
it   2000  loss 0.4808  lr 7.60e-04    6.0 min  |  PSNR mixture->modèle, SSIM : postcard 20.81->17.41 ssim 0.799  solid 24.02->20.08 ssim 0.873  wild 24.79->24.03 ssim 0.894  nature20 20.62->21.04 ssim 0.830  real20 18.78->19.68 ssim 0.773
it   2500  loss 0.4181  lr 9.36e-04    7.4 min  |  PSNR mixture->modèle, SSIM : postcard 20.81->17.02 ssim 0.795  solid 24.02->21.26 ssim 0.881  wild 24.79->24.77 ssim 0.898  nature20 20.62->21.61 ssim 0.833  real20 18.78->19.82 ssim 0.773
it   3000  loss 0.4015  lr 1.00e-03    8.9 min  |  PSNR mixture->modèle, SSIM : postcard 20.81->17.14 ssim 0.802  solid 24.02->21.63 ssim 0.885  wild 24.79->24.75 ssim 0.901  nature20 20.62->21.59 ssim 0.833  real20 18.78->20.11 ssim 0.782
it   3500  loss 0.3808  lr 9.88e-04   10.3 min  |  PSNR mixture->modèle, SSIM : postcard 20.81->15.87 ssim 0.785  solid 24.02->20.71 ssim 0.878  wild 24.79->24.51 ssim 0.896  nature20 20.62->21.54 ssim 0.830  real20 18.78->19.95 ssim 0.775
it   4000  loss 0.4103  lr 9.51e-04   11.7 min  |  PSNR mixture->modèle, SSIM : postcard 20.81->17.63 ssim 0.807  solid 24.02->21.04 ssim 0.884  wild 24.79->24.77 ssim 0.900  nature20 20.62->21.42 ssim 0.830  real20 18.78->20.17 ssim 0.778
it   4500  loss 0.4306  lr 8.91e-04   13.2 min  |  PSNR mixture->modèle, SSIM : postcard 20.81->18.81 ssim 0.824  solid 24.02->22.98 ssim 0.899  wild 24.79->24.99 ssim 0.900  nature20 20.62->21.65 ssim 0.835  real20 18.78->20.54 ssim 0.785
it   5000  loss 0.4007  lr 8.12e-04   14.6 min  |  PSNR mixture->modèle, SSIM : postcard 20.81->16.83 ssim 0.799  solid 24.02->21.46 ssim 0.893  wild 24.79->24.87 ssim 0.901  nature20 20.62->21.98 ssim 0.836  real20 18.78->20.22 ssim 0.775
it   5500  loss 0.4612  lr 7.18e-04   16.0 min  |  PSNR mixture->modèle, SSIM : postcard 20.81->17.70 ssim 0.803  solid 24.02->22.50 ssim 0.900  wild 24.79->25.17 ssim 0.905  nature20 20.62->21.97 ssim 0.830  real20 18.78->20.21 ssim 0.770
it   6000  loss 0.4734  lr 6.12e-04   17.5 min  |  PSNR mixture->modèle, SSIM : postcard 20.81->16.84 ssim 0.788  solid 24.02->22.05 ssim 0.891  wild 24.79->25.00 ssim 0.901  nature20 20.62->21.97 ssim 0.832  real20 18.78->20.30 ssim 0.773
it   6500  loss 0.4000  lr 5.01e-04   18.9 min  |  PSNR mixture->modèle, SSIM : postcard 20.81->18.26 ssim 0.820  solid 24.02->22.80 ssim 0.902  wild 24.79->25.45 ssim 0.907  nature20 20.62->22.33 ssim 0.843  real20 18.78->20.64 ssim 0.789
it   7000  loss 0.4038  lr 3.90e-04   20.3 min  |  PSNR mixture->modèle, SSIM : postcard 20.81->17.38 ssim 0.810  solid 24.02->23.49 ssim 0.906  wild 24.79->25.48 ssim 0.907  nature20 20.62->22.65 ssim 0.840  real20 18.78->20.49 ssim 0.783
it   7500  loss 0.3378  lr 2.84e-04   21.7 min  |  PSNR mixture->modèle, SSIM : postcard 20.81->18.01 ssim 0.818  solid 24.02->23.50 ssim 0.903  wild 24.79->25.11 ssim 0.901  nature20 20.62->22.41 ssim 0.843  real20 18.78->20.58 ssim 0.791
it   8000  loss 0.4153  lr 1.89e-04   23.2 min  |  PSNR mixture->modèle, SSIM : postcard 20.81->17.48 ssim 0.804  solid 24.02->23.11 ssim 0.900  wild 24.79->25.10 ssim 0.903  nature20 20.62->22.34 ssim 0.841  real20 18.78->20.57 ssim 0.782
it   8500  loss 0.4519  lr 1.10e-04   24.6 min  |  PSNR mixture->modèle, SSIM : postcard 20.81->17.19 ssim 0.798  solid 24.02->23.08 ssim 0.901  wild 24.79->25.18 ssim 0.906  nature20 20.62->22.78 ssim 0.843  real20 18.78->20.61 ssim 0.783
it   9000  loss 0.3893  lr 5.02e-05   26.0 min  |  PSNR mixture->modèle, SSIM : postcard 20.81->17.24 ssim 0.797  solid 24.02->23.23 ssim 0.901  wild 24.79->25.01 ssim 0.902  nature20 20.62->22.45 ssim 0.842  real20 18.78->20.58 ssim 0.783
it   9500  loss 0.3402  lr 1.29e-05   27.4 min  |  PSNR mixture->modèle, SSIM : postcard 20.81->17.36 ssim 0.800  solid 24.02->23.40 ssim 0.902  wild 24.79->25.07 ssim 0.904  nature20 20.62->22.62 ssim 0.843  real20 18.78->20.61 ssim 0.784
it  10000  FIN  28.8 min  |  postcard 20.81->17.19 ssim 0.796  solid 24.02->23.31 ssim 0.901  wild 24.79->25.13 ssim 0.904  nature20 20.62->22.67 ssim 0.843  real20 18.78->20.58 ssim 0.783
