=== vislow_s0 ===
{
  "gpu": "0",
  "cfg": "sweep/vislow_s0.json",
  "name": "vislow_s0",
  "out": "runs",
  "force": false,
  "seed": 0,
  "ckpt": true,
  "dim": 32,
  "dim_mults": [
    1,
    2,
    4
  ],
  "channel": 3,
  "compile": true,
  "lr": 0.001,
  "iters": 10000,
  "eval_every": 500,
  "eval_batches": 100,
  "batch_size": 16,
  "workers": 6,
  "eval_workers": 3,
  "size": 224,
  "weights": [
    0.8,
    0.1,
    0.1
  ],
  "simulated": true,
  "tone": true,
  "npz_dir": "/home/damien/data_fivek_dng/simvis_low",
  "t_key": "t",
  "ev_jitter": [
    -1.9,
    0.9
  ],
  "pixel": 1.0,
  "perceptual": 0.1,
  "gradient": 0.1
}
1.3 M paramètres  |  device cuda  |  CUDA_VISIBLE_DEVICES=0
it      0  loss 0.3402  lr 4.00e-05    1.0 min  |  PSNR mixture->modèle, SSIM : postcard 20.81->20.84 ssim 0.864  solid 24.02->24.05 ssim 0.891  wild 24.79->24.82 ssim 0.893  nature20 20.62->20.64 ssim 0.828  real20 18.78->18.80 ssim 0.756
it    500  loss 0.3306  lr 1.04e-04    1.8 min  |  PSNR mixture->modèle, SSIM : postcard 20.81->22.36 ssim 0.870  solid 24.02->25.15 ssim 0.908  wild 24.79->25.55 ssim 0.901  nature20 20.62->21.20 ssim 0.834  real20 18.78->19.74 ssim 0.774
it   1000  loss 0.3307  lr 2.80e-04    2.7 min  |  PSNR mixture->modèle, SSIM : postcard 20.81->22.71 ssim 0.871  solid 24.02->25.17 ssim 0.909  wild 24.79->25.37 ssim 0.902  nature20 20.62->21.25 ssim 0.832  real20 18.78->19.82 ssim 0.780
it   1500  loss 0.3460  lr 5.20e-04    3.5 min  |  PSNR mixture->modèle, SSIM : postcard 20.81->22.88 ssim 0.874  solid 24.02->25.51 ssim 0.912  wild 24.79->25.49 ssim 0.902  nature20 20.62->21.17 ssim 0.834  real20 18.78->19.69 ssim 0.776
it   2000  loss 0.3233  lr 7.60e-04    4.5 min  |  PSNR mixture->modèle, SSIM : postcard 20.81->22.79 ssim 0.874  solid 24.02->25.40 ssim 0.909  wild 24.79->25.66 ssim 0.904  nature20 20.62->21.20 ssim 0.835  real20 18.78->19.65 ssim 0.773
it   2500  loss 0.3376  lr 9.36e-04    5.8 min  |  PSNR mixture->modèle, SSIM : postcard 20.81->23.18 ssim 0.872  solid 24.02->25.87 ssim 0.915  wild 24.79->25.81 ssim 0.905  nature20 20.62->21.68 ssim 0.838  real20 18.78->19.97 ssim 0.776
it   3000  loss 0.3622  lr 1.00e-03    7.1 min  |  PSNR mixture->modèle, SSIM : postcard 20.81->23.20 ssim 0.874  solid 24.02->25.94 ssim 0.917  wild 24.79->25.90 ssim 0.908  nature20 20.62->21.85 ssim 0.839  real20 18.78->20.23 ssim 0.781
it   3500  loss 0.2790  lr 9.88e-04    8.9 min  |  PSNR mixture->modèle, SSIM : postcard 20.81->21.92 ssim 0.858  solid 24.02->25.96 ssim 0.916  wild 24.79->25.94 ssim 0.910  nature20 20.62->21.85 ssim 0.835  real20 18.78->20.34 ssim 0.780
it   4000  loss 0.3293  lr 9.51e-04   10.6 min  |  PSNR mixture->modèle, SSIM : postcard 20.81->22.83 ssim 0.868  solid 24.02->25.86 ssim 0.914  wild 24.79->25.84 ssim 0.907  nature20 20.62->21.74 ssim 0.840  real20 18.78->20.28 ssim 0.788
it   4500  loss 0.3471  lr 8.91e-04   12.3 min  |  PSNR mixture->modèle, SSIM : postcard 20.81->23.18 ssim 0.872  solid 24.02->25.91 ssim 0.916  wild 24.79->26.01 ssim 0.910  nature20 20.62->21.67 ssim 0.841  real20 18.78->20.33 ssim 0.787
it   5000  loss 0.2788  lr 8.12e-04   14.0 min  |  PSNR mixture->modèle, SSIM : postcard 20.81->23.77 ssim 0.883  solid 24.02->26.07 ssim 0.917  wild 24.79->26.02 ssim 0.910  nature20 20.62->21.55 ssim 0.840  real20 18.78->20.07 ssim 0.779
it   5500  loss 0.2957  lr 7.18e-04   15.7 min  |  PSNR mixture->modèle, SSIM : postcard 20.81->23.57 ssim 0.879  solid 24.02->26.30 ssim 0.921  wild 24.79->26.17 ssim 0.913  nature20 20.62->21.69 ssim 0.840  real20 18.78->20.46 ssim 0.784
it   6000  loss 0.2732  lr 6.12e-04   17.9 min  |  PSNR mixture->modèle, SSIM : postcard 20.81->23.56 ssim 0.882  solid 24.02->26.03 ssim 0.917  wild 24.79->26.13 ssim 0.913  nature20 20.62->21.85 ssim 0.842  real20 18.78->20.69 ssim 0.790
it   6500  loss 0.3143  lr 5.01e-04   19.7 min  |  PSNR mixture->modèle, SSIM : postcard 20.81->23.67 ssim 0.882  solid 24.02->26.24 ssim 0.917  wild 24.79->26.12 ssim 0.912  nature20 20.62->21.76 ssim 0.842  real20 18.78->20.55 ssim 0.792
it   7000  loss 0.2897  lr 3.90e-04   21.4 min  |  PSNR mixture->modèle, SSIM : postcard 20.81->23.50 ssim 0.878  solid 24.02->26.17 ssim 0.920  wild 24.79->26.07 ssim 0.913  nature20 20.62->21.68 ssim 0.842  real20 18.78->20.66 ssim 0.793
it   7500  loss 0.2884  lr 2.84e-04   23.1 min  |  PSNR mixture->modèle, SSIM : postcard 20.81->23.72 ssim 0.883  solid 24.02->26.18 ssim 0.919  wild 24.79->26.15 ssim 0.915  nature20 20.62->21.80 ssim 0.843  real20 18.78->20.70 ssim 0.795
it   8000  loss 0.2770  lr 1.89e-04   24.8 min  |  PSNR mixture->modèle, SSIM : postcard 20.81->23.63 ssim 0.883  solid 24.02->26.21 ssim 0.919  wild 24.79->26.22 ssim 0.915  nature20 20.62->21.88 ssim 0.843  real20 18.78->20.87 ssim 0.801
it   8500  loss 0.2709  lr 1.10e-04   26.3 min  |  PSNR mixture->modèle, SSIM : postcard 20.81->22.96 ssim 0.878  solid 24.02->26.27 ssim 0.921  wild 24.79->26.10 ssim 0.915  nature20 20.62->22.11 ssim 0.845  real20 18.78->21.00 ssim 0.801
it   9000  loss 0.2548  lr 5.02e-05   27.2 min  |  PSNR mixture->modèle, SSIM : postcard 20.81->23.33 ssim 0.879  solid 24.02->26.35 ssim 0.920  wild 24.79->26.29 ssim 0.916  nature20 20.62->21.89 ssim 0.844  real20 18.78->20.77 ssim 0.800
it   9500  loss 0.2466  lr 1.29e-05   28.1 min  |  PSNR mixture->modèle, SSIM : postcard 20.81->23.28 ssim 0.879  solid 24.02->26.30 ssim 0.921  wild 24.79->26.36 ssim 0.917  nature20 20.62->21.98 ssim 0.845  real20 18.78->20.86 ssim 0.801
it  10000  FIN  28.9 min  |  postcard 20.81->23.27 ssim 0.879  solid 24.02->26.32 ssim 0.920  wild 24.79->26.32 ssim 0.917  nature20 20.62->22.00 ssim 0.845  real20 18.78->20.86 ssim 0.801
