=== visrand_s1 ===
{
  "gpu": "2",
  "cfg": "sweep/visrand_s1.json",
  "name": "visrand_s1",
  "out": "runs",
  "force": true,
  "seed": 235567783,
  "ckpt": true,
  "dim": 32,
  "dim_mults": [
    1,
    2,
    4
  ],
  "channel": 3,
  "compile": false,
  "lr": 0.001,
  "iters": 10000,
  "eval_every": 500,
  "eval_batches": 100,
  "batch_size": 16,
  "workers": 6,
  "eval_workers": 3,
  "size": 224,
  "weights": [
    0.8,
    0.1,
    0.1
  ],
  "simulated": true,
  "tone": true,
  "npz_dir": "/home/damien/data_fivek_dng/simvis_rand",
  "t_key": "t",
  "ev_jitter": [
    -1.9,
    0.9
  ],
  "pixel": 1.0,
  "perceptual": 0.1,
  "gradient": 0.1
}
1.3 M paramètres  |  device cuda  |  CUDA_VISIBLE_DEVICES=2
it      0  loss 0.4753  lr 4.00e-05    0.3 min  |  PSNR mixture->modèle, SSIM : postcard 20.81->20.84 ssim 0.864  solid 24.02->24.05 ssim 0.891  wild 24.79->24.83 ssim 0.893  nature20 20.62->20.64 ssim 0.828  real20 18.78->18.80 ssim 0.756
it    500  loss 0.3674  lr 1.04e-04    1.8 min  |  PSNR mixture->modèle, SSIM : postcard 20.81->22.20 ssim 0.864  solid 24.02->24.13 ssim 0.906  wild 24.79->25.29 ssim 0.902  nature20 20.62->21.24 ssim 0.835  real20 18.78->19.84 ssim 0.777
it   1000  loss 0.4188  lr 2.80e-04    3.2 min  |  PSNR mixture->modèle, SSIM : postcard 20.81->22.40 ssim 0.867  solid 24.02->23.61 ssim 0.906  wild 24.79->24.77 ssim 0.899  nature20 20.62->21.13 ssim 0.834  real20 18.78->19.72 ssim 0.773
it   1500  loss 0.3383  lr 5.20e-04    4.7 min  |  PSNR mixture->modèle, SSIM : postcard 20.81->22.18 ssim 0.866  solid 24.02->24.13 ssim 0.907  wild 24.79->25.10 ssim 0.901  nature20 20.62->21.27 ssim 0.834  real20 18.78->19.88 ssim 0.777
it   2000  loss 0.4489  lr 7.60e-04    6.1 min  |  PSNR mixture->modèle, SSIM : postcard 20.81->21.76 ssim 0.858  solid 24.02->23.62 ssim 0.905  wild 24.79->24.95 ssim 0.899  nature20 20.62->21.20 ssim 0.832  real20 18.78->19.85 ssim 0.777
it   2500  loss 0.3796  lr 9.36e-04    7.5 min  |  PSNR mixture->modèle, SSIM : postcard 20.81->22.48 ssim 0.866  solid 24.02->24.41 ssim 0.907  wild 24.79->25.32 ssim 0.900  nature20 20.62->21.26 ssim 0.831  real20 18.78->19.86 ssim 0.777
it   3000  loss 0.3883  lr 1.00e-03    9.0 min  |  PSNR mixture->modèle, SSIM : postcard 20.81->21.10 ssim 0.841  solid 24.02->23.25 ssim 0.899  wild 24.79->25.34 ssim 0.900  nature20 20.62->21.57 ssim 0.833  real20 18.78->19.96 ssim 0.780
it   3500  loss 0.4443  lr 9.88e-04   10.4 min  |  PSNR mixture->modèle, SSIM : postcard 20.81->18.63 ssim 0.818  solid 24.02->22.54 ssim 0.898  wild 24.79->25.19 ssim 0.904  nature20 20.62->21.69 ssim 0.835  real20 18.78->19.98 ssim 0.778
it   4000  loss 0.3446  lr 9.51e-04   11.8 min  |  PSNR mixture->modèle, SSIM : postcard 20.81->20.74 ssim 0.846  solid 24.02->25.23 ssim 0.913  wild 24.79->25.47 ssim 0.905  nature20 20.62->21.78 ssim 0.833  real20 18.78->20.14 ssim 0.783
it   4500  loss 0.3179  lr 8.91e-04   13.3 min  |  PSNR mixture->modèle, SSIM : postcard 20.81->19.78 ssim 0.826  solid 24.02->23.50 ssim 0.900  wild 24.79->25.56 ssim 0.905  nature20 20.62->21.93 ssim 0.838  real20 18.78->20.10 ssim 0.780
it   5000  loss 0.3911  lr 8.12e-04   14.7 min  |  PSNR mixture->modèle, SSIM : postcard 20.81->19.19 ssim 0.827  solid 24.02->25.02 ssim 0.912  wild 24.79->25.42 ssim 0.905  nature20 20.62->22.24 ssim 0.841  real20 18.78->20.24 ssim 0.777
it   5500  loss 0.4226  lr 7.18e-04   16.2 min  |  PSNR mixture->modèle, SSIM : postcard 20.81->18.50 ssim 0.813  solid 24.02->22.96 ssim 0.900  wild 24.79->25.24 ssim 0.904  nature20 20.62->22.08 ssim 0.839  real20 18.78->20.40 ssim 0.783
it   6000  loss 0.3425  lr 6.12e-04   17.6 min  |  PSNR mixture->modèle, SSIM : postcard 20.81->19.47 ssim 0.822  solid 24.02->23.30 ssim 0.902  wild 24.79->25.61 ssim 0.907  nature20 20.62->22.59 ssim 0.845  real20 18.78->20.58 ssim 0.786
it   6500  loss 0.3371  lr 5.01e-04   19.0 min  |  PSNR mixture->modèle, SSIM : postcard 20.81->19.88 ssim 0.833  solid 24.02->25.30 ssim 0.915  wild 24.79->25.55 ssim 0.908  nature20 20.62->22.51 ssim 0.845  real20 18.78->20.51 ssim 0.784
it   7000  loss 0.3434  lr 3.90e-04   20.5 min  |  PSNR mixture->modèle, SSIM : postcard 20.81->20.41 ssim 0.847  solid 24.02->24.77 ssim 0.913  wild 24.79->25.36 ssim 0.906  nature20 20.62->21.91 ssim 0.841  real20 18.78->20.55 ssim 0.786
it   7500  loss 0.3550  lr 2.84e-04   21.9 min  |  PSNR mixture->modèle, SSIM : postcard 20.81->19.54 ssim 0.836  solid 24.02->25.28 ssim 0.915  wild 24.79->25.66 ssim 0.910  nature20 20.62->22.64 ssim 0.845  real20 18.78->20.76 ssim 0.788
it   8000  loss 0.4025  lr 1.89e-04   23.3 min  |  PSNR mixture->modèle, SSIM : postcard 20.81->22.00 ssim 0.865  solid 24.02->25.45 ssim 0.916  wild 24.79->25.89 ssim 0.912  nature20 20.62->22.37 ssim 0.846  real20 18.78->20.56 ssim 0.785
it   8500  loss 0.3543  lr 1.10e-04   24.7 min  |  PSNR mixture->modèle, SSIM : postcard 20.81->21.64 ssim 0.860  solid 24.02->25.37 ssim 0.916  wild 24.79->25.81 ssim 0.911  nature20 20.62->22.64 ssim 0.845  real20 18.78->20.70 ssim 0.785
it   9000  loss 0.3288  lr 5.02e-05   26.2 min  |  PSNR mixture->modèle, SSIM : postcard 20.81->20.65 ssim 0.850  solid 24.02->24.96 ssim 0.913  wild 24.79->25.66 ssim 0.910  nature20 20.62->22.68 ssim 0.845  real20 18.78->20.70 ssim 0.788
it   9500  loss 0.3434  lr 1.29e-05   27.6 min  |  PSNR mixture->modèle, SSIM : postcard 20.81->21.13 ssim 0.856  solid 24.02->25.40 ssim 0.915  wild 24.79->25.72 ssim 0.911  nature20 20.62->22.56 ssim 0.846  real20 18.78->20.67 ssim 0.788
it  10000  FIN  29.0 min  |  postcard 20.81->21.19 ssim 0.856  solid 24.02->25.41 ssim 0.915  wild 24.79->25.76 ssim 0.911  nature20 20.62->22.59 ssim 0.846  real20 18.78->20.70 ssim 0.787
