=== VOConly_seed0 ===
{
  "gpu": "5",
  "cfg": "sweep/VOConly_seed0.json",
  "name": "VOConly_seed0",
  "out": "runs",
  "force": false,
  "seed": 0,
  "ckpt": false,
  "dim": 32,
  "dim_mults": [
    1,
    2,
    4
  ],
  "channel": 3,
  "compile": true,
  "lr": 0.001,
  "iters": 10000,
  "eval_every": 500,
  "eval_batches": 100,
  "batch_size": 16,
  "workers": 6,
  "eval_workers": 3,
  "size": 224,
  "weights": [
    1.0,
    0.0,
    0.0
  ],
  "simulated": false,
  "tone": true,
  "npz_dir": "/home/damien/data_fivek_dng/simulated",
  "t_key": "t",
  "ev_jitter": [
    -1.9,
    0.9
  ],
  "pixel": 1.0,
  "perceptual": 0.1,
  "gradient": 0.1
}
1.3 M paramètres  |  device cuda  |  CUDA_VISIBLE_DEVICES=5
it      0  loss 0.4916  lr 4.00e-05    1.1 min  |  PSNR mixture->modèle, SSIM : postcard 20.81->20.84 ssim 0.864  solid 24.02->24.05 ssim 0.890  wild 24.79->24.82 ssim 0.893  nature20 20.62->20.64 ssim 0.828  real20 18.78->18.80 ssim 0.755
it    500  loss 0.4871  lr 1.04e-04    1.9 min  |  PSNR mixture->modèle, SSIM : postcard 20.81->18.55 ssim 0.840  solid 24.02->21.19 ssim 0.875  wild 24.79->22.49 ssim 0.882  nature20 20.62->19.56 ssim 0.813  real20 18.78->18.76 ssim 0.743
it   1000  loss 0.5078  lr 2.80e-04    2.7 min  |  PSNR mixture->modèle, SSIM : postcard 20.81->17.62 ssim 0.816  solid 24.02->21.54 ssim 0.872  wild 24.79->21.83 ssim 0.865  nature20 20.62->18.35 ssim 0.769  real20 18.78->18.19 ssim 0.728
it   1500  loss 0.4461  lr 5.20e-04    4.2 min  |  PSNR mixture->modèle, SSIM : postcard 20.81->20.01 ssim 0.841  solid 24.02->21.84 ssim 0.872  wild 24.79->22.43 ssim 0.868  nature20 20.62->18.81 ssim 0.761  real20 18.78->18.81 ssim 0.732
it   2000  loss 0.3602  lr 7.60e-04    5.2 min  |  PSNR mixture->modèle, SSIM : postcard 20.81->19.50 ssim 0.835  solid 24.02->22.16 ssim 0.880  wild 24.79->22.13 ssim 0.850  nature20 20.62->18.17 ssim 0.726  real20 18.78->19.08 ssim 0.728
it   2500  loss 0.3764  lr 9.36e-04    6.1 min  |  PSNR mixture->modèle, SSIM : postcard 20.81->20.80 ssim 0.856  solid 24.02->22.63 ssim 0.886  wild 24.79->22.68 ssim 0.865  nature20 20.62->18.76 ssim 0.756  real20 18.78->19.25 ssim 0.739
it   3000  loss 0.3512  lr 1.00e-03    7.1 min  |  PSNR mixture->modèle, SSIM : postcard 20.81->20.79 ssim 0.858  solid 24.02->23.25 ssim 0.891  wild 24.79->23.68 ssim 0.885  nature20 20.62->19.64 ssim 0.777  real20 18.78->19.20 ssim 0.750
it   3500  loss 0.3619  lr 9.88e-04    8.0 min  |  PSNR mixture->modèle, SSIM : postcard 20.81->20.58 ssim 0.855  solid 24.02->23.49 ssim 0.894  wild 24.79->24.09 ssim 0.889  nature20 20.62->19.52 ssim 0.764  real20 18.78->19.15 ssim 0.751
it   4000  loss 0.2501  lr 9.51e-04    8.9 min  |  PSNR mixture->modèle, SSIM : postcard 20.81->21.18 ssim 0.861  solid 24.02->23.87 ssim 0.897  wild 24.79->24.57 ssim 0.895  nature20 20.62->19.93 ssim 0.777  real20 18.78->19.41 ssim 0.757
it   4500  loss 0.3081  lr 8.91e-04    9.7 min  |  PSNR mixture->modèle, SSIM : postcard 20.81->21.19 ssim 0.863  solid 24.02->24.12 ssim 0.895  wild 24.79->24.22 ssim 0.892  nature20 20.62->19.77 ssim 0.775  real20 18.78->19.33 ssim 0.763
it   5000  loss 0.2861  lr 8.12e-04   10.5 min  |  PSNR mixture->modèle, SSIM : postcard 20.81->21.33 ssim 0.865  solid 24.02->23.96 ssim 0.898  wild 24.79->24.45 ssim 0.894  nature20 20.62->19.57 ssim 0.769  real20 18.78->19.12 ssim 0.753
it   5500  loss 0.3028  lr 7.18e-04   11.4 min  |  PSNR mixture->modèle, SSIM : postcard 20.81->20.12 ssim 0.850  solid 24.02->23.72 ssim 0.896  wild 24.79->24.88 ssim 0.902  nature20 20.62->19.89 ssim 0.782  real20 18.78->19.67 ssim 0.767
it   6000  loss 0.2940  lr 6.12e-04   12.2 min  |  PSNR mixture->modèle, SSIM : postcard 20.81->19.18 ssim 0.845  solid 24.02->24.05 ssim 0.900  wild 24.79->23.83 ssim 0.890  nature20 20.62->19.46 ssim 0.776  real20 18.78->19.36 ssim 0.761
it   6500  loss 0.2629  lr 5.01e-04   13.0 min  |  PSNR mixture->modèle, SSIM : postcard 20.81->20.81 ssim 0.861  solid 24.02->24.37 ssim 0.902  wild 24.79->24.81 ssim 0.901  nature20 20.62->19.92 ssim 0.790  real20 18.78->20.33 ssim 0.775
it   7000  loss 0.2550  lr 3.90e-04   13.8 min  |  PSNR mixture->modèle, SSIM : postcard 20.81->21.47 ssim 0.866  solid 24.02->24.40 ssim 0.901  wild 24.79->24.79 ssim 0.900  nature20 20.62->19.92 ssim 0.790  real20 18.78->19.67 ssim 0.768
it   7500  loss 0.3162  lr 2.84e-04   14.7 min  |  PSNR mixture->modèle, SSIM : postcard 20.81->20.50 ssim 0.861  solid 24.02->24.13 ssim 0.899  wild 24.79->24.28 ssim 0.897  nature20 20.62->19.85 ssim 0.790  real20 18.78->19.79 ssim 0.770
it   8000  loss 0.2958  lr 1.89e-04   15.7 min  |  PSNR mixture->modèle, SSIM : postcard 20.81->19.78 ssim 0.848  solid 24.02->24.10 ssim 0.901  wild 24.79->23.98 ssim 0.892  nature20 20.62->19.48 ssim 0.783  real20 18.78->19.61 ssim 0.766
it   8500  loss 0.2599  lr 1.10e-04   16.5 min  |  PSNR mixture->modèle, SSIM : postcard 20.81->20.72 ssim 0.861  solid 24.02->24.31 ssim 0.901  wild 24.79->24.56 ssim 0.902  nature20 20.62->19.89 ssim 0.786  real20 18.78->20.01 ssim 0.773
it   9000  loss 0.2386  lr 5.02e-05   17.3 min  |  PSNR mixture->modèle, SSIM : postcard 20.81->20.47 ssim 0.857  solid 24.02->24.35 ssim 0.901  wild 24.79->24.29 ssim 0.894  nature20 20.62->19.92 ssim 0.787  real20 18.78->19.64 ssim 0.770
it   9500  loss 0.2417  lr 1.29e-05   18.2 min  |  PSNR mixture->modèle, SSIM : postcard 20.81->20.58 ssim 0.858  solid 24.02->24.37 ssim 0.902  wild 24.79->24.28 ssim 0.893  nature20 20.62->19.80 ssim 0.782  real20 18.78->19.72 ssim 0.769
it  10000  FIN  19.0 min  |  postcard 20.81->20.38 ssim 0.856  solid 24.02->24.36 ssim 0.902  wild 24.79->24.15 ssim 0.891  nature20 20.62->19.75 ssim 0.782  real20 18.78->19.73 ssim 0.769
