=== VOConly_seed2 ===
{
  "gpu": "5",
  "cfg": "sweep/VOConly_seed2.json",
  "name": "VOConly_seed2",
  "out": "runs",
  "force": false,
  "seed": 2,
  "ckpt": false,
  "dim": 32,
  "dim_mults": [
    1,
    2,
    4
  ],
  "channel": 3,
  "compile": true,
  "lr": 0.001,
  "iters": 10000,
  "eval_every": 500,
  "eval_batches": 100,
  "batch_size": 16,
  "workers": 6,
  "eval_workers": 3,
  "size": 224,
  "weights": [
    1.0,
    0.0,
    0.0
  ],
  "simulated": false,
  "tone": true,
  "npz_dir": "/home/damien/data_fivek_dng/simulated",
  "t_key": "t",
  "ev_jitter": [
    -1.9,
    0.9
  ],
  "pixel": 1.0,
  "perceptual": 0.1,
  "gradient": 0.1
}
1.3 M paramètres  |  device cuda  |  CUDA_VISIBLE_DEVICES=5
it      0  loss 0.4986  lr 4.00e-05    1.0 min  |  PSNR mixture->modèle, SSIM : postcard 20.81->20.85 ssim 0.864  solid 24.02->24.05 ssim 0.891  wild 24.79->24.82 ssim 0.893  nature20 20.62->20.64 ssim 0.828  real20 18.78->18.80 ssim 0.756
it    500  loss 0.5178  lr 1.04e-04    1.8 min  |  PSNR mixture->modèle, SSIM : postcard 20.81->18.73 ssim 0.845  solid 24.02->20.64 ssim 0.874  wild 24.79->22.81 ssim 0.889  nature20 20.62->19.75 ssim 0.815  real20 18.78->19.01 ssim 0.748
it   1000  loss 0.5105  lr 2.80e-04    2.6 min  |  PSNR mixture->modèle, SSIM : postcard 20.81->18.44 ssim 0.819  solid 24.02->20.47 ssim 0.865  wild 24.79->22.65 ssim 0.877  nature20 20.62->19.09 ssim 0.793  real20 18.78->18.72 ssim 0.737
it   1500  loss 0.3909  lr 5.20e-04    3.5 min  |  PSNR mixture->modèle, SSIM : postcard 20.81->18.50 ssim 0.833  solid 24.02->21.23 ssim 0.873  wild 24.79->21.97 ssim 0.863  nature20 20.62->18.46 ssim 0.753  real20 18.78->18.58 ssim 0.729
it   2000  loss 0.3684  lr 7.60e-04    4.3 min  |  PSNR mixture->modèle, SSIM : postcard 20.81->19.73 ssim 0.842  solid 24.02->21.46 ssim 0.876  wild 24.79->22.97 ssim 0.873  nature20 20.62->19.00 ssim 0.754  real20 18.78->19.22 ssim 0.739
it   2500  loss 0.4010  lr 9.36e-04    5.1 min  |  PSNR mixture->modèle, SSIM : postcard 20.81->20.12 ssim 0.851  solid 24.02->21.94 ssim 0.888  wild 24.79->23.24 ssim 0.884  nature20 20.62->19.00 ssim 0.768  real20 18.78->19.37 ssim 0.748
it   3000  loss 0.3458  lr 1.00e-03    6.0 min  |  PSNR mixture->modèle, SSIM : postcard 20.81->20.96 ssim 0.857  solid 24.02->23.31 ssim 0.892  wild 24.79->24.04 ssim 0.888  nature20 20.62->19.58 ssim 0.756  real20 18.78->19.20 ssim 0.747
it   3500  loss 0.3083  lr 9.88e-04    6.8 min  |  PSNR mixture->modèle, SSIM : postcard 20.81->20.82 ssim 0.857  solid 24.02->23.53 ssim 0.893  wild 24.79->24.17 ssim 0.886  nature20 20.62->19.72 ssim 0.770  real20 18.78->19.60 ssim 0.751
it   4000  loss 0.3508  lr 9.51e-04    7.6 min  |  PSNR mixture->modèle, SSIM : postcard 20.81->20.41 ssim 0.851  solid 24.02->23.24 ssim 0.889  wild 24.79->23.18 ssim 0.873  nature20 20.62->19.20 ssim 0.757  real20 18.78->19.19 ssim 0.741
it   4500  loss 0.3421  lr 8.91e-04    8.5 min  |  PSNR mixture->modèle, SSIM : postcard 20.81->20.19 ssim 0.852  solid 24.02->23.64 ssim 0.897  wild 24.79->24.46 ssim 0.887  nature20 20.62->19.38 ssim 0.762  real20 18.78->19.52 ssim 0.750
it   5000  loss 0.3001  lr 8.12e-04    9.3 min  |  PSNR mixture->modèle, SSIM : postcard 20.81->19.88 ssim 0.850  solid 24.02->23.44 ssim 0.895  wild 24.79->24.12 ssim 0.891  nature20 20.62->19.59 ssim 0.766  real20 18.78->19.90 ssim 0.764
it   5500  loss 0.3285  lr 7.18e-04   10.1 min  |  PSNR mixture->modèle, SSIM : postcard 20.81->20.51 ssim 0.855  solid 24.02->24.00 ssim 0.900  wild 24.79->24.90 ssim 0.901  nature20 20.62->19.56 ssim 0.779  real20 18.78->20.32 ssim 0.773
it   6000  loss 0.2564  lr 6.12e-04   11.0 min  |  PSNR mixture->modèle, SSIM : postcard 20.81->20.85 ssim 0.859  solid 24.02->23.62 ssim 0.896  wild 24.79->24.06 ssim 0.890  nature20 20.62->19.27 ssim 0.778  real20 18.78->19.43 ssim 0.766
it   6500  loss 0.2764  lr 5.01e-04   11.8 min  |  PSNR mixture->modèle, SSIM : postcard 20.81->21.23 ssim 0.860  solid 24.02->23.56 ssim 0.894  wild 24.79->24.72 ssim 0.896  nature20 20.62->19.40 ssim 0.765  real20 18.78->19.78 ssim 0.764
it   7000  loss 0.2592  lr 3.90e-04   12.6 min  |  PSNR mixture->modèle, SSIM : postcard 20.81->20.72 ssim 0.858  solid 24.02->24.24 ssim 0.901  wild 24.79->25.08 ssim 0.904  nature20 20.62->19.81 ssim 0.790  real20 18.78->19.80 ssim 0.771
it   7500  loss 0.2488  lr 2.84e-04   13.4 min  |  PSNR mixture->modèle, SSIM : postcard 20.81->20.41 ssim 0.856  solid 24.02->23.82 ssim 0.897  wild 24.79->24.37 ssim 0.898  nature20 20.62->19.42 ssim 0.781  real20 18.78->19.72 ssim 0.768
it   8000  loss 0.2609  lr 1.89e-04   14.3 min  |  PSNR mixture->modèle, SSIM : postcard 20.81->19.87 ssim 0.851  solid 24.02->23.76 ssim 0.899  wild 24.79->23.81 ssim 0.892  nature20 20.62->19.40 ssim 0.774  real20 18.78->19.57 ssim 0.767
it   8500  loss 0.2666  lr 1.10e-04   15.1 min  |  PSNR mixture->modèle, SSIM : postcard 20.81->20.67 ssim 0.860  solid 24.02->24.26 ssim 0.902  wild 24.79->24.19 ssim 0.891  nature20 20.62->19.36 ssim 0.776  real20 18.78->19.86 ssim 0.772
it   9000  loss 0.2582  lr 5.02e-05   15.9 min  |  PSNR mixture->modèle, SSIM : postcard 20.81->20.45 ssim 0.858  solid 24.02->24.11 ssim 0.900  wild 24.79->24.07 ssim 0.893  nature20 20.62->19.18 ssim 0.774  real20 18.78->19.80 ssim 0.772
it   9500  loss 0.2480  lr 1.29e-05   16.8 min  |  PSNR mixture->modèle, SSIM : postcard 20.81->20.71 ssim 0.860  solid 24.02->24.25 ssim 0.901  wild 24.79->24.43 ssim 0.898  nature20 20.62->19.47 ssim 0.780  real20 18.78->19.84 ssim 0.773
it  10000  FIN  17.6 min  |  postcard 20.81->20.74 ssim 0.860  solid 24.02->24.27 ssim 0.901  wild 24.79->24.40 ssim 0.898  nature20 20.62->19.47 ssim 0.782  real20 18.78->19.85 ssim 0.774
