=== VOConly_seed1 ===
{
  "gpu": "5",
  "cfg": "sweep/VOConly_seed1.json",
  "name": "VOConly_seed1",
  "out": "runs",
  "force": false,
  "seed": 1,
  "ckpt": false,
  "dim": 32,
  "dim_mults": [
    1,
    2,
    4
  ],
  "channel": 3,
  "compile": true,
  "lr": 0.001,
  "iters": 10000,
  "eval_every": 500,
  "eval_batches": 100,
  "batch_size": 16,
  "workers": 6,
  "eval_workers": 3,
  "size": 224,
  "weights": [
    1.0,
    0.0,
    0.0
  ],
  "simulated": false,
  "tone": true,
  "npz_dir": "/home/damien/data_fivek_dng/simulated",
  "t_key": "t",
  "ev_jitter": [
    -1.9,
    0.9
  ],
  "pixel": 1.0,
  "perceptual": 0.1,
  "gradient": 0.1
}
1.3 M paramètres  |  device cuda  |  CUDA_VISIBLE_DEVICES=5
it      0  loss 0.5018  lr 4.00e-05    1.0 min  |  PSNR mixture->modèle, SSIM : postcard 20.81->20.85 ssim 0.864  solid 24.02->24.06 ssim 0.891  wild 24.79->24.83 ssim 0.893  nature20 20.62->20.64 ssim 0.828  real20 18.78->18.81 ssim 0.756
it    500  loss 0.5334  lr 1.04e-04    1.9 min  |  PSNR mixture->modèle, SSIM : postcard 20.81->18.78 ssim 0.842  solid 24.02->20.78 ssim 0.873  wild 24.79->22.71 ssim 0.885  nature20 20.62->19.59 ssim 0.813  real20 18.78->18.91 ssim 0.745
it   1000  loss 0.4499  lr 2.80e-04    2.7 min  |  PSNR mixture->modèle, SSIM : postcard 20.81->18.22 ssim 0.824  solid 24.02->21.41 ssim 0.875  wild 24.79->23.50 ssim 0.885  nature20 20.62->19.46 ssim 0.791  real20 18.78->18.71 ssim 0.735
it   1500  loss 0.3876  lr 5.20e-04    3.6 min  |  PSNR mixture->modèle, SSIM : postcard 20.81->20.48 ssim 0.852  solid 24.02->22.41 ssim 0.886  wild 24.79->23.69 ssim 0.888  nature20 20.62->19.39 ssim 0.784  real20 18.78->19.12 ssim 0.746
it   2000  loss 0.4517  lr 7.60e-04    4.4 min  |  PSNR mixture->modèle, SSIM : postcard 20.81->17.83 ssim 0.819  solid 24.02->21.10 ssim 0.870  wild 24.79->21.70 ssim 0.863  nature20 20.62->17.97 ssim 0.737  real20 18.78->18.41 ssim 0.720
it   2500  loss 0.3819  lr 9.36e-04    5.2 min  |  PSNR mixture->modèle, SSIM : postcard 20.81->20.73 ssim 0.851  solid 24.02->22.64 ssim 0.886  wild 24.79->24.01 ssim 0.890  nature20 20.62->19.23 ssim 0.768  real20 18.78->19.35 ssim 0.746
it   3000  loss 0.3601  lr 1.00e-03    6.0 min  |  PSNR mixture->modèle, SSIM : postcard 20.81->18.81 ssim 0.835  solid 24.02->22.39 ssim 0.884  wild 24.79->22.98 ssim 0.877  nature20 20.62->18.54 ssim 0.755  real20 18.78->19.12 ssim 0.753
it   3500  loss 0.3563  lr 9.88e-04    6.9 min  |  PSNR mixture->modèle, SSIM : postcard 20.81->18.93 ssim 0.844  solid 24.02->22.29 ssim 0.884  wild 24.79->23.19 ssim 0.881  nature20 20.62->18.78 ssim 0.761  real20 18.78->18.98 ssim 0.749
it   4000  loss 0.3509  lr 9.51e-04    7.7 min  |  PSNR mixture->modèle, SSIM : postcard 20.81->21.02 ssim 0.860  solid 24.02->23.57 ssim 0.892  wild 24.79->24.44 ssim 0.895  nature20 20.62->19.68 ssim 0.769  real20 18.78->19.41 ssim 0.762
it   4500  loss 0.2920  lr 8.91e-04    8.5 min  |  PSNR mixture->modèle, SSIM : postcard 20.81->21.28 ssim 0.863  solid 24.02->23.82 ssim 0.894  wild 24.79->24.34 ssim 0.895  nature20 20.62->19.78 ssim 0.787  real20 18.78->19.28 ssim 0.762
it   5000  loss 0.3187  lr 8.12e-04    9.4 min  |  PSNR mixture->modèle, SSIM : postcard 20.81->19.98 ssim 0.850  solid 24.02->23.44 ssim 0.894  wild 24.79->23.88 ssim 0.891  nature20 20.62->19.31 ssim 0.766  real20 18.78->19.59 ssim 0.758
it   5500  loss 0.2894  lr 7.18e-04   10.2 min  |  PSNR mixture->modèle, SSIM : postcard 20.81->20.46 ssim 0.855  solid 24.02->23.61 ssim 0.896  wild 24.79->23.31 ssim 0.881  nature20 20.62->19.21 ssim 0.766  real20 18.78->19.15 ssim 0.749
it   6000  loss 0.3130  lr 6.12e-04   11.0 min  |  PSNR mixture->modèle, SSIM : postcard 20.81->20.49 ssim 0.860  solid 24.02->23.96 ssim 0.901  wild 24.79->23.79 ssim 0.892  nature20 20.62->19.77 ssim 0.795  real20 18.78->19.57 ssim 0.763
it   6500  loss 0.2734  lr 5.01e-04   11.8 min  |  PSNR mixture->modèle, SSIM : postcard 20.81->20.86 ssim 0.860  solid 24.02->23.92 ssim 0.901  wild 24.79->24.32 ssim 0.895  nature20 20.62->19.44 ssim 0.779  real20 18.78->19.78 ssim 0.762
it   7000  loss 0.2758  lr 3.90e-04   12.7 min  |  PSNR mixture->modèle, SSIM : postcard 20.81->21.27 ssim 0.862  solid 24.02->24.21 ssim 0.899  wild 24.79->24.37 ssim 0.896  nature20 20.62->19.64 ssim 0.786  real20 18.78->19.85 ssim 0.771
it   7500  loss 0.2925  lr 2.84e-04   13.5 min  |  PSNR mixture->modèle, SSIM : postcard 20.81->20.54 ssim 0.856  solid 24.02->23.93 ssim 0.899  wild 24.79->23.97 ssim 0.892  nature20 20.62->19.59 ssim 0.782  real20 18.78->19.81 ssim 0.768
it   8000  loss 0.2813  lr 1.89e-04   14.3 min  |  PSNR mixture->modèle, SSIM : postcard 20.81->20.73 ssim 0.860  solid 24.02->24.27 ssim 0.900  wild 24.79->24.24 ssim 0.895  nature20 20.62->19.46 ssim 0.784  real20 18.78->19.77 ssim 0.773
it   8500  loss 0.2456  lr 1.10e-04   15.2 min  |  PSNR mixture->modèle, SSIM : postcard 20.81->21.01 ssim 0.864  solid 24.02->24.29 ssim 0.900  wild 24.79->24.23 ssim 0.896  nature20 20.62->19.70 ssim 0.792  real20 18.78->19.86 ssim 0.772
it   9000  loss 0.2708  lr 5.02e-05   16.0 min  |  PSNR mixture->modèle, SSIM : postcard 20.81->20.55 ssim 0.860  solid 24.02->24.26 ssim 0.902  wild 24.79->24.01 ssim 0.894  nature20 20.62->19.45 ssim 0.780  real20 18.78->20.00 ssim 0.773
it   9500  loss 0.2561  lr 1.29e-05   16.8 min  |  PSNR mixture->modèle, SSIM : postcard 20.81->20.04 ssim 0.854  solid 24.02->24.12 ssim 0.900  wild 24.79->23.87 ssim 0.892  nature20 20.62->19.45 ssim 0.786  real20 18.78->19.89 ssim 0.772
it  10000  FIN  17.6 min  |  postcard 20.81->20.30 ssim 0.856  solid 24.02->24.18 ssim 0.901  wild 24.79->23.95 ssim 0.893  nature20 20.62->19.45 ssim 0.786  real20 18.78->19.89 ssim 0.773
