=== VOCseed_1 ===
{
  "gpu": "5",
  "cfg": "sweep/VOCseed_1.json",
  "name": "VOCseed_1",
  "out": "runs",
  "force": false,
  "seed": 1,
  "ckpt": false,
  "dim": 32,
  "dim_mults": [
    1,
    2,
    4
  ],
  "channel": 3,
  "compile": true,
  "lr": 0.001,
  "iters": 10000,
  "eval_every": 500,
  "eval_batches": 100,
  "batch_size": 16,
  "workers": 6,
  "eval_workers": 3,
  "size": 224,
  "weights": [
    0.8,
    0.1,
    0.1
  ],
  "simulated": false,
  "tone": true,
  "npz_dir": "/home/damien/data_fivek_dng/simulated",
  "t_key": "t",
  "ev_jitter": [
    -1.9,
    0.9
  ],
  "pixel": 1.0,
  "perceptual": 0.1,
  "gradient": 0.1
}
1.3 M paramètres  |  device cuda  |  CUDA_VISIBLE_DEVICES=5
it      0  loss 0.4943  lr 4.00e-05    0.3 min  |  PSNR mixture->modèle, SSIM : postcard 20.81->20.85 ssim 0.864  solid 24.02->24.05 ssim 0.891  wild 24.79->24.83 ssim 0.893  nature20 20.62->20.64 ssim 0.828  real20 18.78->18.80 ssim 0.756
it    500  loss 0.4760  lr 1.04e-04    1.1 min  |  PSNR mixture->modèle, SSIM : postcard 20.81->19.27 ssim 0.848  solid 24.02->21.56 ssim 0.883  wild 24.79->23.89 ssim 0.895  nature20 20.62->20.47 ssim 0.825  real20 18.78->19.38 ssim 0.756
it   1000  loss 0.4653  lr 2.80e-04    2.0 min  |  PSNR mixture->modèle, SSIM : postcard 20.81->20.27 ssim 0.850  solid 24.02->21.86 ssim 0.879  wild 24.79->23.95 ssim 0.888  nature20 20.62->19.98 ssim 0.820  real20 18.78->19.15 ssim 0.750
it   1500  loss 0.5095  lr 5.20e-04    2.8 min  |  PSNR mixture->modèle, SSIM : postcard 20.81->20.85 ssim 0.854  solid 24.02->22.80 ssim 0.887  wild 24.79->24.58 ssim 0.895  nature20 20.62->20.26 ssim 0.817  real20 18.78->19.39 ssim 0.759
it   2000  loss 0.3762  lr 7.60e-04    3.6 min  |  PSNR mixture->modèle, SSIM : postcard 20.81->20.53 ssim 0.852  solid 24.02->23.02 ssim 0.889  wild 24.79->24.35 ssim 0.894  nature20 20.62->20.00 ssim 0.791  real20 18.78->19.51 ssim 0.758
it   2500  loss 0.4004  lr 9.36e-04    4.4 min  |  PSNR mixture->modèle, SSIM : postcard 20.81->20.80 ssim 0.860  solid 24.02->23.17 ssim 0.895  wild 24.79->24.51 ssim 0.895  nature20 20.62->20.05 ssim 0.782  real20 18.78->19.85 ssim 0.760
it   3000  loss 0.3553  lr 1.00e-03    5.3 min  |  PSNR mixture->modèle, SSIM : postcard 20.81->21.32 ssim 0.862  solid 24.02->23.95 ssim 0.897  wild 24.79->24.60 ssim 0.896  nature20 20.62->20.38 ssim 0.804  real20 18.78->19.61 ssim 0.767
it   3500  loss 0.3831  lr 9.88e-04    6.1 min  |  PSNR mixture->modèle, SSIM : postcard 20.81->21.41 ssim 0.866  solid 24.02->23.57 ssim 0.900  wild 24.79->25.27 ssim 0.902  nature20 20.62->20.24 ssim 0.784  real20 18.78->19.87 ssim 0.766
it   4000  loss 0.3591  lr 9.51e-04    6.9 min  |  PSNR mixture->modèle, SSIM : postcard 20.81->21.12 ssim 0.862  solid 24.02->24.14 ssim 0.899  wild 24.79->25.30 ssim 0.906  nature20 20.62->20.57 ssim 0.810  real20 18.78->19.73 ssim 0.771
it   4500  loss 0.3500  lr 8.91e-04    7.7 min  |  PSNR mixture->modèle, SSIM : postcard 20.81->21.48 ssim 0.864  solid 24.02->24.16 ssim 0.897  wild 24.79->25.40 ssim 0.907  nature20 20.62->20.56 ssim 0.810  real20 18.78->19.84 ssim 0.768
it   5000  loss 0.3433  lr 8.12e-04    8.6 min  |  PSNR mixture->modèle, SSIM : postcard 20.81->20.79 ssim 0.861  solid 24.02->24.91 ssim 0.906  wild 24.79->25.69 ssim 0.911  nature20 20.62->21.02 ssim 0.829  real20 18.78->20.05 ssim 0.778
it   5500  loss 0.2796  lr 7.18e-04    9.4 min  |  PSNR mixture->modèle, SSIM : postcard 20.81->20.01 ssim 0.854  solid 24.02->24.44 ssim 0.902  wild 24.79->25.42 ssim 0.906  nature20 20.62->21.06 ssim 0.828  real20 18.78->20.45 ssim 0.777
it   6000  loss 0.3108  lr 6.12e-04   10.2 min  |  PSNR mixture->modèle, SSIM : postcard 20.81->21.71 ssim 0.868  solid 24.02->24.96 ssim 0.908  wild 24.79->25.89 ssim 0.909  nature20 20.62->21.29 ssim 0.816  real20 18.78->20.56 ssim 0.778
it   6500  loss 0.3268  lr 5.01e-04   11.0 min  |  PSNR mixture->modèle, SSIM : postcard 20.81->22.00 ssim 0.865  solid 24.02->25.10 ssim 0.908  wild 24.79->25.16 ssim 0.894  nature20 20.62->21.77 ssim 0.834  real20 18.78->20.22 ssim 0.785
it   7000  loss 0.2939  lr 3.90e-04   11.9 min  |  PSNR mixture->modèle, SSIM : postcard 20.81->21.36 ssim 0.863  solid 24.02->25.48 ssim 0.913  wild 24.79->25.68 ssim 0.911  nature20 20.62->21.89 ssim 0.834  real20 18.78->20.79 ssim 0.787
it   7500  loss 0.3885  lr 2.84e-04   12.7 min  |  PSNR mixture->modèle, SSIM : postcard 20.81->20.32 ssim 0.854  solid 24.02->25.18 ssim 0.908  wild 24.79->24.90 ssim 0.896  nature20 20.62->21.61 ssim 0.833  real20 18.78->20.20 ssim 0.779
it   8000  loss 0.2722  lr 1.89e-04   13.6 min  |  PSNR mixture->modèle, SSIM : postcard 20.81->20.75 ssim 0.858  solid 24.02->25.19 ssim 0.909  wild 24.79->25.29 ssim 0.906  nature20 20.62->21.60 ssim 0.837  real20 18.78->20.39 ssim 0.781
it   8500  loss 0.2743  lr 1.10e-04   14.4 min  |  PSNR mixture->modèle, SSIM : postcard 20.81->18.86 ssim 0.844  solid 24.02->25.29 ssim 0.911  wild 24.79->25.02 ssim 0.900  nature20 20.62->21.97 ssim 0.839  real20 18.78->20.57 ssim 0.785
it   9000  loss 0.3118  lr 5.02e-05   15.2 min  |  PSNR mixture->modèle, SSIM : postcard 20.81->20.57 ssim 0.859  solid 24.02->25.61 ssim 0.914  wild 24.79->25.48 ssim 0.904  nature20 20.62->21.93 ssim 0.840  real20 18.78->20.52 ssim 0.787
it   9500  loss 0.3051  lr 1.29e-05   16.0 min  |  PSNR mixture->modèle, SSIM : postcard 20.81->19.57 ssim 0.850  solid 24.02->25.54 ssim 0.913  wild 24.79->25.28 ssim 0.903  nature20 20.62->22.03 ssim 0.839  real20 18.78->20.58 ssim 0.786
it  10000  FIN  16.9 min  |  postcard 20.81->19.68 ssim 0.851  solid 24.02->25.57 ssim 0.913  wild 24.79->25.25 ssim 0.903  nature20 20.62->22.04 ssim 0.840  real20 18.78->20.53 ssim 0.786
